******************************************************************************
                  TI ARM Linker PC v20.2.7                     
******************************************************************************
>> Linked Tue Jan 24 23:26:12 2023

OUTPUT FILE NAME:   <Assignment_1.out>
ENTRY POINT SYMBOL: "_c_int00_noargs"  address: 000039f9


MEMORY CONFIGURATION

         name            origin    length      used     unused   attr    fill
----------------------  --------  ---------  --------  --------  ----  --------
  MAIN                  00000000   00040000  000041f8  0003be08  R  X
  INFO                  00200000   00004000  00000000  00004000  R  X
  SRAM_CODE             01000000   00010000  000009fa  0000f606  RW X
  SRAM_DATA             20000000   00010000  000009fa  0000f606  RW  


SEGMENT ALLOCATION MAP

run origin  load origin   length   init length attrs members
----------  ----------- ---------- ----------- ----- -------
00000000    00000000    000041f8   000041f8    r-x
  00000000    00000000    000000e4   000000e4    r-- .intvecs
  000000e4    000000e4    00003ea8   00003ea8    r-x .text
  00003f8c    00003f8c    000001cc   000001cc    r-- .const
  00004158    00004158    000000a0   000000a0    r-- .cinit
20000000    20000000    000007fa   00000000    rw-
  20000000    20000000    00000400   00000000    rw- .sysmem
  20000400    20000400    00000210   00000000    rw- .data
  20000610    20000610    000001ea   00000000    rw- .bss
2000fe00    2000fe00    00000200   00000000    rw-
  2000fe00    2000fe00    00000200   00000000    rw- .stack


SECTION ALLOCATION MAP

 output                                  attributes/
section   page    origin      length       input sections
--------  ----  ----------  ----------   ----------------
.intvecs   0    00000000    000000e4     
                  00000000    000000e4     startup_msp432p401r_ccs.obj (.intvecs:retain)

.text      0    000000e4    00003ea8     
                  000000e4    00000a4e     rtsv7M4_T_le_v4SPD16_eabi.lib : _printfi.c.obj (.text:__TI_printfi)
                  00000b32    00000002                                   : _lock.c.obj (.text:_nop)
                  00000b34    00000410     main.obj (.text)
                  00000f44    00000334     system_msp432p401r.obj (.text)
                  00001278    00000270     rtsv7M4_T_le_v4SPD16_eabi.lib : _printfi.c.obj (.text:_pconv_a)
                  000014e8    000001d0                                   : _printfi.c.obj (.text:_pconv_g)
                  000016b8    000001b6                                   : fd_add_t2.asm.obj (.text)
                  0000186e    00000002                                   : div0.asm.obj (.text)
                  00001870    00000160     msp432p4xx_driverlib.lib : adc14.o (.text:_getIndexForMemRegister)
                  000019d0    00000144                              : timer_a.o (.text:privateTimer_AProcessClockSourceDivider)
                  00001b14    0000013c     rtsv7M4_T_le_v4SPD16_eabi.lib : _printfi.c.obj (.text:_pconv_e)
                  00001c50    00000136                                   : fd_div_t2.asm.obj (.text)
                  00001d86    00000002     --HOLE-- [fill = 0]
                  00001d88    00000130     msp432p4xx_driverlib.lib : cs.o (.text:CS_initClockSignal)
                  00001eb8    00000124     rtsv7M4_T_le_v4SPD16_eabi.lib : _printfi.c.obj (.text:fcvt)
                  00001fdc    00000114                                   : fputs.c.obj (.text:fputs)
                  000020f0    00000110                                   : s_scalbn.c.obj (.text:scalbn)
                  00002200    00000104     msp432p4xx_driverlib.lib : cs.o (.text:_CSComputeCLKFrequency)
                  00002304    00000100     rtsv7M4_T_le_v4SPD16_eabi.lib : memory.c.obj (.text:aligned_alloc)
                  00002404    000000fc                                   : fd_mul_t2.asm.obj (.text)
                  00002500    000000f8     msp432p4xx_driverlib.lib : cs.o (.text:CS_getDCOFrequency)
                  000025f8    000000e4     rtsv7M4_T_le_v4SPD16_eabi.lib : memory.c.obj (.text:free)
                  000026dc    000000dc                                   : setvbuf.c.obj (.text:setvbuf)
                  000027b8    000000b4     msp432p4xx_driverlib.lib : adc14.o (.text:ADC14_configureConversionMemory)
                  0000286c    000000b1     rtsv7M4_T_le_v4SPD16_eabi.lib : _printfi.c.obj (.text:_ltostr)
                  0000291d    00000001     --HOLE-- [fill = 0]
                  0000291e    0000009c                                   : memcpy_t2.asm.obj (.text)
                  000029ba    00000096                                   : ull_div_t2.asm.obj (.text)
                  00002a50    00000094     msp432p4xx_driverlib.lib : sysctl_a.o (.text:SysCtl_A_getTLVInfo)
                  00002ae4    0000008c     rtsv7M4_T_le_v4SPD16_eabi.lib : fputc.c.obj (.text:fputc)
                  00002b70    00000086                                   : fd_cmp_t2.asm.obj (.text:__aeabi_cdcmple)
                  00002bf6    00000086                                   : fd_cmp_t2.asm.obj (.text:__aeabi_cdrcmple)
                  00002c7c    00000080     msp432p4xx_driverlib.lib : interrupt.o (.text:Interrupt_enableInterrupt)
                  00002cfc    0000007c                              : cs.o (.text:_CSGetDOCFrequency)
                  00002d78    0000007a     rtsv7M4_T_le_v4SPD16_eabi.lib : memset_t2.asm.obj (.text)
                  00002df2    00000002     --HOLE-- [fill = 0]
                  00002df4    00000074                                   : fclose.c.obj (.text:__TI_closefile)
                  00002e68    00000070                                   : memory.c.obj (.text:split)
                  00002ed8    0000006e                                   : _printfi.c.obj (.text:_mcpy)
                  00002f46    00000002     --HOLE-- [fill = 0]
                  00002f48    0000006c                                   : hostrename.c.obj (.text:HOSTrename)
                  00002fb4    00000068                                   : hostlseek.c.obj (.text:HOSTlseek)
                  0000301c    00000068                                   : copy_decompress_lzss.c.obj (.text:decompress:lzss:__TI_decompress_lzss)
                  00003084    00000068                                   : printf.c.obj (.text:printf)
                  000030ec    00000064                                   : s_frexp.c.obj (.text:frexp)
                  00003150    00000064                                   : fseek.c.obj (.text:fseek)
                  000031b4    00000062     msp432p4xx_driverlib.lib : cs.o (.text:_CSGetDividerValue)
                  00003216    00000062     rtsv7M4_T_le_v4SPD16_eabi.lib : _io_perm.c.obj (.text:__TI_wrt_ok)
                  00003278    00000060                                   : hostopen.c.obj (.text:HOSTopen)
                  000032d8    0000005c                                   : close.c.obj (.text:close)
                  00003334    00000058     msp432p4xx_driverlib.lib : adc14.o (.text:ADC14_configureSingleSampleMode)
                  0000338c    00000058     rtsv7M4_T_le_v4SPD16_eabi.lib : hostread.c.obj (.text:HOSTread)
                  000033e4    00000058                                   : hostwrite.c.obj (.text:HOSTwrite)
                  0000343c    00000056                                   : _printfi.c.obj (.text:_pconv_f)
                  00003492    00000002     --HOLE-- [fill = 0]
                  00003494    00000054     msp432p4xx_driverlib.lib : adc14.o (.text:ADC14_initModule)
                  000034e8    00000054     rtsv7M4_T_le_v4SPD16_eabi.lib : _ltoa.c.obj (.text:__TI_ltoa)
                  0000353c    00000052                                   : _printfi.c.obj (.text:_ecpy)
                  0000358e    0000004c                                   : fflush.c.obj (.text:__TI_doflush)
                  000035da    00000002     --HOLE-- [fill = 0]
                  000035dc    0000004c                                   : atoi.c.obj (.text:atoi)
                  00003628    00000048                                   : exit.c.obj (.text:exit)
                  00003670    00000048                                   : fd_toi_t2.asm.obj (.text)
                  000036b8    00000044                                   : hostclose.c.obj (.text:HOSTclose)
                  000036fc    00000044                                   : hostunlink.c.obj (.text:HOSTunlink)
                  00003740    00000044                                   : autoinit.c.obj (.text:__TI_auto_init_nobinit_nopinit:__TI_auto_init_nobinit_nopinit)
                  00003784    00000044                                   : getdevice.c.obj (.text:getdevice)
                  000037c8    00000040     msp432p4xx_driverlib.lib : gpio.o (.text:GPIO_setAsOutputPin)
                  00003808    0000003e     rtsv7M4_T_le_v4SPD16_eabi.lib : _printfi.c.obj (.text:_fcpy)
                  00003846    00000002     --HOLE-- [fill = 0]
                  00003848    00000038     msp432p4xx_driverlib.lib : adc14.o (.text:ADC14_getEnabledInterruptStatus)
                  00003880    00000038     rtsv7M4_T_le_v4SPD16_eabi.lib : trgmsg.c.obj (.text:__TI_writemsg)
                  000038b8    00000038                                   : fs_tod_t2.asm.obj (.text)
                  000038f0    00000036                                   : strncpy.c.obj (.text:strncpy)
                  00003926    00000002     --HOLE-- [fill = 0]
                  00003928    00000034     msp432p4xx_driverlib.lib : adc14.o (.text:ADC14_enableSampleTimer)
                  0000395c    00000034                              : timer_a.o (.text:Timer_A_configureContinuousMode)
                  00003990    00000034     rtsv7M4_T_le_v4SPD16_eabi.lib : fopen.c.obj (.text:__TI_cleanup)
                  000039c4    00000034                                   : trgmsg.c.obj (.text:__TI_readmsg)
                  000039f8    00000034                                   : boot_cortex_m.c.obj (.text:_c_int00_noargs:_c_int00_noargs)
                  00003a2c    00000030     msp432p4xx_driverlib.lib : adc14.o (.text:ADC14_clearInterruptFlag)
                  00003a5c    00000030                              : adc14.o (.text:ADC14_enableInterrupt)
                  00003a8c    00000030                              : adc14.o (.text:ADC14_setSampleHoldTime)
                  00003abc    00000030                              : cs.o (.text:CS_clearInterruptFlag)
                  00003aec    00000030                              : cs.o (.text:CS_setReferenceOscillatorFrequency)
                  00003b1c    00000030     rtsv7M4_T_le_v4SPD16_eabi.lib : getdevice.c.obj (.text:finddevice)
                  00003b4c    0000002e                                   : i_tofd_t2.asm.obj (.text)
                  00003b7a    00000002     --HOLE-- [fill = 0]
                  00003b7c    0000002c     msp432p4xx_driverlib.lib : adc14.o (.text:ADC14_getInterruptStatus)
                  00003ba8    0000002c                              : adc14.o (.text:ADC14_toggleConversionTrigger)
                  00003bd4    0000002c     rtsv7M4_T_le_v4SPD16_eabi.lib : unlink.c.obj (.text:unlink)
                  00003c00    00000028     msp432p4xx_driverlib.lib : adc14.o (.text:ADC14_enableConversion)
                  00003c28    00000028                              : adc14.o (.text:ADC14_getResult)
                  00003c50    00000028                              : cs.o (.text:CS_getMCLK)
                  00003c78    00000028                              : gpio.o (.text:GPIO_setOutputLowOnPin)
                  00003ca0    00000028                              : gpio.o (.text:GPIO_toggleOutputOnPin)
                  00003cc8    00000028                              : pcm.o (.text:PCM_gotoLPM0)
                  00003cf0    00000028     rtsv7M4_T_le_v4SPD16_eabi.lib : memory.c.obj (.text:free_list_insert)
                  00003d18    00000028                                   : lseek.c.obj (.text:lseek)
                  00003d40    00000028                                   : write.c.obj (.text:write)
                  00003d68    00000024     msp432p4xx_driverlib.lib : wdt_a.o (.text:WDT_A_holdTimer)
                  00003d8c    00000020                              : ref_a.o (.text:REF_A_setReferenceVoltage)
                  00003dac    00000020     rtsv7M4_T_le_v4SPD16_eabi.lib : memchr.c.obj (.text:memchr)
                  00003dcc    0000001c     msp432p4xx_driverlib.lib : sysctl.o (.text:SysCtl_getTempCalibrationConstant)
                  00003de8    0000001c     rtsv7M4_T_le_v4SPD16_eabi.lib : copy_zero_init.c.obj (.text:decompress:ZI:__TI_zero_init_nomemset:__TI_zero_init_nomemset)
                  00003e04    0000001c                                   : memory.c.obj (.text:free_list_remove)
                  00003e20    0000001c                                   : memccpy.c.obj (.text:memccpy)
                  00003e3c    0000001a                                   : s_copysign.c.obj (.text:copysign)
                  00003e56    00000018                                   : strcmp.c.obj (.text:strcmp)
                  00003e6e    00000016     msp432p4xx_driverlib.lib : timer_a.o (.text:Timer_A_clearInterruptFlag)
                  00003e84    00000016                              : timer_a.o (.text:Timer_A_startCounter)
                  00003e9a    00000016     rtsv7M4_T_le_v4SPD16_eabi.lib : strchr.c.obj (.text:strchr)
                  00003eb0    00000014                                   : strcpy.c.obj (.text:strcpy)
                  00003ec4    00000014                                   : strlen.c.obj (.text:strlen)
                  00003ed8    00000012                                   : wcslen.c.obj (.text:wcslen)
                  00003eea    00000002     --HOLE-- [fill = 0]
                  00003eec    00000010     msp432p4xx_driverlib.lib : adc14.o (.text:ADCIsConversionRunning)
                  00003efc    00000010                              : interrupt.o (.text:Interrupt_enableMaster)
                  00003f0c    00000010                              : interrupt.o (.text:Interrupt_enableSleepOnIsrExit)
                  00003f1c    0000000e     rtsv7M4_T_le_v4SPD16_eabi.lib : copy_decompress_none.c.obj (.text:decompress:none:__TI_decompress_none)
                  00003f2a    0000000e     startup_msp432p401r_ccs.obj (.text)
                  00003f38    0000000c     msp432p4xx_driverlib.lib : adc14.o (.text:ADC14_enableModule)
                  00003f44    0000000c                              : cpu.o (.text:CPU_cpsie)
                  00003f50    0000000c                              : ref_a.o (.text:REF_A_enableReferenceVoltage)
                  00003f5c    0000000c                              : ref_a.o (.text:REF_A_enableTempSensor)
                  00003f68    00000008     rtsv7M4_T_le_v4SPD16_eabi.lib : errno.c.obj (.text:__aeabi_errno_addr)
                  00003f70    00000008                                   : memory.c.obj (.text:malloc)
                  00003f78    00000004     msp432p4xx_driverlib.lib : cpu.o (.text:CPU_wfi)
                  00003f7c    00000004     rtsv7M4_T_le_v4SPD16_eabi.lib : printf.c.obj (.text:_outc)
                  00003f80    00000004                                   : printf.c.obj (.text:_outs)
                  00003f84    00000004                                   : pre_init.c.obj (.text:_system_pre_init)
                  00003f88    00000004                                   : exit.c.obj (.text:abort:abort)

.const     0    00003f8c    000001cc     
                  00003f8c    00000101     rtsv7M4_T_le_v4SPD16_eabi.lib : ctype.c.obj (.const:.string:_ctypes_)
                  0000408d    00000003     --HOLE-- [fill = 0]
                  00004090    00000080     msp432p4xx_driverlib.lib : adc14.o (.const:_ctlRegs)
                  00004110    00000030                              : gpio.o (.const:GPIO_PORT_TO_BASE)
                  00004140    00000010     main.obj (.const:continuousModeConfig)
                  00004150    00000008     msp432p4xx_driverlib.lib : interrupt.o (.const:g_pulEnRegs)

.cinit     0    00004158    000000a0     
                  00004158    0000007b     (.cinit..data.load) [load image, compression = lzss]
                  000041d3    00000001     --HOLE-- [fill = 0]
                  000041d4    0000000c     (__TI_handler_table)
                  000041e0    00000008     (.cinit..bss.load) [load image, compression = zero_init]
                  000041e8    00000010     (__TI_cinit_table)

.init_array 
*          0    00000000    00000000     UNINITIALIZED

.binit     0    00000000    00000000     

.sysmem    0    20000000    00000400     UNINITIALIZED
                  20000000    00000010     rtsv7M4_T_le_v4SPD16_eabi.lib : memory.c.obj (.sysmem)
                  20000010    000003f0     --HOLE--

.data      0    20000400    00000210     UNINITIALIZED
                  20000400    000000f0     rtsv7M4_T_le_v4SPD16_eabi.lib : defs.c.obj (.data:_ftable)
                  200004f0    00000078                                   : host_device.c.obj (.data:_device)
                  20000568    00000050                                   : host_device.c.obj (.data:_stream)
                  200005b8    00000018     main.obj (.data:fsm)
                  200005d0    00000010     rtsv7M4_T_le_v4SPD16_eabi.lib : defs.c.obj (.data)
                  200005e0    0000000c                                   : exit.c.obj (.data:$O1$$)
                  200005ec    0000000c     main.obj (.data)
                  200005f8    00000008     rtsv7M4_T_le_v4SPD16_eabi.lib : _lock.c.obj (.data:$O1$$)
                  20000600    00000008                                   : memory.c.obj (.data:$O1$$)
                  20000608    00000004                                   : errno.c.obj (.data)
                  2000060c    00000004     system_msp432p401r.obj (.data)

.bss       0    20000610    000001ea     UNINITIALIZED
                  20000610    00000120     rtsv7M4_T_le_v4SPD16_eabi.lib : trgmsg.c.obj (.bss:_CIOBUF_)
                  20000730    000000a0     (.common:__TI_tmpnams)
                  200007d0    00000008     msp432p4xx_driverlib.lib : cs.o (.bss)
                  200007d8    00000008     (.common:parmbuf)
                  200007e0    00000004     (.common:cal30)
                  200007e4    00000004     (.common:cal85)
                  200007e8    00000004     (.common:calDifference)
                  200007ec    00000004     (.common:prova)
                  200007f0    00000004     (.common:tempC)
                  200007f4    00000004     (.common:tempF)
                  200007f8    00000001     (.common:current_state)
                  200007f9    00000001     (.common:event)

.stack     0    2000fe00    00000200     UNINITIALIZED
                  2000fe00    00000004     rtsv7M4_T_le_v4SPD16_eabi.lib : boot_cortex_m.c.obj (.stack)
                  2000fe04    000001fc     --HOLE--

__llvm_prf_cnts 
*          0    20000000    00000000     UNINITIALIZED

MODULE SUMMARY

       Module                        code    ro data   rw data
       ------                        ----    -------   -------
    .\
       main.obj                      1040    16        124    
       system_msp432p401r.obj        820     0         8      
       startup_msp432p401r_ccs.obj   14      228       0      
    +--+-----------------------------+-------+---------+---------+
       Total:                        1874    244       132    
                                                              
    D:/Programmi/simplelink_msp432p4_sdk_3_40_01_02/source/ti/devices/msp432p4xx/driverlib/ccs/msp432p4xx_driverlib.lib
       adc14.o                       1152    128       0      
       cs.o                          1170    0         16     
       timer_a.o                     420     0         0      
       gpio.o                        144     48        0      
       interrupt.o                   160     8         0      
       sysctl_a.o                    148     0         0      
       ref_a.o                       56      0         0      
       pcm.o                         40      0         0      
       wdt_a.o                       36      0         0      
       sysctl.o                      28      0         0      
       cpu.o                         16      0         0      
    +--+-----------------------------+-------+---------+---------+
       Total:                        3370    184       16     
                                                              
    D:\Programmi\ti\ccs1210\ccs\tools\compiler\ti-cgt-arm_20.2.7.LTS\lib\rtsv7M4_T_le_v4SPD16_eabi.lib
       _printfi.c.obj                4851    0         0      
       defs.c.obj                    0       0         832    
       memory.c.obj                  672     0         16     
       trgmsg.c.obj                  108     0         576    
       fd_add_t2.asm.obj             438     0         0      
       host_device.c.obj             0       0         400    
       fd_div_t2.asm.obj             310     0         0      
       fputs.c.obj                   276     0         0      
       s_scalbn.c.obj                272     0         0      
       fd_cmp_t2.asm.obj             268     0         0      
       ctype.c.obj                   0       257       0      
       fd_mul_t2.asm.obj             252     0         0      
       setvbuf.c.obj                 220     0         0      
       memcpy_t2.asm.obj             156     0         0      
       ull_div_t2.asm.obj            150     0         0      
       fputc.c.obj                   140     0         0      
       memset_t2.asm.obj             122     0         0      
       fclose.c.obj                  116     0         0      
       getdevice.c.obj               116     0         0      
       hostopen.c.obj                96      0         16     
       printf.c.obj                  112     0         0      
       hostrename.c.obj              108     0         0      
       copy_decompress_lzss.c.obj    104     0         0      
       hostlseek.c.obj               104     0         0      
       exit.c.obj                    76      0         24     
       fseek.c.obj                   100     0         0      
       s_frexp.c.obj                 100     0         0      
       _io_perm.c.obj                98      0         0      
       close.c.obj                   92      0         0      
       hostread.c.obj                88      0         0      
       hostwrite.c.obj               88      0         0      
       _ltoa.c.obj                   84      0         0      
       atoi.c.obj                    76      0         0      
       fflush.c.obj                  76      0         0      
       fd_toi_t2.asm.obj             72      0         0      
       autoinit.c.obj                68      0         0      
       hostclose.c.obj               68      0         0      
       hostunlink.c.obj              68      0         0      
       fs_tod_t2.asm.obj             56      0         0      
       strncpy.c.obj                 54      0         0      
       boot_cortex_m.c.obj           52      0         0      
       fopen.c.obj                   52      0         0      
       i_tofd_t2.asm.obj             46      0         0      
       unlink.c.obj                  44      0         0      
       lseek.c.obj                   40      0         0      
       write.c.obj                   40      0         0      
       memchr.c.obj                  32      0         0      
       copy_zero_init.c.obj          28      0         0      
       memccpy.c.obj                 28      0         0      
       s_copysign.c.obj              26      0         0      
       strcmp.c.obj                  24      0         0      
       strchr.c.obj                  22      0         0      
       strcpy.c.obj                  20      0         0      
       strlen.c.obj                  20      0         0      
       _lock.c.obj                   2       0         16     
       wcslen.c.obj                  18      0         0      
       errno.c.obj                   8       0         8      
       copy_decompress_none.c.obj    14      0         0      
       pre_init.c.obj                4       0         0      
       div0.asm.obj                  2       0         0      
    +--+-----------------------------+-------+---------+---------+
       Total:                        10777   257       1888   
                                                              
       Heap:                         0       0         2048   
       Stack:                        0       0         1024   
       Linker Generated:             0       159       0      
    +--+-----------------------------+-------+---------+---------+
       Grand Total:                  16021   844       5108   


LINKER GENERATED COPY TABLES

__TI_cinit_table @ 000041e8 records: 2, size/record: 8, table size: 16
	.data: load addr=00004158, load size=0000007b bytes, run addr=20000400, run size=00000210 bytes, compression=lzss
	.bss: load addr=000041e0, load size=00000008 bytes, run addr=20000610, run size=000001ea bytes, compression=zero_init


LINKER GENERATED HANDLER TABLE

__TI_handler_table @ 000041d4 records: 3, size/record: 4, table size: 12
	index: 0, handler: __TI_decompress_lzss
	index: 1, handler: __TI_decompress_none
	index: 2, handler: __TI_zero_init


GLOBAL SYMBOLS: SORTED ALPHABETICALLY BY Name 

address   name                              
-------   ----                              
00000d0f  ADC14_IRQHandler                  
00000d0f  ADC14_IRQHandler                  
00003a2d  ADC14_clearInterruptFlag          
000027b9  ADC14_configureConversionMemory   
00003335  ADC14_configureSingleSampleMode   
00003c01  ADC14_enableConversion            
00003a5d  ADC14_enableInterrupt             
00003f39  ADC14_enableModule                
00003929  ADC14_enableSampleTimer           
00003849  ADC14_getEnabledInterruptStatus   
00003b7d  ADC14_getInterruptStatus          
00003c29  ADC14_getResult                   
00003495  ADC14_initModule                  
00003a8d  ADC14_setSampleHoldTime           
00003ba9  ADC14_toggleConversionTrigger     
00003f37  AES256_IRQHandler                 
00000b6d  BlueOn                            
00003f37  BusFault_Handler                  
00003f89  C$$EXIT                           
000038af  C$$IO$$                           
00003f37  COMP_E0_IRQHandler                
00003f37  COMP_E1_IRQHandler                
00003f45  CPU_cpsie                         
00003f79  CPU_wfi                           
00003f37  CS_IRQHandler                     
00003abd  CS_clearInterruptFlag             
00002501  CS_getDCOFrequency                
00003c51  CS_getMCLK                        
00001d89  CS_initClockSignal                
00003aed  CS_setReferenceOscillatorFrequency
00003f37  DMA_ERR_IRQHandler                
00003f37  DMA_INT0_IRQHandler               
00003f37  DMA_INT1_IRQHandler               
00003f37  DMA_INT2_IRQHandler               
00003f37  DMA_INT3_IRQHandler               
00003f37  DebugMon_Handler                  
00003f37  Default_Handler                   
00003f37  EUSCIA0_IRQHandler                
00003f37  EUSCIA1_IRQHandler                
00003f37  EUSCIA2_IRQHandler                
00003f37  EUSCIA3_IRQHandler                
00003f37  EUSCIB0_IRQHandler                
00003f37  EUSCIB1_IRQHandler                
00003f37  EUSCIB2_IRQHandler                
00003f37  EUSCIB3_IRQHandler                
00003f37  FLCTL_IRQHandler                  
00003f37  FPU_IRQHandler                    
000037c9  GPIO_setAsOutputPin               
00003c79  GPIO_setOutputLowOnPin            
00003ca1  GPIO_toggleOutputOnPin            
00000b51  GreenOn                           
000036b9  HOSTclose                         
00002fb5  HOSTlseek                         
00003279  HOSTopen                          
0000338d  HOSTread                          
00002f49  HOSTrename                        
000036fd  HOSTunlink                        
000033e5  HOSTwrite                         
00003f37  HardFault_Handler                 
00002c7d  Interrupt_enableInterrupt         
00003efd  Interrupt_enableMaster            
00003f0d  Interrupt_enableSleepOnIsrExit    
00003f37  MemManage_Handler                 
00003f37  NMI_Handler                       
00003f37  PCM_IRQHandler                    
00003cc9  PCM_gotoLPM0                      
00003f37  PORT1_IRQHandler                  
00003f37  PORT2_IRQHandler                  
00003f37  PORT3_IRQHandler                  
00003f37  PORT4_IRQHandler                  
00003f37  PORT5_IRQHandler                  
00003f37  PORT6_IRQHandler                  
00003f37  PSS_IRQHandler                    
00003f37  PendSV_Handler                    
00003f51  REF_A_enableReferenceVoltage      
00003f5d  REF_A_enableTempSensor            
00003d8d  REF_A_setReferenceVoltage         
00003f37  RTC_C_IRQHandler                  
00000b35  RedOn                             
00003f2b  Reset_Handler                     
00003f37  SVC_Handler                       
00002a51  SysCtl_A_getTLVInfo               
00003dcd  SysCtl_getTempCalibrationConstant 
00003f37  SysTick_Handler                   
2000060c  SystemCoreClock                   
00000f45  SystemCoreClockUpdate             
000011bd  SystemInit                        
00003f37  T32_INT1_IRQHandler               
00003f37  T32_INT2_IRQHandler               
00003f37  T32_INTC_IRQHandler               
00003f37  TA0_0_IRQHandler                  
00000cf3  TA0_N_IRQHandler                  
00000cf3  TA0_N_IRQHandler                  
00003f37  TA1_0_IRQHandler                  
00003f37  TA1_N_IRQHandler                  
00003f37  TA2_0_IRQHandler                  
00003f37  TA2_N_IRQHandler                  
00003f37  TA3_0_IRQHandler                  
00003f37  TA3_N_IRQHandler                  
00003e6f  Timer_A_clearInterruptFlag        
0000395d  Timer_A_configureContinuousMode   
00003e85  Timer_A_startCounter              
00003f37  UsageFault_Handler                
4000480c  WDTCTL_SYM                        
00003f37  WDT_A_IRQHandler                  
00003d69  WDT_A_holdTimer                   
20000610  __CIOBUF_                         
20010000  __STACK_END                       
00000200  __STACK_SIZE                      
00000400  __SYSMEM_SIZE                     
000041e8  __TI_CINIT_Base                   
000041f8  __TI_CINIT_Limit                  
000041d4  __TI_Handler_Table_Base           
000041e0  __TI_Handler_Table_Limit          
00003741  __TI_auto_init_nobinit_nopinit    
00003991  __TI_cleanup                      
200005e0  __TI_cleanup_ptr                  
00002df5  __TI_closefile                    
0000301d  __TI_decompress_lzss              
00003f1d  __TI_decompress_none              
0000358f  __TI_doflush                      
200005e4  __TI_dtors_ptr                    
200005e8  __TI_enable_exit_profile_output   
200005d0  __TI_ft_end                       
000034e9  __TI_ltoa                         
ffffffff  __TI_pprof_out_hndl               
000000e5  __TI_printfi                      
ffffffff  __TI_prof_data_size               
ffffffff  __TI_prof_data_start              
000039c5  __TI_readmsg                      
00000000  __TI_static_base__                
20000730  __TI_tmpnams                      
00003881  __TI_writemsg                     
00003217  __TI_wrt_ok                       
00003de9  __TI_zero_init_nomemset           
00002b71  __aeabi_cdcmpeq                   
00002b71  __aeabi_cdcmple                   
00002bf7  __aeabi_cdrcmple                  
00003671  __aeabi_d2iz                      
000016c3  __aeabi_dadd                      
00001c51  __aeabi_ddiv                      
00002405  __aeabi_dmul                      
000016b9  __aeabi_dsub                      
00003f69  __aeabi_errno_addr                
000038b9  __aeabi_f2d                       
00003b4d  __aeabi_i2d                       
0000186f  __aeabi_idiv0                     
0000186f  __aeabi_ldiv0                     
00002d79  __aeabi_memclr                    
00002d79  __aeabi_memclr4                   
00002d79  __aeabi_memclr8                   
0000291f  __aeabi_memcpy                    
0000291f  __aeabi_memcpy4                   
0000291f  __aeabi_memcpy8                   
00002d7b  __aeabi_memset                    
00002d7b  __aeabi_memset4                   
00002d7b  __aeabi_memset8                   
200005dc  __aeabi_stderr                    
200005d4  __aeabi_stdin                     
200005d8  __aeabi_stdout                    
000029bb  __aeabi_uldivmod                  
ffffffff  __binit__                         
ffffffff  __c_args__                        
UNDEFED   __mpu_init                        
2000fe00  __stack                           
20000000  __start___llvm_prf_cnts           
20000000  __stop___llvm_prf_cnts            
000039f9  _c_int00_noargs                   
00003f8c  _ctypes_                          
200004f0  _device                           
20000400  _ftable                           
200005f8  _lock                             
00000b33  _nop                              
20000568  _stream                           
20000000  _sys_memory                       
UNDEFED   _system_post_cinit                
00003f85  _system_pre_init                  
200005fc  _unlock                           
00003f89  abort                             
00002305  aligned_alloc                     
000035dd  atoi                              
ffffffff  binit                             
200007e0  cal30                             
200007e4  cal85                             
200007e8  calDifference                     
000032d9  close                             
00004140  continuousModeConfig              
00003e3d  copysign                          
00003e3d  copysignl                         
200005f0  counter                           
200007f8  current_state                     
20000608  errno                             
200007f9  event                             
00003629  exit                              
00003b1d  finddevice                        
00000bd7  fn_BLUE                           
00000b89  fn_GREEN                          
00000bb1  fn_RED                            
00002ae5  fputc                             
00001fdd  fputs                             
000025f9  free                              
000030ed  frexp                             
000030ed  frexpl                            
00003151  fseek                             
200005b8  fsm                               
00003785  getdevice                         
00000000  interruptVectors                  
000020f1  ldexp                             
000020f1  ldexpl                            
00003d19  lseek                             
00000bf9  main                              
00003f71  malloc                            
00002305  memalign                          
00003e21  memccpy                           
00003dad  memchr                            
0000291f  memcpy                            
00002d81  memset                            
200007d8  parmbuf                           
00003085  printf                            
200007ec  prova                             
00002ae5  putc                              
00003bd5  remove                            
000020f1  scalbn                            
000020f1  scalbnl                           
000026dd  setvbuf                           
00003e9b  strchr                            
00003e57  strcmp                            
00003eb1  strcpy                            
00003ec5  strlen                            
000038f1  strncpy                           
200007f0  tempC                             
200007f4  tempF                             
200005ec  timer                             
00003bd5  unlink                            
00003ed9  wcslen                            
00003d41  write                             


GLOBAL SYMBOLS: SORTED BY Symbol Address 

address   name                              
-------   ----                              
00000000  __TI_static_base__                
00000000  interruptVectors                  
000000e5  __TI_printfi                      
00000200  __STACK_SIZE                      
00000400  __SYSMEM_SIZE                     
00000b33  _nop                              
00000b35  RedOn                             
00000b51  GreenOn                           
00000b6d  BlueOn                            
00000b89  fn_GREEN                          
00000bb1  fn_RED                            
00000bd7  fn_BLUE                           
00000bf9  main                              
00000cf3  TA0_N_IRQHandler                  
00000cf3  TA0_N_IRQHandler                  
00000d0f  ADC14_IRQHandler                  
00000d0f  ADC14_IRQHandler                  
00000f45  SystemCoreClockUpdate             
000011bd  SystemInit                        
000016b9  __aeabi_dsub                      
000016c3  __aeabi_dadd                      
0000186f  __aeabi_idiv0                     
0000186f  __aeabi_ldiv0                     
00001c51  __aeabi_ddiv                      
00001d89  CS_initClockSignal                
00001fdd  fputs                             
000020f1  ldexp                             
000020f1  ldexpl                            
000020f1  scalbn                            
000020f1  scalbnl                           
00002305  aligned_alloc                     
00002305  memalign                          
00002405  __aeabi_dmul                      
00002501  CS_getDCOFrequency                
000025f9  free                              
000026dd  setvbuf                           
000027b9  ADC14_configureConversionMemory   
0000291f  __aeabi_memcpy                    
0000291f  __aeabi_memcpy4                   
0000291f  __aeabi_memcpy8                   
0000291f  memcpy                            
000029bb  __aeabi_uldivmod                  
00002a51  SysCtl_A_getTLVInfo               
00002ae5  fputc                             
00002ae5  putc                              
00002b71  __aeabi_cdcmpeq                   
00002b71  __aeabi_cdcmple                   
00002bf7  __aeabi_cdrcmple                  
00002c7d  Interrupt_enableInterrupt         
00002d79  __aeabi_memclr                    
00002d79  __aeabi_memclr4                   
00002d79  __aeabi_memclr8                   
00002d7b  __aeabi_memset                    
00002d7b  __aeabi_memset4                   
00002d7b  __aeabi_memset8                   
00002d81  memset                            
00002df5  __TI_closefile                    
00002f49  HOSTrename                        
00002fb5  HOSTlseek                         
0000301d  __TI_decompress_lzss              
00003085  printf                            
000030ed  frexp                             
000030ed  frexpl                            
00003151  fseek                             
00003217  __TI_wrt_ok                       
00003279  HOSTopen                          
000032d9  close                             
00003335  ADC14_configureSingleSampleMode   
0000338d  HOSTread                          
000033e5  HOSTwrite                         
00003495  ADC14_initModule                  
000034e9  __TI_ltoa                         
0000358f  __TI_doflush                      
000035dd  atoi                              
00003629  exit                              
00003671  __aeabi_d2iz                      
000036b9  HOSTclose                         
000036fd  HOSTunlink                        
00003741  __TI_auto_init_nobinit_nopinit    
00003785  getdevice                         
000037c9  GPIO_setAsOutputPin               
00003849  ADC14_getEnabledInterruptStatus   
00003881  __TI_writemsg                     
000038af  C$$IO$$                           
000038b9  __aeabi_f2d                       
000038f1  strncpy                           
00003929  ADC14_enableSampleTimer           
0000395d  Timer_A_configureContinuousMode   
00003991  __TI_cleanup                      
000039c5  __TI_readmsg                      
000039f9  _c_int00_noargs                   
00003a2d  ADC14_clearInterruptFlag          
00003a5d  ADC14_enableInterrupt             
00003a8d  ADC14_setSampleHoldTime           
00003abd  CS_clearInterruptFlag             
00003aed  CS_setReferenceOscillatorFrequency
00003b1d  finddevice                        
00003b4d  __aeabi_i2d                       
00003b7d  ADC14_getInterruptStatus          
00003ba9  ADC14_toggleConversionTrigger     
00003bd5  remove                            
00003bd5  unlink                            
00003c01  ADC14_enableConversion            
00003c29  ADC14_getResult                   
00003c51  CS_getMCLK                        
00003c79  GPIO_setOutputLowOnPin            
00003ca1  GPIO_toggleOutputOnPin            
00003cc9  PCM_gotoLPM0                      
00003d19  lseek                             
00003d41  write                             
00003d69  WDT_A_holdTimer                   
00003d8d  REF_A_setReferenceVoltage         
00003dad  memchr                            
00003dcd  SysCtl_getTempCalibrationConstant 
00003de9  __TI_zero_init_nomemset           
00003e21  memccpy                           
00003e3d  copysign                          
00003e3d  copysignl                         
00003e57  strcmp                            
00003e6f  Timer_A_clearInterruptFlag        
00003e85  Timer_A_startCounter              
00003e9b  strchr                            
00003eb1  strcpy                            
00003ec5  strlen                            
00003ed9  wcslen                            
00003efd  Interrupt_enableMaster            
00003f0d  Interrupt_enableSleepOnIsrExit    
00003f1d  __TI_decompress_none              
00003f2b  Reset_Handler                     
00003f37  AES256_IRQHandler                 
00003f37  BusFault_Handler                  
00003f37  COMP_E0_IRQHandler                
00003f37  COMP_E1_IRQHandler                
00003f37  CS_IRQHandler                     
00003f37  DMA_ERR_IRQHandler                
00003f37  DMA_INT0_IRQHandler               
00003f37  DMA_INT1_IRQHandler               
00003f37  DMA_INT2_IRQHandler               
00003f37  DMA_INT3_IRQHandler               
00003f37  DebugMon_Handler                  
00003f37  Default_Handler                   
00003f37  EUSCIA0_IRQHandler                
00003f37  EUSCIA1_IRQHandler                
00003f37  EUSCIA2_IRQHandler                
00003f37  EUSCIA3_IRQHandler                
00003f37  EUSCIB0_IRQHandler                
00003f37  EUSCIB1_IRQHandler                
00003f37  EUSCIB2_IRQHandler                
00003f37  EUSCIB3_IRQHandler                
00003f37  FLCTL_IRQHandler                  
00003f37  FPU_IRQHandler                    
00003f37  HardFault_Handler                 
00003f37  MemManage_Handler                 
00003f37  NMI_Handler                       
00003f37  PCM_IRQHandler                    
00003f37  PORT1_IRQHandler                  
00003f37  PORT2_IRQHandler                  
00003f37  PORT3_IRQHandler                  
00003f37  PORT4_IRQHandler                  
00003f37  PORT5_IRQHandler                  
00003f37  PORT6_IRQHandler                  
00003f37  PSS_IRQHandler                    
00003f37  PendSV_Handler                    
00003f37  RTC_C_IRQHandler                  
00003f37  SVC_Handler                       
00003f37  SysTick_Handler                   
00003f37  T32_INT1_IRQHandler               
00003f37  T32_INT2_IRQHandler               
00003f37  T32_INTC_IRQHandler               
00003f37  TA0_0_IRQHandler                  
00003f37  TA1_0_IRQHandler                  
00003f37  TA1_N_IRQHandler                  
00003f37  TA2_0_IRQHandler                  
00003f37  TA2_N_IRQHandler                  
00003f37  TA3_0_IRQHandler                  
00003f37  TA3_N_IRQHandler                  
00003f37  UsageFault_Handler                
00003f37  WDT_A_IRQHandler                  
00003f39  ADC14_enableModule                
00003f45  CPU_cpsie                         
00003f51  REF_A_enableReferenceVoltage      
00003f5d  REF_A_enableTempSensor            
00003f69  __aeabi_errno_addr                
00003f71  malloc                            
00003f79  CPU_wfi                           
00003f85  _system_pre_init                  
00003f89  C$$EXIT                           
00003f89  abort                             
00003f8c  _ctypes_                          
00004140  continuousModeConfig              
000041d4  __TI_Handler_Table_Base           
000041e0  __TI_Handler_Table_Limit          
000041e8  __TI_CINIT_Base                   
000041f8  __TI_CINIT_Limit                  
20000000  __start___llvm_prf_cnts           
20000000  __stop___llvm_prf_cnts            
20000000  _sys_memory                       
20000400  _ftable                           
200004f0  _device                           
20000568  _stream                           
200005b8  fsm                               
200005d0  __TI_ft_end                       
200005d4  __aeabi_stdin                     
200005d8  __aeabi_stdout                    
200005dc  __aeabi_stderr                    
200005e0  __TI_cleanup_ptr                  
200005e4  __TI_dtors_ptr                    
200005e8  __TI_enable_exit_profile_output   
200005ec  timer                             
200005f0  counter                           
200005f8  _lock                             
200005fc  _unlock                           
20000608  errno                             
2000060c  SystemCoreClock                   
20000610  __CIOBUF_                         
20000730  __TI_tmpnams                      
200007d8  parmbuf                           
200007e0  cal30                             
200007e4  cal85                             
200007e8  calDifference                     
200007ec  prova                             
200007f0  tempC                             
200007f4  tempF                             
200007f8  current_state                     
200007f9  event                             
2000fe00  __stack                           
20010000  __STACK_END                       
4000480c  WDTCTL_SYM                        
ffffffff  __TI_pprof_out_hndl               
ffffffff  __TI_prof_data_size               
ffffffff  __TI_prof_data_start              
ffffffff  __binit__                         
ffffffff  __c_args__                        
ffffffff  binit                             
UNDEFED   __mpu_init                        
UNDEFED   _system_post_cinit                

[236 symbols]
