<?xml version="1.0" encoding="ISO-8859-1" ?>
<link_info>
   <banner>TI ARM Linker PC v20.2.7.LTS</banner>
   <copyright>Copyright (c) 1996-2018 Texas Instruments Incorporated</copyright>
   <link_time>0x63f73891</link_time>
   <link_errors>0x0</link_errors>
   <output_file>EmbeddedBros.out</output_file>
   <entry_point>
      <name>_c_int00_noargs</name>
      <address>0xc4a1</address>
   </entry_point>
   <input_file_list>
      <input_file id="fl-2">
         <path>.\</path>
         <kind>object</kind>
         <file>Crystalfontz128x128_ST7735.obj</file>
         <name>Crystalfontz128x128_ST7735.obj</name>
      </input_file>
      <input_file id="fl-3">
         <path>.\</path>
         <kind>object</kind>
         <file>HAL_I2C.obj</file>
         <name>HAL_I2C.obj</name>
      </input_file>
      <input_file id="fl-4">
         <path>.\</path>
         <kind>object</kind>
         <file>HAL_MSP_EXP432P401R_Crystalfontz128x128_ST7735.obj</file>
         <name>HAL_MSP_EXP432P401R_Crystalfontz128x128_ST7735.obj</name>
      </input_file>
      <input_file id="fl-5">
         <path>.\</path>
         <kind>object</kind>
         <file>HAL_TMP006.obj</file>
         <name>HAL_TMP006.obj</name>
      </input_file>
      <input_file id="fl-6">
         <path>.\</path>
         <kind>object</kind>
         <file>adc.obj</file>
         <name>adc.obj</name>
      </input_file>
      <input_file id="fl-7">
         <path>.\</path>
         <kind>object</kind>
         <file>boo.obj</file>
         <name>boo.obj</name>
      </input_file>
      <input_file id="fl-8">
         <path>.\</path>
         <kind>object</kind>
         <file>buzzer.obj</file>
         <name>buzzer.obj</name>
      </input_file>
      <input_file id="fl-9">
         <path>.\</path>
         <kind>object</kind>
         <file>display.obj</file>
         <name>display.obj</name>
      </input_file>
      <input_file id="fl-a">
         <path>.\</path>
         <kind>object</kind>
         <file>go.obj</file>
         <name>go.obj</name>
      </input_file>
      <input_file id="fl-b">
         <path>.\</path>
         <kind>object</kind>
         <file>goomba.obj</file>
         <name>goomba.obj</name>
      </input_file>
      <input_file id="fl-c">
         <path>.\</path>
         <kind>object</kind>
         <file>led.obj</file>
         <name>led.obj</name>
      </input_file>
      <input_file id="fl-d">
         <path>.\</path>
         <kind>object</kind>
         <file>main.obj</file>
         <name>main.obj</name>
      </input_file>
      <input_file id="fl-e">
         <path>.\</path>
         <kind>object</kind>
         <file>mario.obj</file>
         <name>mario.obj</name>
      </input_file>
      <input_file id="fl-f">
         <path>.\</path>
         <kind>object</kind>
         <file>marioMini.obj</file>
         <name>marioMini.obj</name>
      </input_file>
      <input_file id="fl-10">
         <path>.\</path>
         <kind>object</kind>
         <file>one.obj</file>
         <name>one.obj</name>
      </input_file>
      <input_file id="fl-11">
         <path>.\</path>
         <kind>object</kind>
         <file>sonic.obj</file>
         <name>sonic.obj</name>
      </input_file>
      <input_file id="fl-12">
         <path>.\</path>
         <kind>object</kind>
         <file>sonicMini.obj</file>
         <name>sonicMini.obj</name>
      </input_file>
      <input_file id="fl-13">
         <path>.\</path>
         <kind>object</kind>
         <file>startup_msp432p401r_ccs.obj</file>
         <name>startup_msp432p401r_ccs.obj</name>
      </input_file>
      <input_file id="fl-14">
         <path>.\</path>
         <kind>object</kind>
         <file>system_msp432p401r.obj</file>
         <name>system_msp432p401r.obj</name>
      </input_file>
      <input_file id="fl-15">
         <path>.\</path>
         <kind>object</kind>
         <file>three.obj</file>
         <name>three.obj</name>
      </input_file>
      <input_file id="fl-16">
         <path>.\</path>
         <kind>object</kind>
         <file>timer.obj</file>
         <name>timer.obj</name>
      </input_file>
      <input_file id="fl-17">
         <path>.\</path>
         <kind>object</kind>
         <file>toad.obj</file>
         <name>toad.obj</name>
      </input_file>
      <input_file id="fl-18">
         <path>.\</path>
         <kind>object</kind>
         <file>toadMini.obj</file>
         <name>toadMini.obj</name>
      </input_file>
      <input_file id="fl-19">
         <path>.\</path>
         <kind>object</kind>
         <file>two.obj</file>
         <name>two.obj</name>
      </input_file>
      <input_file id="fl-1a">
         <path>.\</path>
         <kind>object</kind>
         <file>yoshi.obj</file>
         <name>yoshi.obj</name>
      </input_file>
      <input_file id="fl-1b">
         <path>.\</path>
         <kind>object</kind>
         <file>yoshiMini.obj</file>
         <name>yoshiMini.obj</name>
      </input_file>
      <input_file id="fl-21">
         <kind>object</kind>
         <file>&lt;internal&gt;</file>
         <name>&lt;internal&gt;</name>
      </input_file>
      <input_file id="fl-d7">
         <path>D:\Programmi\ti\ccs1210\ccs\tools\compiler\ti-cgt-arm_20.2.7.LTS\lib\</path>
         <kind>archive</kind>
         <file>rtsv7M4_T_le_v4SPD16_eabi.lib</file>
         <name>e_pow.c.obj</name>
      </input_file>
      <input_file id="fl-d8">
         <path>D:\Programmi\ti\ccs1210\ccs\tools\compiler\ti-cgt-arm_20.2.7.LTS\lib\</path>
         <kind>archive</kind>
         <file>rtsv7M4_T_le_v4SPD16_eabi.lib</file>
         <name>e_sqrt.c.obj</name>
      </input_file>
      <input_file id="fl-d9">
         <path>D:\Programmi\ti\ccs1210\ccs\tools\compiler\ti-cgt-arm_20.2.7.LTS\lib\</path>
         <kind>archive</kind>
         <file>rtsv7M4_T_le_v4SPD16_eabi.lib</file>
         <name>s_scalbn.c.obj</name>
      </input_file>
      <input_file id="fl-da">
         <path>D:\Programmi\ti\ccs1210\ccs\tools\compiler\ti-cgt-arm_20.2.7.LTS\lib\</path>
         <kind>archive</kind>
         <file>rtsv7M4_T_le_v4SPD16_eabi.lib</file>
         <name>sprintf.c.obj</name>
      </input_file>
      <input_file id="fl-db">
         <path>D:\Programmi\ti\ccs1210\ccs\tools\compiler\ti-cgt-arm_20.2.7.LTS\lib\</path>
         <kind>archive</kind>
         <file>rtsv7M4_T_le_v4SPD16_eabi.lib</file>
         <name>fd_add_t2.asm.obj</name>
      </input_file>
      <input_file id="fl-dc">
         <path>D:\Programmi\ti\ccs1210\ccs\tools\compiler\ti-cgt-arm_20.2.7.LTS\lib\</path>
         <kind>archive</kind>
         <file>rtsv7M4_T_le_v4SPD16_eabi.lib</file>
         <name>fd_cmp_t2.asm.obj</name>
      </input_file>
      <input_file id="fl-dd">
         <path>D:\Programmi\ti\ccs1210\ccs\tools\compiler\ti-cgt-arm_20.2.7.LTS\lib\</path>
         <kind>archive</kind>
         <file>rtsv7M4_T_le_v4SPD16_eabi.lib</file>
         <name>fd_div_t2.asm.obj</name>
      </input_file>
      <input_file id="fl-de">
         <path>D:\Programmi\ti\ccs1210\ccs\tools\compiler\ti-cgt-arm_20.2.7.LTS\lib\</path>
         <kind>archive</kind>
         <file>rtsv7M4_T_le_v4SPD16_eabi.lib</file>
         <name>fd_mul_t2.asm.obj</name>
      </input_file>
      <input_file id="fl-df">
         <path>D:\Programmi\ti\ccs1210\ccs\tools\compiler\ti-cgt-arm_20.2.7.LTS\lib\</path>
         <kind>archive</kind>
         <file>rtsv7M4_T_le_v4SPD16_eabi.lib</file>
         <name>i_tofd_t2.asm.obj</name>
      </input_file>
      <input_file id="fl-e0">
         <path>D:\Programmi\ti\ccs1210\ccs\tools\compiler\ti-cgt-arm_20.2.7.LTS\lib\</path>
         <kind>archive</kind>
         <file>rtsv7M4_T_le_v4SPD16_eabi.lib</file>
         <name>memcpy_t2.asm.obj</name>
      </input_file>
      <input_file id="fl-e1">
         <path>D:\Programmi\ti\ccs1210\ccs\tools\compiler\ti-cgt-arm_20.2.7.LTS\lib\</path>
         <kind>archive</kind>
         <file>rtsv7M4_T_le_v4SPD16_eabi.lib</file>
         <name>copy_zero_init.c.obj</name>
      </input_file>
      <input_file id="fl-e2">
         <path>D:\Programmi\ti\ccs1210\ccs\tools\compiler\ti-cgt-arm_20.2.7.LTS\lib\</path>
         <kind>archive</kind>
         <file>rtsv7M4_T_le_v4SPD16_eabi.lib</file>
         <name>copy_decompress_none.c.obj</name>
      </input_file>
      <input_file id="fl-e3">
         <path>D:\Programmi\ti\ccs1210\ccs\tools\compiler\ti-cgt-arm_20.2.7.LTS\lib\</path>
         <kind>archive</kind>
         <file>rtsv7M4_T_le_v4SPD16_eabi.lib</file>
         <name>copy_decompress_lzss.c.obj</name>
      </input_file>
      <input_file id="fl-e4">
         <path>D:\Programmi\ti\ccs1210\ccs\tools\compiler\ti-cgt-arm_20.2.7.LTS\lib\</path>
         <kind>archive</kind>
         <file>rtsv7M4_T_le_v4SPD16_eabi.lib</file>
         <name>rand.c.obj</name>
      </input_file>
      <input_file id="fl-e5">
         <path>D:\Programmi\ti\ccs1210\ccs\tools\compiler\ti-cgt-arm_20.2.7.LTS\lib\</path>
         <kind>archive</kind>
         <file>rtsv7M4_T_le_v4SPD16_eabi.lib</file>
         <name>boot_cortex_m.c.obj</name>
      </input_file>
      <input_file id="fl-e6">
         <path>D:\Programmi\ti\ccs1210\ccs\tools\compiler\ti-cgt-arm_20.2.7.LTS\lib\</path>
         <kind>archive</kind>
         <file>rtsv7M4_T_le_v4SPD16_eabi.lib</file>
         <name>errno.c.obj</name>
      </input_file>
      <input_file id="fl-e7">
         <path>D:\Programmi\ti\ccs1210\ccs\tools\compiler\ti-cgt-arm_20.2.7.LTS\lib\</path>
         <kind>archive</kind>
         <file>rtsv7M4_T_le_v4SPD16_eabi.lib</file>
         <name>s_copysign.c.obj</name>
      </input_file>
      <input_file id="fl-e8">
         <path>D:\Programmi\ti\ccs1210\ccs\tools\compiler\ti-cgt-arm_20.2.7.LTS\lib\</path>
         <kind>archive</kind>
         <file>rtsv7M4_T_le_v4SPD16_eabi.lib</file>
         <name>_printfi.c.obj</name>
      </input_file>
      <input_file id="fl-e9">
         <path>D:\Programmi\ti\ccs1210\ccs\tools\compiler\ti-cgt-arm_20.2.7.LTS\lib\</path>
         <kind>archive</kind>
         <file>rtsv7M4_T_le_v4SPD16_eabi.lib</file>
         <name>fd_toi_t2.asm.obj</name>
      </input_file>
      <input_file id="fl-ea">
         <path>D:\Programmi\ti\ccs1210\ccs\tools\compiler\ti-cgt-arm_20.2.7.LTS\lib\</path>
         <kind>archive</kind>
         <file>rtsv7M4_T_le_v4SPD16_eabi.lib</file>
         <name>memset_t2.asm.obj</name>
      </input_file>
      <input_file id="fl-eb">
         <path>D:\Programmi\ti\ccs1210\ccs\tools\compiler\ti-cgt-arm_20.2.7.LTS\lib\</path>
         <kind>archive</kind>
         <file>rtsv7M4_T_le_v4SPD16_eabi.lib</file>
         <name>ull_div_t2.asm.obj</name>
      </input_file>
      <input_file id="fl-ec">
         <path>D:\Programmi\ti\ccs1210\ccs\tools\compiler\ti-cgt-arm_20.2.7.LTS\lib\</path>
         <kind>archive</kind>
         <file>rtsv7M4_T_le_v4SPD16_eabi.lib</file>
         <name>autoinit.c.obj</name>
      </input_file>
      <input_file id="fl-ed">
         <path>D:\Programmi\ti\ccs1210\ccs\tools\compiler\ti-cgt-arm_20.2.7.LTS\lib\</path>
         <kind>archive</kind>
         <file>rtsv7M4_T_le_v4SPD16_eabi.lib</file>
         <name>pre_init.c.obj</name>
      </input_file>
      <input_file id="fl-ee">
         <path>D:\Programmi\ti\ccs1210\ccs\tools\compiler\ti-cgt-arm_20.2.7.LTS\lib\</path>
         <kind>archive</kind>
         <file>rtsv7M4_T_le_v4SPD16_eabi.lib</file>
         <name>cpy_tbl.c.obj</name>
      </input_file>
      <input_file id="fl-ef">
         <path>D:\Programmi\ti\ccs1210\ccs\tools\compiler\ti-cgt-arm_20.2.7.LTS\lib\</path>
         <kind>archive</kind>
         <file>rtsv7M4_T_le_v4SPD16_eabi.lib</file>
         <name>exit.c.obj</name>
      </input_file>
      <input_file id="fl-f0">
         <path>D:\Programmi\ti\ccs1210\ccs\tools\compiler\ti-cgt-arm_20.2.7.LTS\lib\</path>
         <kind>archive</kind>
         <file>rtsv7M4_T_le_v4SPD16_eabi.lib</file>
         <name>_lock.c.obj</name>
      </input_file>
      <input_file id="fl-f1">
         <path>D:\Programmi\ti\ccs1210\ccs\tools\compiler\ti-cgt-arm_20.2.7.LTS\lib\</path>
         <kind>archive</kind>
         <file>rtsv7M4_T_le_v4SPD16_eabi.lib</file>
         <name>_ltoa.c.obj</name>
      </input_file>
      <input_file id="fl-f2">
         <path>D:\Programmi\ti\ccs1210\ccs\tools\compiler\ti-cgt-arm_20.2.7.LTS\lib\</path>
         <kind>archive</kind>
         <file>rtsv7M4_T_le_v4SPD16_eabi.lib</file>
         <name>args_main.c.obj</name>
      </input_file>
      <input_file id="fl-f3">
         <path>D:\Programmi\ti\ccs1210\ccs\tools\compiler\ti-cgt-arm_20.2.7.LTS\lib\</path>
         <kind>archive</kind>
         <file>rtsv7M4_T_le_v4SPD16_eabi.lib</file>
         <name>atoi.c.obj</name>
      </input_file>
      <input_file id="fl-f4">
         <path>D:\Programmi\ti\ccs1210\ccs\tools\compiler\ti-cgt-arm_20.2.7.LTS\lib\</path>
         <kind>archive</kind>
         <file>rtsv7M4_T_le_v4SPD16_eabi.lib</file>
         <name>ctype.c.obj</name>
      </input_file>
      <input_file id="fl-f5">
         <path>D:\Programmi\ti\ccs1210\ccs\tools\compiler\ti-cgt-arm_20.2.7.LTS\lib\</path>
         <kind>archive</kind>
         <file>rtsv7M4_T_le_v4SPD16_eabi.lib</file>
         <name>memccpy.c.obj</name>
      </input_file>
      <input_file id="fl-f6">
         <path>D:\Programmi\ti\ccs1210\ccs\tools\compiler\ti-cgt-arm_20.2.7.LTS\lib\</path>
         <kind>archive</kind>
         <file>rtsv7M4_T_le_v4SPD16_eabi.lib</file>
         <name>strchr.c.obj</name>
      </input_file>
      <input_file id="fl-f7">
         <path>D:\Programmi\ti\ccs1210\ccs\tools\compiler\ti-cgt-arm_20.2.7.LTS\lib\</path>
         <kind>archive</kind>
         <file>rtsv7M4_T_le_v4SPD16_eabi.lib</file>
         <name>strlen.c.obj</name>
      </input_file>
      <input_file id="fl-f8">
         <path>D:\Programmi\ti\ccs1210\ccs\tools\compiler\ti-cgt-arm_20.2.7.LTS\lib\</path>
         <kind>archive</kind>
         <file>rtsv7M4_T_le_v4SPD16_eabi.lib</file>
         <name>wcslen.c.obj</name>
      </input_file>
      <input_file id="fl-f9">
         <path>D:\Programmi\ti\ccs1210\ccs\tools\compiler\ti-cgt-arm_20.2.7.LTS\lib\</path>
         <kind>archive</kind>
         <file>rtsv7M4_T_le_v4SPD16_eabi.lib</file>
         <name>s_frexp.c.obj</name>
      </input_file>
      <input_file id="fl-fa">
         <path>D:\Programmi\ti\ccs1210\ccs\tools\compiler\ti-cgt-arm_20.2.7.LTS\lib\</path>
         <kind>archive</kind>
         <file>rtsv7M4_T_le_v4SPD16_eabi.lib</file>
         <name>div0.asm.obj</name>
      </input_file>
      <input_file id="fl-fb">
         <path>D:\Programmi\simplelink_msp432p4_sdk_3_40_01_02\source\ti\devices\msp432p4xx\driverlib\ccs\</path>
         <kind>archive</kind>
         <file>msp432p4xx_driverlib.lib</file>
         <name>adc14.o</name>
      </input_file>
      <input_file id="fl-fc">
         <path>D:\Programmi\simplelink_msp432p4_sdk_3_40_01_02\source\ti\devices\msp432p4xx\driverlib\ccs\</path>
         <kind>archive</kind>
         <file>msp432p4xx_driverlib.lib</file>
         <name>cs.o</name>
      </input_file>
      <input_file id="fl-fd">
         <path>D:\Programmi\simplelink_msp432p4_sdk_3_40_01_02\source\ti\devices\msp432p4xx\driverlib\ccs\</path>
         <kind>archive</kind>
         <file>msp432p4xx_driverlib.lib</file>
         <name>flash.o</name>
      </input_file>
      <input_file id="fl-fe">
         <path>D:\Programmi\simplelink_msp432p4_sdk_3_40_01_02\source\ti\devices\msp432p4xx\driverlib\ccs\</path>
         <kind>archive</kind>
         <file>msp432p4xx_driverlib.lib</file>
         <name>gpio.o</name>
      </input_file>
      <input_file id="fl-ff">
         <path>D:\Programmi\simplelink_msp432p4_sdk_3_40_01_02\source\ti\devices\msp432p4xx\driverlib\ccs\</path>
         <kind>archive</kind>
         <file>msp432p4xx_driverlib.lib</file>
         <name>i2c.o</name>
      </input_file>
      <input_file id="fl-100">
         <path>D:\Programmi\simplelink_msp432p4_sdk_3_40_01_02\source\ti\devices\msp432p4xx\driverlib\ccs\</path>
         <kind>archive</kind>
         <file>msp432p4xx_driverlib.lib</file>
         <name>interrupt.o</name>
      </input_file>
      <input_file id="fl-101">
         <path>D:\Programmi\simplelink_msp432p4_sdk_3_40_01_02\source\ti\devices\msp432p4xx\driverlib\ccs\</path>
         <kind>archive</kind>
         <file>msp432p4xx_driverlib.lib</file>
         <name>pcm.o</name>
      </input_file>
      <input_file id="fl-102">
         <path>D:\Programmi\simplelink_msp432p4_sdk_3_40_01_02\source\ti\devices\msp432p4xx\driverlib\ccs\</path>
         <kind>archive</kind>
         <file>msp432p4xx_driverlib.lib</file>
         <name>rtc_c.o</name>
      </input_file>
      <input_file id="fl-103">
         <path>D:\Programmi\simplelink_msp432p4_sdk_3_40_01_02\source\ti\devices\msp432p4xx\driverlib\ccs\</path>
         <kind>archive</kind>
         <file>msp432p4xx_driverlib.lib</file>
         <name>spi.o</name>
      </input_file>
      <input_file id="fl-104">
         <path>D:\Programmi\simplelink_msp432p4_sdk_3_40_01_02\source\ti\devices\msp432p4xx\driverlib\ccs\</path>
         <kind>archive</kind>
         <file>msp432p4xx_driverlib.lib</file>
         <name>sysctl.o</name>
      </input_file>
      <input_file id="fl-105">
         <path>D:\Programmi\simplelink_msp432p4_sdk_3_40_01_02\source\ti\devices\msp432p4xx\driverlib\ccs\</path>
         <kind>archive</kind>
         <file>msp432p4xx_driverlib.lib</file>
         <name>sysctl_a.o</name>
      </input_file>
      <input_file id="fl-106">
         <path>D:\Programmi\simplelink_msp432p4_sdk_3_40_01_02\source\ti\devices\msp432p4xx\driverlib\ccs\</path>
         <kind>archive</kind>
         <file>msp432p4xx_driverlib.lib</file>
         <name>timer_a.o</name>
      </input_file>
      <input_file id="fl-107">
         <path>D:\Programmi\simplelink_msp432p4_sdk_3_40_01_02\source\ti\devices\msp432p4xx\driverlib\ccs\</path>
         <kind>archive</kind>
         <file>msp432p4xx_driverlib.lib</file>
         <name>wdt_a.o</name>
      </input_file>
      <input_file id="fl-108">
         <path>D:\Programmi\simplelink_msp432p4_sdk_3_40_01_02\source\ti\devices\msp432p4xx\driverlib\ccs\</path>
         <kind>archive</kind>
         <file>msp432p4xx_driverlib.lib</file>
         <name>cpu.o</name>
      </input_file>
      <input_file id="fl-109">
         <path>D:\Programmi\simplelink_msp432p4_sdk_3_40_01_02\source\ti\grlib\lib\ccs\m4f\</path>
         <kind>archive</kind>
         <file>grlib.a</file>
         <name>context.obj</name>
      </input_file>
      <input_file id="fl-10a">
         <path>D:\Programmi\simplelink_msp432p4_sdk_3_40_01_02\source\ti\grlib\lib\ccs\m4f\</path>
         <kind>archive</kind>
         <file>grlib.a</file>
         <name>display.obj</name>
      </input_file>
      <input_file id="fl-10b">
         <path>D:\Programmi\simplelink_msp432p4_sdk_3_40_01_02\source\ti\grlib\lib\ccs\m4f\</path>
         <kind>archive</kind>
         <file>grlib.a</file>
         <name>fontcmss12.obj</name>
      </input_file>
      <input_file id="fl-10c">
         <path>D:\Programmi\simplelink_msp432p4_sdk_3_40_01_02\source\ti\grlib\lib\ccs\m4f\</path>
         <kind>archive</kind>
         <file>grlib.a</file>
         <name>fontcmss16b.obj</name>
      </input_file>
      <input_file id="fl-10d">
         <path>D:\Programmi\simplelink_msp432p4_sdk_3_40_01_02\source\ti\grlib\lib\ccs\m4f\</path>
         <kind>archive</kind>
         <file>grlib.a</file>
         <name>image.obj</name>
      </input_file>
      <input_file id="fl-10e">
         <path>D:\Programmi\simplelink_msp432p4_sdk_3_40_01_02\source\ti\grlib\lib\ccs\m4f\</path>
         <kind>archive</kind>
         <file>grlib.a</file>
         <name>string.obj</name>
      </input_file>
      <input_file id="fl-10f">
         <path>D:\Programmi\simplelink_msp432p4_sdk_3_40_01_02\source\ti\grlib\lib\ccs\m4f\</path>
         <kind>archive</kind>
         <file>grlib.a</file>
         <name>line.obj</name>
      </input_file>
   </input_file_list>
   <object_component_list>
      <object_component id="oc-26">
         <name>.intvecs:retain</name>
         <load_address>0x0</load_address>
         <run_address>0x0</run_address>
         <size>0xe4</size>
         <input_file_ref idref="fl-13"/>
      </object_component>
      <object_component id="oc-2ab">
         <name>.text:__TI_printfi</name>
         <load_address>0x7984</load_address>
         <run_address>0x7984</run_address>
         <size>0xa4e</size>
         <input_file_ref idref="fl-e8"/>
      </object_component>
      <object_component id="oc-4d4">
         <name>.text:_nop</name>
         <load_address>0x83d2</load_address>
         <run_address>0x83d2</run_address>
         <size>0x2</size>
         <input_file_ref idref="fl-f0"/>
      </object_component>
      <object_component id="oc-6d">
         <name>.text</name>
         <load_address>0x83d4</load_address>
         <run_address>0x83d4</run_address>
         <size>0x988</size>
         <input_file_ref idref="fl-d"/>
      </object_component>
      <object_component id="oc-1f5">
         <name>.text</name>
         <load_address>0x8d5c</load_address>
         <run_address>0x8d5c</run_address>
         <size>0x680</size>
         <input_file_ref idref="fl-2"/>
      </object_component>
      <object_component id="oc-2a3">
         <name>.text:Graphics_drawString</name>
         <load_address>0x93dc</load_address>
         <run_address>0x93dc</run_address>
         <size>0x47e</size>
         <input_file_ref idref="fl-10e"/>
      </object_component>
      <object_component id="oc-ac">
         <name>.text:Graphics_drawImage</name>
         <load_address>0x985a</load_address>
         <run_address>0x985a</run_address>
         <size>0x390</size>
         <input_file_ref idref="fl-10d"/>
      </object_component>
      <object_component id="oc-643">
         <name>.text</name>
         <load_address>0x9bea</load_address>
         <run_address>0x9bea</run_address>
         <size>0x2</size>
         <input_file_ref idref="fl-fa"/>
      </object_component>
      <object_component id="oc-a5">
         <name>.text</name>
         <load_address>0x9bec</load_address>
         <run_address>0x9bec</run_address>
         <size>0x334</size>
         <input_file_ref idref="fl-14"/>
      </object_component>
      <object_component id="oc-46c">
         <name>.text:_pconv_a</name>
         <load_address>0x9f20</load_address>
         <run_address>0x9f20</run_address>
         <size>0x270</size>
         <input_file_ref idref="fl-e8"/>
      </object_component>
      <object_component id="oc-45a">
         <name>.text:_pconv_g</name>
         <load_address>0xa190</load_address>
         <run_address>0xa190</run_address>
         <size>0x1d0</size>
         <input_file_ref idref="fl-e8"/>
      </object_component>
      <object_component id="oc-5b1">
         <name>.text</name>
         <load_address>0xa360</load_address>
         <run_address>0xa360</run_address>
         <size>0x1b6</size>
         <input_file_ref idref="fl-db"/>
      </object_component>
      <object_component id="oc-385">
         <name>.text:_getIndexForMemRegister</name>
         <load_address>0xa518</load_address>
         <run_address>0xa518</run_address>
         <size>0x160</size>
         <input_file_ref idref="fl-fb"/>
      </object_component>
      <object_component id="oc-606">
         <name>.text:__PCM_setPowerModeAdvanced</name>
         <load_address>0xa678</load_address>
         <run_address>0xa678</run_address>
         <size>0x15c</size>
         <input_file_ref idref="fl-101"/>
      </object_component>
      <object_component id="oc-3fe">
         <name>.text:privateTimer_AProcessClockSourceDivider</name>
         <load_address>0xa7d4</load_address>
         <run_address>0xa7d4</run_address>
         <size>0x144</size>
         <input_file_ref idref="fl-106"/>
      </object_component>
      <object_component id="oc-466">
         <name>.text:_pconv_e</name>
         <load_address>0xa918</load_address>
         <run_address>0xa918</run_address>
         <size>0x13c</size>
         <input_file_ref idref="fl-e8"/>
      </object_component>
      <object_component id="oc-597">
         <name>.text</name>
         <load_address>0xaa54</load_address>
         <run_address>0xaa54</run_address>
         <size>0x136</size>
         <input_file_ref idref="fl-dd"/>
      </object_component>
      <object_component id="oc-5c3">
         <name>.text:fcvt</name>
         <load_address>0xab8c</load_address>
         <run_address>0xab8c</run_address>
         <size>0x124</size>
         <input_file_ref idref="fl-e8"/>
      </object_component>
      <object_component id="oc-5d7">
         <name>.text:scalbn</name>
         <load_address>0xacb0</load_address>
         <run_address>0xacb0</run_address>
         <size>0x110</size>
         <input_file_ref idref="fl-d9"/>
      </object_component>
      <object_component id="oc-2d9">
         <name>.text:__PCM_setCoreVoltageLevelAdvanced</name>
         <load_address>0xadc0</load_address>
         <run_address>0xadc0</run_address>
         <size>0x108</size>
         <input_file_ref idref="fl-101"/>
      </object_component>
      <object_component id="oc-592">
         <name>.text</name>
         <load_address>0xaec8</load_address>
         <run_address>0xaec8</run_address>
         <size>0xfc</size>
         <input_file_ref idref="fl-de"/>
      </object_component>
      <object_component id="oc-29d">
         <name>.text:Graphics_getStringWidth</name>
         <load_address>0xafc4</load_address>
         <run_address>0xafc4</run_address>
         <size>0xfa</size>
         <input_file_ref idref="fl-10e"/>
      </object_component>
      <object_component id="oc-3db">
         <name>.text</name>
         <load_address>0xb0c0</load_address>
         <run_address>0xb0c0</run_address>
         <size>0xcc</size>
         <input_file_ref idref="fl-4"/>
      </object_component>
      <object_component id="oc-b8">
         <name>.text</name>
         <load_address>0xb18c</load_address>
         <run_address>0xb18c</run_address>
         <size>0xcc</size>
         <input_file_ref idref="fl-9"/>
      </object_component>
      <object_component id="oc-d6">
         <name>.text</name>
         <load_address>0xb258</load_address>
         <run_address>0xb258</run_address>
         <size>0xbc</size>
         <input_file_ref idref="fl-c"/>
      </object_component>
      <object_component id="oc-2fa">
         <name>.text:ADC14_configureConversionMemory</name>
         <load_address>0xb314</load_address>
         <run_address>0xb314</run_address>
         <size>0xb4</size>
         <input_file_ref idref="fl-fb"/>
      </object_component>
      <object_component id="oc-2f4">
         <name>.text:ADC14_configureMultiSequenceMode</name>
         <load_address>0xb3c8</load_address>
         <run_address>0xb3c8</run_address>
         <size>0xb4</size>
         <input_file_ref idref="fl-fb"/>
      </object_component>
      <object_component id="oc-44f">
         <name>.text:_ltostr</name>
         <load_address>0xb47c</load_address>
         <run_address>0xb47c</run_address>
         <size>0xb1</size>
         <input_file_ref idref="fl-e8"/>
      </object_component>
      <object_component id="oc-536">
         <name>.text:SPI_initMaster</name>
         <load_address>0xb52e</load_address>
         <run_address>0xb52e</run_address>
         <size>0xb0</size>
         <input_file_ref idref="fl-103"/>
      </object_component>
      <object_component id="oc-c4">
         <name>.text</name>
         <load_address>0xb5e0</load_address>
         <run_address>0xb5e0</run_address>
         <size>0xa0</size>
         <input_file_ref idref="fl-16"/>
      </object_component>
      <object_component id="oc-43a">
         <name>.text:Graphics_drawLineH</name>
         <load_address>0xb680</load_address>
         <run_address>0xb680</run_address>
         <size>0x9c</size>
         <input_file_ref idref="fl-10f"/>
      </object_component>
      <object_component id="oc-37">
         <name>.text</name>
         <load_address>0xb71c</load_address>
         <run_address>0xb71c</run_address>
         <size>0x9c</size>
         <input_file_ref idref="fl-e0"/>
      </object_component>
      <object_component id="oc-58b">
         <name>.text</name>
         <load_address>0xb7b8</load_address>
         <run_address>0xb7b8</run_address>
         <size>0x96</size>
         <input_file_ref idref="fl-eb"/>
      </object_component>
      <object_component id="oc-2e2">
         <name>.text:GPIO_setAsPeripheralModuleFunctionInputPin</name>
         <load_address>0xb850</load_address>
         <run_address>0xb850</run_address>
         <size>0x88</size>
         <input_file_ref idref="fl-fe"/>
      </object_component>
      <object_component id="oc-248">
         <name>.text:GPIO_setAsPeripheralModuleFunctionOutputPin</name>
         <load_address>0xb8d8</load_address>
         <run_address>0xb8d8</run_address>
         <size>0x88</size>
         <input_file_ref idref="fl-fe"/>
      </object_component>
      <object_component id="oc-455">
         <name>.text:__aeabi_cdcmple</name>
         <load_address>0xb960</load_address>
         <run_address>0xb960</run_address>
         <size>0x86</size>
         <input_file_ref idref="fl-dc"/>
      </object_component>
      <object_component id="oc-59c">
         <name>.text:__aeabi_cdrcmple</name>
         <load_address>0xb9e6</load_address>
         <run_address>0xb9e6</run_address>
         <size>0x86</size>
         <input_file_ref idref="fl-dc"/>
      </object_component>
      <object_component id="oc-22f">
         <name>.text:Interrupt_enableInterrupt</name>
         <load_address>0xba6c</load_address>
         <run_address>0xba6c</run_address>
         <size>0x80</size>
         <input_file_ref idref="fl-100"/>
      </object_component>
      <object_component id="oc-8d">
         <name>.text</name>
         <load_address>0xbaec</load_address>
         <run_address>0xbaec</run_address>
         <size>0x7a</size>
         <input_file_ref idref="fl-ea"/>
      </object_component>
      <object_component id="oc-5bc">
         <name>.text:_mcpy</name>
         <load_address>0xbb66</load_address>
         <run_address>0xbb66</run_address>
         <size>0x6e</size>
         <input_file_ref idref="fl-e8"/>
      </object_component>
      <object_component id="oc-1da">
         <name>.text:Graphics_convertPalette</name>
         <load_address>0xbbd4</load_address>
         <run_address>0xbbd4</run_address>
         <size>0x6c</size>
         <input_file_ref idref="fl-10d"/>
      </object_component>
      <object_component id="oc-121">
         <name>.text</name>
         <load_address>0xbc40</load_address>
         <run_address>0xbc40</run_address>
         <size>0x6a</size>
         <input_file_ref idref="fl-6"/>
      </object_component>
      <object_component id="oc-223">
         <name>.text:Timer_A_configureUpMode</name>
         <load_address>0xbcac</load_address>
         <run_address>0xbcac</run_address>
         <size>0x68</size>
         <input_file_ref idref="fl-106"/>
      </object_component>
      <object_component id="oc-17">
         <name>.text:decompress:lzss:__TI_decompress_lzss</name>
         <load_address>0xbd14</load_address>
         <run_address>0xbd14</run_address>
         <size>0x68</size>
         <input_file_ref idref="fl-e3"/>
      </object_component>
      <object_component id="oc-5d1">
         <name>.text:frexp</name>
         <load_address>0xbd7c</load_address>
         <run_address>0xbd7c</run_address>
         <size>0x64</size>
         <input_file_ref idref="fl-f9"/>
      </object_component>
      <object_component id="oc-4a6">
         <name>.text:PCM_getCoreVoltageLevel</name>
         <load_address>0xbde0</load_address>
         <run_address>0xbde0</run_address>
         <size>0x5e</size>
         <input_file_ref idref="fl-101"/>
      </object_component>
      <object_component id="oc-4a0">
         <name>.text:PCM_getPowerMode</name>
         <load_address>0xbe3e</load_address>
         <run_address>0xbe3e</run_address>
         <size>0x5a</size>
         <input_file_ref idref="fl-101"/>
      </object_component>
      <object_component id="oc-460">
         <name>.text:_pconv_f</name>
         <load_address>0xbe98</load_address>
         <run_address>0xbe98</run_address>
         <size>0x56</size>
         <input_file_ref idref="fl-e8"/>
      </object_component>
      <object_component id="oc-2ee">
         <name>.text:ADC14_initModule</name>
         <load_address>0xbef0</load_address>
         <run_address>0xbef0</run_address>
         <size>0x54</size>
         <input_file_ref idref="fl-fb"/>
      </object_component>
      <object_component id="oc-5a6">
         <name>.text:__TI_ltoa</name>
         <load_address>0xbf44</load_address>
         <run_address>0xbf44</run_address>
         <size>0x54</size>
         <input_file_ref idref="fl-f1"/>
      </object_component>
      <object_component id="oc-1fb">
         <name>.text:Graphics_initContext</name>
         <load_address>0xbf98</load_address>
         <run_address>0xbf98</run_address>
         <size>0x52</size>
         <input_file_ref idref="fl-109"/>
      </object_component>
      <object_component id="oc-5b6">
         <name>.text:_ecpy</name>
         <load_address>0xbfea</load_address>
         <run_address>0xbfea</run_address>
         <size>0x52</size>
         <input_file_ref idref="fl-e8"/>
      </object_component>
      <object_component id="oc-24e">
         <name>.text:Timer_A_initCompare</name>
         <load_address>0xc03c</load_address>
         <run_address>0xc03c</run_address>
         <size>0x4e</size>
         <input_file_ref idref="fl-106"/>
      </object_component>
      <object_component id="oc-449">
         <name>.text:atoi</name>
         <load_address>0xc08c</load_address>
         <run_address>0xc08c</run_address>
         <size>0x4c</size>
         <input_file_ref idref="fl-f3"/>
      </object_component>
      <object_component id="oc-ca">
         <name>.text</name>
         <load_address>0xc0d8</load_address>
         <run_address>0xc0d8</run_address>
         <size>0x4c</size>
         <input_file_ref idref="fl-8"/>
      </object_component>
      <object_component id="oc-115">
         <name>.text:FlashCtl_setWaitState</name>
         <load_address>0xc124</load_address>
         <run_address>0xc124</run_address>
         <size>0x48</size>
         <input_file_ref idref="fl-fd"/>
      </object_component>
      <object_component id="oc-f4">
         <name>.text:Graphics_drawStringCentered</name>
         <load_address>0xc16c</load_address>
         <run_address>0xc16c</run_address>
         <size>0x48</size>
         <input_file_ref idref="fl-10e"/>
      </object_component>
      <object_component id="oc-5a1">
         <name>.text</name>
         <load_address>0xc1b4</load_address>
         <run_address>0xc1b4</run_address>
         <size>0x48</size>
         <input_file_ref idref="fl-e9"/>
      </object_component>
      <object_component id="oc-1e0">
         <name>.text:Graphics_drawMultiplePixelsOnDisplay</name>
         <load_address>0xc1fc</load_address>
         <run_address>0xc1fc</run_address>
         <size>0x46</size>
         <input_file_ref idref="fl-10a"/>
      </object_component>
      <object_component id="oc-1a4">
         <name>.text:__TI_auto_init_nobinit_nopinit:__TI_auto_init_nobinit_nopinit</name>
         <load_address>0xc244</load_address>
         <run_address>0xc244</run_address>
         <size>0x44</size>
         <input_file_ref idref="fl-ec"/>
      </object_component>
      <object_component id="oc-269">
         <name>.text:GPIO_setAsOutputPin</name>
         <load_address>0xc288</load_address>
         <run_address>0xc288</run_address>
         <size>0x40</size>
         <input_file_ref idref="fl-fe"/>
      </object_component>
      <object_component id="oc-434">
         <name>.text:Graphics_getNumberOfLeadingZeros</name>
         <load_address>0xc2c8</load_address>
         <run_address>0xc2c8</run_address>
         <size>0x40</size>
         <input_file_ref idref="fl-10e"/>
      </object_component>
      <object_component id="oc-61f">
         <name>.text:is_A_Module</name>
         <load_address>0xc308</load_address>
         <run_address>0xc308</run_address>
         <size>0x40</size>
         <input_file_ref idref="fl-103"/>
      </object_component>
      <object_component id="oc-fa">
         <name>.text:sprintf</name>
         <load_address>0xc348</load_address>
         <run_address>0xc348</run_address>
         <size>0x40</size>
         <input_file_ref idref="fl-da"/>
      </object_component>
      <object_component id="oc-5c9">
         <name>.text:_fcpy</name>
         <load_address>0xc388</load_address>
         <run_address>0xc388</run_address>
         <size>0x3e</size>
         <input_file_ref idref="fl-e8"/>
      </object_component>
      <object_component id="oc-15e">
         <name>.text:ADC14_getEnabledInterruptStatus</name>
         <load_address>0xc3c8</load_address>
         <run_address>0xc3c8</run_address>
         <size>0x38</size>
         <input_file_ref idref="fl-fb"/>
      </object_component>
      <object_component id="oc-57c">
         <name>.text:Graphics_drawHorizontalLineOnDisplay</name>
         <load_address>0xc400</load_address>
         <run_address>0xc400</run_address>
         <size>0x36</size>
         <input_file_ref idref="fl-10a"/>
      </object_component>
      <object_component id="oc-306">
         <name>.text:ADC14_enableSampleTimer</name>
         <load_address>0xc438</load_address>
         <run_address>0xc438</run_address>
         <size>0x34</size>
         <input_file_ref idref="fl-fb"/>
      </object_component>
      <object_component id="oc-11b">
         <name>.text:CS_setDCOCenteredFrequency</name>
         <load_address>0xc46c</load_address>
         <run_address>0xc46c</run_address>
         <size>0x34</size>
         <input_file_ref idref="fl-fc"/>
      </object_component>
      <object_component id="oc-55">
         <name>.text:_c_int00_noargs:_c_int00_noargs</name>
         <load_address>0xc4a0</load_address>
         <run_address>0xc4a0</run_address>
         <size>0x34</size>
         <input_file_ref idref="fl-e5"/>
      </object_component>
      <object_component id="oc-12d">
         <name>.text:rand</name>
         <load_address>0xc4d4</load_address>
         <run_address>0xc4d4</run_address>
         <size>0x34</size>
         <input_file_ref idref="fl-e4"/>
      </object_component>
      <object_component id="oc-164">
         <name>.text:ADC14_clearInterruptFlag</name>
         <load_address>0xc508</load_address>
         <run_address>0xc508</run_address>
         <size>0x30</size>
         <input_file_ref idref="fl-fb"/>
      </object_component>
      <object_component id="oc-300">
         <name>.text:ADC14_enableInterrupt</name>
         <load_address>0xc538</load_address>
         <run_address>0xc538</run_address>
         <size>0x30</size>
         <input_file_ref idref="fl-fb"/>
      </object_component>
      <object_component id="oc-5ac">
         <name>.text</name>
         <load_address>0xc568</load_address>
         <run_address>0xc568</run_address>
         <size>0x2e</size>
         <input_file_ref idref="fl-df"/>
      </object_component>
      <object_component id="oc-37d">
         <name>.text:ADC14_getInterruptStatus</name>
         <load_address>0xc598</load_address>
         <run_address>0xc598</run_address>
         <size>0x2c</size>
         <input_file_ref idref="fl-fb"/>
      </object_component>
      <object_component id="oc-158">
         <name>.text:ADC14_toggleConversionTrigger</name>
         <load_address>0xc5c4</load_address>
         <run_address>0xc5c4</run_address>
         <size>0x2c</size>
         <input_file_ref idref="fl-fb"/>
      </object_component>
      <object_component id="oc-1e6">
         <name>.text:Graphics_drawPixelOnDisplay</name>
         <load_address>0xc5f0</load_address>
         <run_address>0xc5f0</run_address>
         <size>0x2c</size>
         <input_file_ref idref="fl-10a"/>
      </object_component>
      <object_component id="oc-152">
         <name>.text:Timer_A_clearCaptureCompareInterrupt</name>
         <load_address>0xc61c</load_address>
         <run_address>0xc61c</run_address>
         <size>0x2c</size>
         <input_file_ref idref="fl-106"/>
      </object_component>
      <object_component id="oc-30c">
         <name>.text:ADC14_enableConversion</name>
         <load_address>0xc648</load_address>
         <run_address>0xc648</run_address>
         <size>0x28</size>
         <input_file_ref idref="fl-fb"/>
      </object_component>
      <object_component id="oc-16a">
         <name>.text:ADC14_getResult</name>
         <load_address>0xc670</load_address>
         <run_address>0xc670</run_address>
         <size>0x28</size>
         <input_file_ref idref="fl-fb"/>
      </object_component>
      <object_component id="oc-dc">
         <name>.text:GPIO_setOutputHighOnPin</name>
         <load_address>0xc698</load_address>
         <run_address>0xc698</run_address>
         <size>0x28</size>
         <input_file_ref idref="fl-fe"/>
      </object_component>
      <object_component id="oc-263">
         <name>.text:GPIO_setOutputLowOnPin</name>
         <load_address>0xc6c0</load_address>
         <run_address>0xc6c0</run_address>
         <size>0x28</size>
         <input_file_ref idref="fl-fe"/>
      </object_component>
      <object_component id="oc-149">
         <name>.text:PCM_gotoLPM0</name>
         <load_address>0xc6e8</load_address>
         <run_address>0xc6e8</run_address>
         <size>0x28</size>
         <input_file_ref idref="fl-101"/>
      </object_component>
      <object_component id="oc-109">
         <name>.text:WDT_A_holdTimer</name>
         <load_address>0xc710</load_address>
         <run_address>0xc710</run_address>
         <size>0x24</size>
         <input_file_ref idref="fl-107"/>
      </object_component>
      <object_component id="oc-b2">
         <name>.text:Graphics_fillRectangleOnDisplay</name>
         <load_address>0xc734</load_address>
         <run_address>0xc734</run_address>
         <size>0x1e</size>
         <input_file_ref idref="fl-10a"/>
      </object_component>
      <object_component id="oc-53c">
         <name>.text:SPI_enableModule</name>
         <load_address>0xc752</load_address>
         <run_address>0xc752</run_address>
         <size>0x1c</size>
         <input_file_ref idref="fl-103"/>
      </object_component>
      <object_component id="oc-472">
         <name>.text:memccpy</name>
         <load_address>0xc76e</load_address>
         <run_address>0xc76e</run_address>
         <size>0x1c</size>
         <input_file_ref idref="fl-f5"/>
      </object_component>
      <object_component id="oc-25b">
         <name>.text:Graphics_clearDisplayOnDisplay</name>
         <load_address>0xc78a</load_address>
         <run_address>0xc78a</run_address>
         <size>0x1a</size>
         <input_file_ref idref="fl-10a"/>
      </object_component>
      <object_component id="oc-207">
         <name>.text:Graphics_setBackgroundColor</name>
         <load_address>0xc7a4</load_address>
         <run_address>0xc7a4</run_address>
         <size>0x1a</size>
         <input_file_ref idref="fl-109"/>
      </object_component>
      <object_component id="oc-20d">
         <name>.text:Graphics_setFont</name>
         <load_address>0xc7be</load_address>
         <run_address>0xc7be</run_address>
         <size>0x1a</size>
         <input_file_ref idref="fl-109"/>
      </object_component>
      <object_component id="oc-65c">
         <name>.text:copysign</name>
         <load_address>0xc7d8</load_address>
         <run_address>0xc7d8</run_address>
         <size>0x1a</size>
         <input_file_ref idref="fl-e7"/>
      </object_component>
      <object_component id="oc-2b1">
         <name>.text:_outs</name>
         <load_address>0xc7f2</load_address>
         <run_address>0xc7f2</run_address>
         <size>0x18</size>
         <input_file_ref idref="fl-da"/>
      </object_component>
      <object_component id="oc-627">
         <name>.text:EUSCI_A_SPI_enable</name>
         <load_address>0xc80a</load_address>
         <run_address>0xc80a</run_address>
         <size>0x16</size>
         <input_file_ref idref="fl-103"/>
      </object_component>
      <object_component id="oc-62d">
         <name>.text:EUSCI_B_SPI_enable</name>
         <load_address>0xc820</load_address>
         <run_address>0xc820</run_address>
         <size>0x16</size>
         <input_file_ref idref="fl-103"/>
      </object_component>
      <object_component id="oc-201">
         <name>.text:Graphics_setForegroundColor</name>
         <load_address>0xc836</load_address>
         <run_address>0xc836</run_address>
         <size>0x16</size>
         <input_file_ref idref="fl-109"/>
      </object_component>
      <object_component id="oc-3bc">
         <name>.text:Graphics_translateColorOnDisplay</name>
         <load_address>0xc84c</load_address>
         <run_address>0xc84c</run_address>
         <size>0x16</size>
         <input_file_ref idref="fl-10a"/>
      </object_component>
      <object_component id="oc-be">
         <name>.text:Timer_A_startCounter</name>
         <load_address>0xc862</load_address>
         <run_address>0xc862</run_address>
         <size>0x16</size>
         <input_file_ref idref="fl-106"/>
      </object_component>
      <object_component id="oc-5dd">
         <name>.text:strchr</name>
         <load_address>0xc878</load_address>
         <run_address>0xc878</run_address>
         <size>0x16</size>
         <input_file_ref idref="fl-f6"/>
      </object_component>
      <object_component id="oc-4ac">
         <name>.text:PCM_getPowerState</name>
         <load_address>0xc890</load_address>
         <run_address>0xc890</run_address>
         <size>0x14</size>
         <input_file_ref idref="fl-101"/>
      </object_component>
      <object_component id="oc-23b">
         <name>.text:Timer_A_stopTimer</name>
         <load_address>0xc8a4</load_address>
         <run_address>0xc8a4</run_address>
         <size>0x14</size>
         <input_file_ref idref="fl-106"/>
      </object_component>
      <object_component id="oc-443">
         <name>.text:strlen</name>
         <load_address>0xc8b8</load_address>
         <run_address>0xc8b8</run_address>
         <size>0x14</size>
         <input_file_ref idref="fl-f7"/>
      </object_component>
      <object_component id="oc-d0">
         <name>.text:Graphics_clearDisplay</name>
         <load_address>0xc8cc</load_address>
         <run_address>0xc8cc</run_address>
         <size>0x12</size>
         <input_file_ref idref="fl-109"/>
      </object_component>
      <object_component id="oc-478">
         <name>.text:wcslen</name>
         <load_address>0xc8de</load_address>
         <run_address>0xc8de</run_address>
         <size>0x12</size>
         <input_file_ref idref="fl-f8"/>
      </object_component>
      <object_component id="oc-4bb">
         <name>.text:ADCIsConversionRunning</name>
         <load_address>0xc8f0</load_address>
         <run_address>0xc8f0</run_address>
         <size>0x10</size>
         <input_file_ref idref="fl-fb"/>
      </object_component>
      <object_component id="oc-235">
         <name>.text:Interrupt_enableMaster</name>
         <load_address>0xc900</load_address>
         <run_address>0xc900</run_address>
         <size>0x10</size>
         <input_file_ref idref="fl-100"/>
      </object_component>
      <object_component id="oc-229">
         <name>.text:Interrupt_enableSleepOnIsrExit</name>
         <load_address>0xc910</load_address>
         <run_address>0xc910</run_address>
         <size>0x10</size>
         <input_file_ref idref="fl-100"/>
      </object_component>
      <object_component id="oc-10f">
         <name>.text:PCM_setCoreVoltageLevel</name>
         <load_address>0xc920</load_address>
         <run_address>0xc920</run_address>
         <size>0x10</size>
         <input_file_ref idref="fl-101"/>
      </object_component>
      <object_component id="oc-4b2">
         <name>.text:PCM_setPowerMode</name>
         <load_address>0xc930</load_address>
         <run_address>0xc930</run_address>
         <size>0x10</size>
         <input_file_ref idref="fl-101"/>
      </object_component>
      <object_component id="oc-1d">
         <name>.text:decompress:none:__TI_decompress_none</name>
         <load_address>0xc940</load_address>
         <run_address>0xc940</run_address>
         <size>0xe</size>
         <input_file_ref idref="fl-e2"/>
      </object_component>
      <object_component id="oc-67">
         <name>.text</name>
         <load_address>0xc94e</load_address>
         <run_address>0xc94e</run_address>
         <size>0xe</size>
         <input_file_ref idref="fl-13"/>
      </object_component>
      <object_component id="oc-2e8">
         <name>.text:ADC14_enableModule</name>
         <load_address>0xc95c</load_address>
         <run_address>0xc95c</run_address>
         <size>0xc</size>
         <input_file_ref idref="fl-fb"/>
      </object_component>
      <object_component id="oc-40b">
         <name>.text:CPU_cpsie</name>
         <load_address>0xc968</load_address>
         <run_address>0xc968</run_address>
         <size>0xc</size>
         <input_file_ref idref="fl-108"/>
      </object_component>
      <object_component id="oc-49">
         <name>.text:decompress:ZI:__TI_zero_init</name>
         <load_address>0xc974</load_address>
         <run_address>0xc974</run_address>
         <size>0xc</size>
         <input_file_ref idref="fl-e1"/>
      </object_component>
      <object_component id="oc-2b7">
         <name>.text:_outc</name>
         <load_address>0xc980</load_address>
         <run_address>0xc980</run_address>
         <size>0xa</size>
         <input_file_ref idref="fl-da"/>
      </object_component>
      <object_component id="oc-47e">
         <name>.text:__aeabi_errno_addr</name>
         <load_address>0xc98c</load_address>
         <run_address>0xc98c</run_address>
         <size>0x8</size>
         <input_file_ref idref="fl-e6"/>
      </object_component>
      <object_component id="oc-36b">
         <name>.text:CPU_wfi</name>
         <load_address>0xc994</load_address>
         <run_address>0xc994</run_address>
         <size>0x4</size>
         <input_file_ref idref="fl-108"/>
      </object_component>
      <object_component id="oc-93">
         <name>.text:_system_pre_init</name>
         <load_address>0xc998</load_address>
         <run_address>0xc998</run_address>
         <size>0x4</size>
         <input_file_ref idref="fl-ed"/>
      </object_component>
      <object_component id="oc-198">
         <name>.text:abort:abort</name>
         <load_address>0xc99c</load_address>
         <run_address>0xc99c</run_address>
         <size>0x4</size>
         <input_file_ref idref="fl-ef"/>
      </object_component>
      <object_component id="oc-365">
         <name>.const:.string:pixel_one</name>
         <load_address>0xe4</load_address>
         <run_address>0xe4</run_address>
         <size>0x1861</size>
         <input_file_ref idref="fl-10"/>
      </object_component>
      <object_component id="oc-353">
         <name>.const:.string:pixel_three</name>
         <load_address>0x1945</load_address>
         <run_address>0x1945</run_address>
         <size>0x1388</size>
         <input_file_ref idref="fl-15"/>
      </object_component>
      <object_component id="oc-35c">
         <name>.const:.string:pixel_two</name>
         <load_address>0x2ccd</load_address>
         <run_address>0x2ccd</run_address>
         <size>0xe72</size>
         <input_file_ref idref="fl-19"/>
      </object_component>
      <object_component id="oc-375">
         <name>.const:.string:pixel_go</name>
         <load_address>0x3b3f</load_address>
         <run_address>0x3b3f</run_address>
         <size>0x898</size>
         <input_file_ref idref="fl-a"/>
      </object_component>
      <object_component id="oc-3f2">
         <name>.const:.string:g_pucCmss16bData</name>
         <load_address>0x43d7</load_address>
         <run_address>0x43d7</run_address>
         <size>0x6ca</size>
         <input_file_ref idref="fl-10c"/>
      </object_component>
      <object_component id="oc-3f8">
         <name>.const:.string:g_pucCmss12Data</name>
         <load_address>0x4aa1</load_address>
         <run_address>0x4aa1</run_address>
         <size>0x514</size>
         <input_file_ref idref="fl-10b"/>
      </object_component>
      <object_component id="oc-28e">
         <name>.const:.string:pixel_GOOMBA</name>
         <load_address>0x4fb5</load_address>
         <run_address>0x4fb5</run_address>
         <size>0x40b</size>
         <input_file_ref idref="fl-b"/>
      </object_component>
      <object_component id="oc-2c9">
         <name>.const:.string:pixel_MARIO</name>
         <load_address>0x53c0</load_address>
         <run_address>0x53c0</run_address>
         <size>0x40b</size>
         <input_file_ref idref="fl-e"/>
      </object_component>
      <object_component id="oc-32f">
         <name>.const:.string:pixel_SONIC</name>
         <load_address>0x57cb</load_address>
         <run_address>0x57cb</run_address>
         <size>0x40b</size>
         <input_file_ref idref="fl-11"/>
      </object_component>
      <object_component id="oc-316">
         <name>.const:.string:pixel_TOAD</name>
         <load_address>0x5bd6</load_address>
         <run_address>0x5bd6</run_address>
         <size>0x40b</size>
         <input_file_ref idref="fl-17"/>
      </object_component>
      <object_component id="oc-341">
         <name>.const:.string:pixel_yoshi_nero4BPP_UNCOMP</name>
         <load_address>0x5fe1</load_address>
         <run_address>0x5fe1</run_address>
         <size>0x40b</size>
         <input_file_ref idref="fl-1a"/>
      </object_component>
      <object_component id="oc-362">
         <name>.const:palette_one</name>
         <load_address>0x63ec</load_address>
         <run_address>0x63ec</run_address>
         <size>0x400</size>
         <input_file_ref idref="fl-10"/>
      </object_component>
      <object_component id="oc-297">
         <name>.const:.string:pixel_boo</name>
         <load_address>0x67ec</load_address>
         <run_address>0x67ec</run_address>
         <size>0x288</size>
         <input_file_ref idref="fl-7"/>
      </object_component>
      <object_component id="oc-2d2">
         <name>.const:.string:pixel_marioMini</name>
         <load_address>0x6a74</load_address>
         <run_address>0x6a74</run_address>
         <size>0x1c2</size>
         <input_file_ref idref="fl-f"/>
      </object_component>
      <object_component id="oc-338">
         <name>.const:.string:pixel_sonicMini</name>
         <load_address>0x6c36</load_address>
         <run_address>0x6c36</run_address>
         <size>0x1c2</size>
         <input_file_ref idref="fl-12"/>
      </object_component>
      <object_component id="oc-31f">
         <name>.const:.string:pixel_toadMini</name>
         <load_address>0x6df8</load_address>
         <run_address>0x6df8</run_address>
         <size>0x1c2</size>
         <input_file_ref idref="fl-18"/>
      </object_component>
      <object_component id="oc-34a">
         <name>.const:.string:pixel_yoshiMini</name>
         <load_address>0x6fba</load_address>
         <run_address>0x6fba</run_address>
         <size>0x1c2</size>
         <input_file_ref idref="fl-1b"/>
      </object_component>
      <object_component id="oc-586">
         <name>.const:.string:_ctypes_</name>
         <load_address>0x717c</load_address>
         <run_address>0x717c</run_address>
         <size>0x101</size>
         <input_file_ref idref="fl-f4"/>
      </object_component>
      <object_component id="oc-219">
         <name>.const:g_sFontCmss12</name>
         <load_address>0x7280</load_address>
         <run_address>0x7280</run_address>
         <size>0xc8</size>
         <input_file_ref idref="fl-10b"/>
      </object_component>
      <object_component id="oc-216">
         <name>.const:g_sFontCmss16b</name>
         <load_address>0x7348</load_address>
         <run_address>0x7348</run_address>
         <size>0xc8</size>
         <input_file_ref idref="fl-10c"/>
      </object_component>
      <object_component id="oc-38b">
         <name>.const:_ctlRegs</name>
         <load_address>0x7410</load_address>
         <run_address>0x7410</run_address>
         <size>0x80</size>
         <input_file_ref idref="fl-fb"/>
      </object_component>
      <object_component id="oc-28b">
         <name>.const:palette_GOOMBA</name>
         <load_address>0x7490</load_address>
         <run_address>0x7490</run_address>
         <size>0x40</size>
         <input_file_ref idref="fl-b"/>
      </object_component>
      <object_component id="oc-2c6">
         <name>.const:palette_MARIO</name>
         <load_address>0x74d0</load_address>
         <run_address>0x74d0</run_address>
         <size>0x40</size>
         <input_file_ref idref="fl-e"/>
      </object_component>
      <object_component id="oc-32c">
         <name>.const:palette_SONIC</name>
         <load_address>0x7510</load_address>
         <run_address>0x7510</run_address>
         <size>0x40</size>
         <input_file_ref idref="fl-11"/>
      </object_component>
      <object_component id="oc-313">
         <name>.const:palette_TOAD</name>
         <load_address>0x7550</load_address>
         <run_address>0x7550</run_address>
         <size>0x40</size>
         <input_file_ref idref="fl-17"/>
      </object_component>
      <object_component id="oc-294">
         <name>.const:palette_boo</name>
         <load_address>0x7590</load_address>
         <run_address>0x7590</run_address>
         <size>0x40</size>
         <input_file_ref idref="fl-7"/>
      </object_component>
      <object_component id="oc-372">
         <name>.const:palette_go</name>
         <load_address>0x75d0</load_address>
         <run_address>0x75d0</run_address>
         <size>0x40</size>
         <input_file_ref idref="fl-a"/>
      </object_component>
      <object_component id="oc-2cf">
         <name>.const:palette_marioMini</name>
         <load_address>0x7610</load_address>
         <run_address>0x7610</run_address>
         <size>0x40</size>
         <input_file_ref idref="fl-f"/>
      </object_component>
      <object_component id="oc-335">
         <name>.const:palette_sonicMini</name>
         <load_address>0x7650</load_address>
         <run_address>0x7650</run_address>
         <size>0x40</size>
         <input_file_ref idref="fl-12"/>
      </object_component>
      <object_component id="oc-350">
         <name>.const:palette_three</name>
         <load_address>0x7690</load_address>
         <run_address>0x7690</run_address>
         <size>0x40</size>
         <input_file_ref idref="fl-15"/>
      </object_component>
      <object_component id="oc-31c">
         <name>.const:palette_toadMini</name>
         <load_address>0x76d0</load_address>
         <run_address>0x76d0</run_address>
         <size>0x40</size>
         <input_file_ref idref="fl-18"/>
      </object_component>
      <object_component id="oc-359">
         <name>.const:palette_two</name>
         <load_address>0x7710</load_address>
         <run_address>0x7710</run_address>
         <size>0x40</size>
         <input_file_ref idref="fl-19"/>
      </object_component>
      <object_component id="oc-347">
         <name>.const:palette_yoshiMini</name>
         <load_address>0x7750</load_address>
         <run_address>0x7750</run_address>
         <size>0x40</size>
         <input_file_ref idref="fl-1b"/>
      </object_component>
      <object_component id="oc-33e">
         <name>.const:palette_yoshi_nero4BPP_UNCOMP</name>
         <load_address>0x7790</load_address>
         <run_address>0x7790</run_address>
         <size>0x40</size>
         <input_file_ref idref="fl-1a"/>
      </object_component>
      <object_component id="oc-270">
         <name>.const:GPIO_PORT_TO_BASE</name>
         <load_address>0x77d0</load_address>
         <run_address>0x77d0</run_address>
         <size>0x30</size>
         <input_file_ref idref="fl-fe"/>
      </object_component>
      <object_component id="oc-213">
         <name>.const:g_sCrystalfontz128x128_funcs</name>
         <load_address>0x7800</load_address>
         <run_address>0x7800</run_address>
         <size>0x20</size>
         <input_file_ref idref="fl-2"/>
      </object_component>
      <object_component id="oc-542">
         <name>.const:$P$T0$1</name>
         <load_address>0x7820</load_address>
         <run_address>0x7820</run_address>
         <size>0x1c</size>
         <input_file_ref idref="fl-4"/>
      </object_component>
      <object_component id="oc-244">
         <name>.const:upConfig1</name>
         <load_address>0x783c</load_address>
         <run_address>0x783c</run_address>
         <size>0x18</size>
         <input_file_ref idref="fl-16"/>
      </object_component>
      <object_component id="oc-241">
         <name>.const:upConfig2</name>
         <load_address>0x7854</load_address>
         <run_address>0x7854</run_address>
         <size>0x18</size>
         <input_file_ref idref="fl-16"/>
      </object_component>
      <object_component id="oc-254">
         <name>.const:upConfig</name>
         <load_address>0x786c</load_address>
         <run_address>0x786c</run_address>
         <size>0x18</size>
         <input_file_ref idref="fl-16"/>
      </object_component>
      <object_component id="oc-f1">
         <name>.const:boo</name>
         <load_address>0x7884</load_address>
         <run_address>0x7884</run_address>
         <size>0x10</size>
         <input_file_ref idref="fl-7"/>
      </object_component>
      <object_component id="oc-257">
         <name>.const:compareConfig_PWM</name>
         <load_address>0x7894</load_address>
         <run_address>0x7894</run_address>
         <size>0x10</size>
         <input_file_ref idref="fl-16"/>
      </object_component>
      <object_component id="oc-14f">
         <name>.const:go</name>
         <load_address>0x78a4</load_address>
         <run_address>0x78a4</run_address>
         <size>0x10</size>
         <input_file_ref idref="fl-a"/>
      </object_component>
      <object_component id="oc-ee">
         <name>.const:goomba</name>
         <load_address>0x78b4</load_address>
         <run_address>0x78b4</run_address>
         <size>0x10</size>
         <input_file_ref idref="fl-b"/>
      </object_component>
      <object_component id="oc-103">
         <name>.const:mario</name>
         <load_address>0x78c4</load_address>
         <run_address>0x78c4</run_address>
         <size>0x10</size>
         <input_file_ref idref="fl-e"/>
      </object_component>
      <object_component id="oc-106">
         <name>.const:marioMini</name>
         <load_address>0x78d4</load_address>
         <run_address>0x78d4</run_address>
         <size>0x10</size>
         <input_file_ref idref="fl-f"/>
      </object_component>
      <object_component id="oc-146">
         <name>.const:one</name>
         <load_address>0x78e4</load_address>
         <run_address>0x78e4</run_address>
         <size>0x10</size>
         <input_file_ref idref="fl-10"/>
      </object_component>
      <object_component id="oc-133">
         <name>.const:sonic</name>
         <load_address>0x78f4</load_address>
         <run_address>0x78f4</run_address>
         <size>0x10</size>
         <input_file_ref idref="fl-11"/>
      </object_component>
      <object_component id="oc-136">
         <name>.const:sonicMini</name>
         <load_address>0x7904</load_address>
         <run_address>0x7904</run_address>
         <size>0x10</size>
         <input_file_ref idref="fl-12"/>
      </object_component>
      <object_component id="oc-140">
         <name>.const:three</name>
         <load_address>0x7914</load_address>
         <run_address>0x7914</run_address>
         <size>0x10</size>
         <input_file_ref idref="fl-15"/>
      </object_component>
      <object_component id="oc-127">
         <name>.const:toad</name>
         <load_address>0x7924</load_address>
         <run_address>0x7924</run_address>
         <size>0x10</size>
         <input_file_ref idref="fl-17"/>
      </object_component>
      <object_component id="oc-12a">
         <name>.const:toadMini</name>
         <load_address>0x7934</load_address>
         <run_address>0x7934</run_address>
         <size>0x10</size>
         <input_file_ref idref="fl-18"/>
      </object_component>
      <object_component id="oc-143">
         <name>.const:two</name>
         <load_address>0x7944</load_address>
         <run_address>0x7944</run_address>
         <size>0x10</size>
         <input_file_ref idref="fl-19"/>
      </object_component>
      <object_component id="oc-139">
         <name>.const:yoshi</name>
         <load_address>0x7954</load_address>
         <run_address>0x7954</run_address>
         <size>0x10</size>
         <input_file_ref idref="fl-1a"/>
      </object_component>
      <object_component id="oc-13c">
         <name>.const:yoshiMini</name>
         <load_address>0x7964</load_address>
         <run_address>0x7964</run_address>
         <size>0x10</size>
         <input_file_ref idref="fl-1b"/>
      </object_component>
      <object_component id="oc-3e8">
         <name>.const:$P$T0$1</name>
         <load_address>0x7974</load_address>
         <run_address>0x7974</run_address>
         <size>0x8</size>
         <input_file_ref idref="fl-2"/>
      </object_component>
      <object_component id="oc-407">
         <name>.const:g_pulEnRegs</name>
         <load_address>0x797c</load_address>
         <run_address>0x797c</run_address>
         <size>0x8</size>
         <input_file_ref idref="fl-100"/>
      </object_component>
      <object_component id="oc-6c7">
         <name>.cinit..data.load</name>
         <load_address>0xc9a0</load_address>
         <run_address>0xc9a0</run_address>
         <size>0x54</size>
      </object_component>
      <object_component id="oc-6c5">
         <name>__TI_handler_table</name>
         <load_address>0xc9f4</load_address>
         <run_address>0xc9f4</run_address>
         <size>0xc</size>
      </object_component>
      <object_component id="oc-6c8">
         <name>.cinit..bss.load</name>
         <load_address>0xca00</load_address>
         <run_address>0xca00</run_address>
         <size>0x8</size>
      </object_component>
      <object_component id="oc-6c6">
         <name>__TI_cinit_table</name>
         <load_address>0xca08</load_address>
         <run_address>0xca08</run_address>
         <size>0x10</size>
      </object_component>
      <object_component id="oc-699">
         <name>.binit</name>
         <load_address>0x0</load_address>
         <run_address>0x0</run_address>
         <size>0x0</size>
      </object_component>
      <object_component id="oc-e8">
         <name>.data:g_sCrystalfontz128x128</name>
         <load_address>0x200004c4</load_address>
         <run_address>0x200004c4</run_address>
         <size>0x10</size>
         <input_file_ref idref="fl-2"/>
      </object_component>
      <object_component id="oc-eb">
         <name>.data</name>
         <load_address>0x200004b0</load_address>
         <run_address>0x200004b0</run_address>
         <size>0x11</size>
         <input_file_ref idref="fl-d"/>
      </object_component>
      <object_component id="oc-100">
         <name>.data:fsm</name>
         <load_address>0x20000470</load_address>
         <run_address>0x20000470</run_address>
         <size>0x40</size>
         <input_file_ref idref="fl-d"/>
      </object_component>
      <object_component id="oc-1d6">
         <name>.data</name>
         <load_address>0x200004e4</load_address>
         <run_address>0x200004e4</run_address>
         <size>0x4</size>
         <input_file_ref idref="fl-14"/>
      </object_component>
      <object_component id="oc-328">
         <name>.data</name>
         <load_address>0x200004e0</load_address>
         <run_address>0x200004e0</run_address>
         <size>0x4</size>
         <input_file_ref idref="fl-e4"/>
      </object_component>
      <object_component id="oc-5ed">
         <name>.data</name>
         <load_address>0x200004dc</load_address>
         <run_address>0x200004dc</run_address>
         <size>0x4</size>
         <input_file_ref idref="fl-e6"/>
      </object_component>
      <object_component id="oc-325">
         <name>.data:$O1$$</name>
         <load_address>0x200004d4</load_address>
         <run_address>0x200004d4</run_address>
         <size>0x8</size>
         <input_file_ref idref="fl-f0"/>
      </object_component>
      <object_component id="oc-e5">
         <name>.bss</name>
         <uninitialized>true</uninitialized>
         <run_address>0x20000400</run_address>
         <size>0x2c</size>
         <input_file_ref idref="fl-d"/>
      </object_component>
      <object_component id="oc-3c2">
         <name>.bss:g_pulConvertedPalette</name>
         <uninitialized>true</uninitialized>
         <run_address>0x20000000</run_address>
         <size>0x400</size>
         <input_file_ref idref="fl-10d"/>
      </object_component>
      <object_component id="oc-3e7">
         <name>.common:Lcd_Orientation</name>
         <uninitialized>true</uninitialized>
         <run_address>0x2000046c</run_address>
         <size>0x1</size>
      </object_component>
      <object_component id="oc-3e1">
         <name>.common:Lcd_ScreenWidth</name>
         <uninitialized>true</uninitialized>
         <run_address>0x20000466</run_address>
         <size>0x2</size>
      </object_component>
      <object_component id="oc-3e2">
         <name>.common:Lcd_ScreenHeigth</name>
         <uninitialized>true</uninitialized>
         <run_address>0x20000464</run_address>
         <size>0x2</size>
      </object_component>
      <object_component id="oc-3e3">
         <name>.common:Lcd_PenSolid</name>
         <uninitialized>true</uninitialized>
         <run_address>0x2000046d</run_address>
         <size>0x1</size>
      </object_component>
      <object_component id="oc-3e4">
         <name>.common:Lcd_FontSolid</name>
         <uninitialized>true</uninitialized>
         <run_address>0x2000046b</run_address>
         <size>0x1</size>
      </object_component>
      <object_component id="oc-3e5">
         <name>.common:Lcd_FlagRead</name>
         <uninitialized>true</uninitialized>
         <run_address>0x2000046a</run_address>
         <size>0x1</size>
      </object_component>
      <object_component id="oc-3e6">
         <name>.common:Lcd_TouchTrim</name>
         <uninitialized>true</uninitialized>
         <run_address>0x20000468</run_address>
         <size>0x2</size>
      </object_component>
      <object_component id="oc-e2">
         <name>.common:g_sContext</name>
         <uninitialized>true</uninitialized>
         <run_address>0x20000448</run_address>
         <size>0x1c</size>
      </object_component>
      <object_component id="oc-13f">
         <name>.common:dev</name>
         <uninitialized>true</uninitialized>
         <run_address>0x2000042c</run_address>
         <size>0x1c</size>
      </object_component>
      <object_component id="oc-29">
         <name>.stack</name>
         <uninitialized>true</uninitialized>
         <run_address>0x2000fe00</run_address>
         <size>0x4</size>
         <input_file_ref idref="fl-e5"/>
      </object_component>
      <object_component id="oc-6ca">
         <name>.stack</name>
         <uninitialized>true</uninitialized>
         <run_address>0x2000fe00</run_address>
         <size>0x0</size>
      </object_component>
      <object_component id="oc-39b">
         <name>.debug_info</name>
         <load_address>0x0</load_address>
         <run_address>0x0</run_address>
         <size>0x93b</size>
         <input_file_ref idref="fl-2"/>
      </object_component>
      <object_component id="oc-e9">
         <name>.debug_info</name>
         <load_address>0x93b</load_address>
         <run_address>0x93b</run_address>
         <size>0x11f</size>
         <input_file_ref idref="fl-2"/>
      </object_component>
      <object_component id="oc-214">
         <name>.debug_info</name>
         <load_address>0xa5a</load_address>
         <run_address>0xa5a</run_address>
         <size>0x12b</size>
         <input_file_ref idref="fl-2"/>
      </object_component>
      <object_component id="oc-3e9">
         <name>.debug_info</name>
         <load_address>0xb85</load_address>
         <run_address>0xb85</run_address>
         <size>0x100</size>
         <input_file_ref idref="fl-2"/>
      </object_component>
      <object_component id="oc-1f6">
         <name>.debug_info</name>
         <load_address>0xc85</load_address>
         <run_address>0xc85</run_address>
         <size>0x1452</size>
         <input_file_ref idref="fl-2"/>
      </object_component>
      <object_component id="oc-183">
         <name>.debug_info</name>
         <load_address>0x20d7</load_address>
         <run_address>0x20d7</run_address>
         <size>0x26b</size>
         <input_file_ref idref="fl-2"/>
      </object_component>
      <object_component id="oc-27b">
         <name>.debug_info</name>
         <load_address>0x2342</load_address>
         <run_address>0x2342</run_address>
         <size>0x1055</size>
         <input_file_ref idref="fl-2"/>
      </object_component>
      <object_component id="oc-517">
         <name>.debug_info</name>
         <load_address>0x3397</load_address>
         <run_address>0x3397</run_address>
         <size>0x37e2</size>
         <input_file_ref idref="fl-2"/>
      </object_component>
      <object_component id="oc-576">
         <name>.debug_info</name>
         <load_address>0x6b79</load_address>
         <run_address>0x6b79</run_address>
         <size>0x9a</size>
         <input_file_ref idref="fl-2"/>
      </object_component>
      <object_component id="oc-17c">
         <name>.debug_info</name>
         <load_address>0x6c13</load_address>
         <run_address>0x6c13</run_address>
         <size>0x439</size>
         <input_file_ref idref="fl-2"/>
      </object_component>
      <object_component id="oc-56d">
         <name>.debug_info</name>
         <load_address>0x704c</load_address>
         <run_address>0x704c</run_address>
         <size>0x341</size>
         <input_file_ref idref="fl-2"/>
      </object_component>
      <object_component id="oc-32">
         <name>.debug_info</name>
         <load_address>0x738d</load_address>
         <run_address>0x738d</run_address>
         <size>0x84</size>
         <input_file_ref idref="fl-2"/>
      </object_component>
      <object_component id="oc-396">
         <name>.debug_info</name>
         <load_address>0x7411</load_address>
         <run_address>0x7411</run_address>
         <size>0x2a4</size>
         <input_file_ref idref="fl-2"/>
      </object_component>
      <object_component id="oc-391">
         <name>.debug_info</name>
         <load_address>0x76b5</load_address>
         <run_address>0x76b5</run_address>
         <size>0xef</size>
         <input_file_ref idref="fl-2"/>
      </object_component>
      <object_component id="oc-177">
         <name>.debug_info</name>
         <load_address>0x77a4</load_address>
         <run_address>0x77a4</run_address>
         <size>0xbb</size>
         <input_file_ref idref="fl-2"/>
      </object_component>
      <object_component id="oc-546">
         <name>.debug_info</name>
         <load_address>0x785f</load_address>
         <run_address>0x785f</run_address>
         <size>0x131</size>
         <input_file_ref idref="fl-2"/>
      </object_component>
      <object_component id="oc-426">
         <name>.debug_info</name>
         <load_address>0x7990</load_address>
         <run_address>0x7990</run_address>
         <size>0x9b8</size>
         <input_file_ref idref="fl-3"/>
      </object_component>
      <object_component id="oc-276">
         <name>.debug_info</name>
         <load_address>0x8348</load_address>
         <run_address>0x8348</run_address>
         <size>0x37e2</size>
         <input_file_ref idref="fl-3"/>
      </object_component>
      <object_component id="oc-172">
         <name>.debug_info</name>
         <load_address>0xbb2a</load_address>
         <run_address>0xbb2a</run_address>
         <size>0x8b</size>
         <input_file_ref idref="fl-3"/>
      </object_component>
      <object_component id="oc-636">
         <name>.debug_info</name>
         <load_address>0xbbb5</load_address>
         <run_address>0xbbb5</run_address>
         <size>0x881</size>
         <input_file_ref idref="fl-4"/>
      </object_component>
      <object_component id="oc-543">
         <name>.debug_info</name>
         <load_address>0xc436</load_address>
         <run_address>0xc436</run_address>
         <size>0x113</size>
         <input_file_ref idref="fl-4"/>
      </object_component>
      <object_component id="oc-3dd">
         <name>.debug_info</name>
         <load_address>0xc549</load_address>
         <run_address>0xc549</run_address>
         <size>0x55d</size>
         <input_file_ref idref="fl-4"/>
      </object_component>
      <object_component id="oc-122">
         <name>.debug_info</name>
         <load_address>0xcaa6</load_address>
         <run_address>0xcaa6</run_address>
         <size>0x2ac</size>
         <input_file_ref idref="fl-6"/>
[...]
      </symbol>
      <symbol id="sm-72d">
         <name>__aeabi_memset4</name>
         <value>0xbaef</value>
         <object_component_ref idref="oc-8d"/>
      </symbol>
      <symbol id="sm-72e">
         <name>__aeabi_memclr8</name>
         <value>0xbaed</value>
         <object_component_ref idref="oc-8d"/>
      </symbol>
      <symbol id="sm-72f">
         <name>__aeabi_memclr4</name>
         <value>0xbaed</value>
         <object_component_ref idref="oc-8d"/>
      </symbol>
      <symbol id="sm-730">
         <name>__aeabi_memclr</name>
         <value>0xbaed</value>
         <object_component_ref idref="oc-8d"/>
      </symbol>
      <symbol id="sm-73d">
         <name>__aeabi_uldivmod</name>
         <value>0xb7b9</value>
         <object_component_ref idref="oc-58b"/>
      </symbol>
      <symbol id="sm-765">
         <name>__TI_auto_init_nobinit_nopinit</name>
         <value>0xc245</value>
         <object_component_ref idref="oc-1a4"/>
      </symbol>
      <symbol id="sm-76f">
         <name>_system_pre_init</name>
         <value>0xc999</value>
         <object_component_ref idref="oc-93"/>
      </symbol>
      <symbol id="sm-77b">
         <name>C$$EXIT</name>
         <value>0xc99d</value>
         <object_component_ref idref="oc-198"/>
      </symbol>
      <symbol id="sm-77c">
         <name>abort</name>
         <value>0xc99d</value>
         <object_component_ref idref="oc-198"/>
      </symbol>
      <symbol id="sm-791">
         <name>_nop</name>
         <value>0x83d3</value>
         <object_component_ref idref="oc-4d4"/>
      </symbol>
      <symbol id="sm-792">
         <name>_lock</name>
         <value>0x200004d4</value>
         <object_component_ref idref="oc-325"/>
      </symbol>
      <symbol id="sm-793">
         <name>_unlock</name>
         <value>0x200004d8</value>
         <object_component_ref idref="oc-325"/>
      </symbol>
      <symbol id="sm-7a2">
         <name>__TI_ltoa</name>
         <value>0xbf45</value>
         <object_component_ref idref="oc-5a6"/>
      </symbol>
      <symbol id="sm-7b9">
         <name>atoi</name>
         <value>0xc08d</value>
         <object_component_ref idref="oc-449"/>
      </symbol>
      <symbol id="sm-7c4">
         <name>_ctypes_</name>
         <value>0x717c</value>
         <object_component_ref idref="oc-586"/>
      </symbol>
      <symbol id="sm-7d4">
         <name>memccpy</name>
         <value>0xc76f</value>
         <object_component_ref idref="oc-472"/>
      </symbol>
      <symbol id="sm-7e4">
         <name>strchr</name>
         <value>0xc879</value>
         <object_component_ref idref="oc-5dd"/>
      </symbol>
      <symbol id="sm-7f2">
         <name>strlen</name>
         <value>0xc8b9</value>
         <object_component_ref idref="oc-443"/>
      </symbol>
      <symbol id="sm-80b">
         <name>wcslen</name>
         <value>0xc8df</value>
         <object_component_ref idref="oc-478"/>
      </symbol>
      <symbol id="sm-821">
         <name>frexpl</name>
         <value>0xbd7d</value>
         <object_component_ref idref="oc-5d1"/>
      </symbol>
      <symbol id="sm-822">
         <name>frexp</name>
         <value>0xbd7d</value>
         <object_component_ref idref="oc-5d1"/>
      </symbol>
      <symbol id="sm-82c">
         <name>__aeabi_idiv0</name>
         <value>0x9beb</value>
         <object_component_ref idref="oc-643"/>
      </symbol>
      <symbol id="sm-82d">
         <name>__aeabi_ldiv0</name>
         <value>0x9beb</value>
         <object_component_ref idref="oc-643"/>
      </symbol>
      <symbol id="sm-938">
         <name>ADC14_enableInterrupt</name>
         <value>0xc539</value>
         <object_component_ref idref="oc-300"/>
      </symbol>
      <symbol id="sm-939">
         <name>ADC14_getInterruptStatus</name>
         <value>0xc599</value>
         <object_component_ref idref="oc-37d"/>
      </symbol>
      <symbol id="sm-93a">
         <name>ADC14_enableSampleTimer</name>
         <value>0xc439</value>
         <object_component_ref idref="oc-306"/>
      </symbol>
      <symbol id="sm-93b">
         <name>ADC14_enableConversion</name>
         <value>0xc649</value>
         <object_component_ref idref="oc-30c"/>
      </symbol>
      <symbol id="sm-93c">
         <name>ADC14_toggleConversionTrigger</name>
         <value>0xc5c5</value>
         <object_component_ref idref="oc-158"/>
      </symbol>
      <symbol id="sm-93d">
         <name>ADC14_getEnabledInterruptStatus</name>
         <value>0xc3c9</value>
         <object_component_ref idref="oc-15e"/>
      </symbol>
      <symbol id="sm-93e">
         <name>ADC14_initModule</name>
         <value>0xbef1</value>
         <object_component_ref idref="oc-2ee"/>
      </symbol>
      <symbol id="sm-93f">
         <name>ADC14_configureMultiSequenceMode</name>
         <value>0xb3c9</value>
         <object_component_ref idref="oc-2f4"/>
      </symbol>
      <symbol id="sm-940">
         <name>ADC14_clearInterruptFlag</name>
         <value>0xc509</value>
         <object_component_ref idref="oc-164"/>
      </symbol>
      <symbol id="sm-941">
         <name>ADC14_configureConversionMemory</name>
         <value>0xb315</value>
         <object_component_ref idref="oc-2fa"/>
      </symbol>
      <symbol id="sm-942">
         <name>ADC14_enableModule</name>
         <value>0xc95d</value>
         <object_component_ref idref="oc-2e8"/>
      </symbol>
      <symbol id="sm-943">
         <name>ADC14_getResult</name>
         <value>0xc671</value>
         <object_component_ref idref="oc-16a"/>
      </symbol>
      <symbol id="sm-951">
         <name>CS_setDCOCenteredFrequency</name>
         <value>0xc46d</value>
         <object_component_ref idref="oc-11b"/>
      </symbol>
      <symbol id="sm-960">
         <name>FlashCtl_setWaitState</name>
         <value>0xc125</value>
         <object_component_ref idref="oc-115"/>
      </symbol>
      <symbol id="sm-9a8">
         <name>GPIO_setOutputHighOnPin</name>
         <value>0xc699</value>
         <object_component_ref idref="oc-dc"/>
      </symbol>
      <symbol id="sm-9a9">
         <name>GPIO_setAsOutputPin</name>
         <value>0xc289</value>
         <object_component_ref idref="oc-269"/>
      </symbol>
      <symbol id="sm-9aa">
         <name>GPIO_setOutputLowOnPin</name>
         <value>0xc6c1</value>
         <object_component_ref idref="oc-263"/>
      </symbol>
      <symbol id="sm-9ab">
         <name>GPIO_setAsPeripheralModuleFunctionOutputPin</name>
         <value>0xb8d9</value>
         <object_component_ref idref="oc-248"/>
      </symbol>
      <symbol id="sm-9ac">
         <name>GPIO_setAsPeripheralModuleFunctionInputPin</name>
         <value>0xb851</value>
         <object_component_ref idref="oc-2e2"/>
      </symbol>
      <symbol id="sm-9dd">
         <name>Interrupt_enableSleepOnIsrExit</name>
         <value>0xc911</value>
         <object_component_ref idref="oc-229"/>
      </symbol>
      <symbol id="sm-9de">
         <name>Interrupt_enableMaster</name>
         <value>0xc901</value>
         <object_component_ref idref="oc-235"/>
      </symbol>
      <symbol id="sm-9df">
         <name>Interrupt_enableInterrupt</name>
         <value>0xba6d</value>
         <object_component_ref idref="oc-22f"/>
      </symbol>
      <symbol id="sm-a6a">
         <name>PCM_setCoreVoltageLevel</name>
         <value>0xc921</value>
         <object_component_ref idref="oc-10f"/>
      </symbol>
      <symbol id="sm-a6b">
         <name>PCM_getCoreVoltageLevel</name>
         <value>0xbde1</value>
         <object_component_ref idref="oc-4a6"/>
      </symbol>
      <symbol id="sm-a6c">
         <name>PCM_getPowerMode</name>
         <value>0xbe3f</value>
         <object_component_ref idref="oc-4a0"/>
      </symbol>
      <symbol id="sm-a6d">
         <name>PCM_getPowerState</name>
         <value>0xc891</value>
         <object_component_ref idref="oc-4ac"/>
      </symbol>
      <symbol id="sm-a6e">
         <name>PCM_gotoLPM0</name>
         <value>0xc6e9</value>
         <object_component_ref idref="oc-149"/>
      </symbol>
      <symbol id="sm-a6f">
         <name>PCM_setPowerMode</name>
         <value>0xc931</value>
         <object_component_ref idref="oc-4b2"/>
      </symbol>
      <symbol id="sm-aaf">
         <name>EUSCI_B_SPI_enable</name>
         <value>0xc821</value>
         <object_component_ref idref="oc-62d"/>
      </symbol>
      <symbol id="sm-ab0">
         <name>SPI_enableModule</name>
         <value>0xc753</value>
         <object_component_ref idref="oc-53c"/>
      </symbol>
      <symbol id="sm-ab1">
         <name>EUSCI_A_SPI_enable</name>
         <value>0xc80b</value>
         <object_component_ref idref="oc-627"/>
      </symbol>
      <symbol id="sm-ab2">
         <name>SPI_initMaster</name>
         <value>0xb52f</value>
         <object_component_ref idref="oc-536"/>
      </symbol>
      <symbol id="sm-b04">
         <name>Timer_A_clearCaptureCompareInterrupt</name>
         <value>0xc61d</value>
         <object_component_ref idref="oc-152"/>
      </symbol>
      <symbol id="sm-b05">
         <name>Timer_A_initCompare</name>
         <value>0xc03d</value>
         <object_component_ref idref="oc-24e"/>
      </symbol>
      <symbol id="sm-b06">
         <name>Timer_A_startCounter</name>
         <value>0xc863</value>
         <object_component_ref idref="oc-be"/>
      </symbol>
      <symbol id="sm-b07">
         <name>Timer_A_stopTimer</name>
         <value>0xc8a5</value>
         <object_component_ref idref="oc-23b"/>
      </symbol>
      <symbol id="sm-b08">
         <name>Timer_A_configureUpMode</name>
         <value>0xbcad</value>
         <object_component_ref idref="oc-223"/>
      </symbol>
      <symbol id="sm-b14">
         <name>WDT_A_holdTimer</name>
         <value>0xc711</value>
         <object_component_ref idref="oc-109"/>
      </symbol>
      <symbol id="sm-b26">
         <name>CPU_wfi</name>
         <value>0xc995</value>
         <object_component_ref idref="oc-36b"/>
      </symbol>
      <symbol id="sm-b27">
         <name>CPU_cpsie</name>
         <value>0xc969</value>
         <object_component_ref idref="oc-40b"/>
      </symbol>
      <symbol id="sm-b59">
         <name>Graphics_setBackgroundColor</name>
         <value>0xc7a5</value>
         <object_component_ref idref="oc-207"/>
      </symbol>
      <symbol id="sm-b5a">
         <name>Graphics_setFont</name>
         <value>0xc7bf</value>
         <object_component_ref idref="oc-20d"/>
      </symbol>
      <symbol id="sm-b5b">
         <name>Graphics_initContext</name>
         <value>0xbf99</value>
         <object_component_ref idref="oc-1fb"/>
      </symbol>
      <symbol id="sm-b5c">
         <name>Graphics_setForegroundColor</name>
         <value>0xc837</value>
         <object_component_ref idref="oc-201"/>
      </symbol>
      <symbol id="sm-b5d">
         <name>Graphics_clearDisplay</name>
         <value>0xc8cd</value>
         <object_component_ref idref="oc-d0"/>
      </symbol>
      <symbol id="sm-b92">
         <name>Graphics_clearDisplayOnDisplay</name>
         <value>0xc78b</value>
         <object_component_ref idref="oc-25b"/>
      </symbol>
      <symbol id="sm-b93">
         <name>Graphics_drawPixelOnDisplay</name>
         <value>0xc5f1</value>
         <object_component_ref idref="oc-1e6"/>
      </symbol>
      <symbol id="sm-b94">
         <name>Graphics_translateColorOnDisplay</name>
         <value>0xc84d</value>
         <object_component_ref idref="oc-3bc"/>
      </symbol>
      <symbol id="sm-b95">
         <name>Graphics_drawHorizontalLineOnDisplay</name>
         <value>0xc401</value>
         <object_component_ref idref="oc-57c"/>
      </symbol>
      <symbol id="sm-b96">
         <name>Graphics_drawMultiplePixelsOnDisplay</name>
         <value>0xc1fd</value>
         <object_component_ref idref="oc-1e0"/>
      </symbol>
      <symbol id="sm-b97">
         <name>Graphics_fillRectangleOnDisplay</name>
         <value>0xc735</value>
         <object_component_ref idref="oc-b2"/>
      </symbol>
      <symbol id="sm-ba9">
         <name>g_sFontCmss12</name>
         <value>0x7280</value>
         <object_component_ref idref="oc-219"/>
      </symbol>
      <symbol id="sm-bbb">
         <name>g_sFontCmss16b</name>
         <value>0x7348</value>
         <object_component_ref idref="oc-216"/>
      </symbol>
      <symbol id="sm-bf1">
         <name>Graphics_drawImage</name>
         <value>0x985b</value>
         <object_component_ref idref="oc-ac"/>
      </symbol>
      <symbol id="sm-c49">
         <name>Graphics_drawStringCentered</name>
         <value>0xc16d</value>
         <object_component_ref idref="oc-f4"/>
      </symbol>
      <symbol id="sm-c4a">
         <name>Graphics_drawString</name>
         <value>0x93dd</value>
         <object_component_ref idref="oc-2a3"/>
      </symbol>
      <symbol id="sm-c4b">
         <name>Graphics_getStringWidth</name>
         <value>0xafc5</value>
         <object_component_ref idref="oc-29d"/>
      </symbol>
      <symbol id="sm-c5e">
         <name>Graphics_drawLineH</name>
         <value>0xb681</value>
         <object_component_ref idref="oc-43a"/>
      </symbol>
      <symbol id="sm-c5f">
         <name>__TI_static_base__</name>
         <value>0x0</value>
      </symbol>
      <symbol id="sm-c62">
         <name>__mpu_init</name>
         <value>0x0</value>
      </symbol>
      <symbol id="sm-c63">
         <name>_system_post_cinit</name>
         <value>0x0</value>
      </symbol>
      <symbol id="sm-c64">
         <name>NMI_Handler</name>
         <value>0xc95b</value>
      </symbol>
      <symbol id="sm-c65">
         <name>HardFault_Handler</name>
         <value>0xc95b</value>
      </symbol>
      <symbol id="sm-c66">
         <name>MemManage_Handler</name>
         <value>0xc95b</value>
      </symbol>
      <symbol id="sm-c67">
         <name>BusFault_Handler</name>
         <value>0xc95b</value>
      </symbol>
      <symbol id="sm-c68">
         <name>UsageFault_Handler</name>
         <value>0xc95b</value>
      </symbol>
      <symbol id="sm-c69">
         <name>SVC_Handler</name>
         <value>0xc95b</value>
      </symbol>
      <symbol id="sm-c6a">
         <name>DebugMon_Handler</name>
         <value>0xc95b</value>
      </symbol>
      <symbol id="sm-c6b">
         <name>PendSV_Handler</name>
         <value>0xc95b</value>
      </symbol>
      <symbol id="sm-c6c">
         <name>SysTick_Handler</name>
         <value>0xc95b</value>
      </symbol>
      <symbol id="sm-c6d">
         <name>PSS_IRQHandler</name>
         <value>0xc95b</value>
      </symbol>
      <symbol id="sm-c6e">
         <name>CS_IRQHandler</name>
         <value>0xc95b</value>
      </symbol>
      <symbol id="sm-c6f">
         <name>PCM_IRQHandler</name>
         <value>0xc95b</value>
      </symbol>
      <symbol id="sm-c70">
         <name>WDT_A_IRQHandler</name>
         <value>0xc95b</value>
      </symbol>
      <symbol id="sm-c71">
         <name>FPU_IRQHandler</name>
         <value>0xc95b</value>
      </symbol>
      <symbol id="sm-c72">
         <name>FLCTL_IRQHandler</name>
         <value>0xc95b</value>
      </symbol>
      <symbol id="sm-c73">
         <name>COMP_E0_IRQHandler</name>
         <value>0xc95b</value>
      </symbol>
      <symbol id="sm-c74">
         <name>COMP_E1_IRQHandler</name>
         <value>0xc95b</value>
      </symbol>
      <symbol id="sm-c75">
         <name>TA0_0_IRQHandler</name>
         <value>0xc95b</value>
      </symbol>
      <symbol id="sm-c76">
         <name>TA0_N_IRQHandler</name>
         <value>0xc95b</value>
      </symbol>
      <symbol id="sm-c77">
         <name>TA1_0_IRQHandler</name>
         <value>0x88fd</value>
      </symbol>
      <symbol id="sm-c78">
         <name>TA1_N_IRQHandler</name>
         <value>0xc95b</value>
      </symbol>
      <symbol id="sm-c79">
         <name>TA2_0_IRQHandler</name>
         <value>0x8aed</value>
      </symbol>
      <symbol id="sm-c7a">
         <name>TA2_N_IRQHandler</name>
         <value>0xc95b</value>
      </symbol>
      <symbol id="sm-c7b">
         <name>TA3_0_IRQHandler</name>
         <value>0x8a39</value>
      </symbol>
      <symbol id="sm-c7c">
         <name>TA3_N_IRQHandler</name>
         <value>0xc95b</value>
      </symbol>
      <symbol id="sm-c7d">
         <name>EUSCIA0_IRQHandler</name>
         <value>0xc95b</value>
      </symbol>
      <symbol id="sm-c7e">
         <name>EUSCIA1_IRQHandler</name>
         <value>0xc95b</value>
      </symbol>
      <symbol id="sm-c7f">
         <name>EUSCIA2_IRQHandler</name>
         <value>0xc95b</value>
      </symbol>
      <symbol id="sm-c80">
         <name>EUSCIA3_IRQHandler</name>
         <value>0xc95b</value>
      </symbol>
      <symbol id="sm-c81">
         <name>EUSCIB0_IRQHandler</name>
         <value>0xc95b</value>
      </symbol>
      <symbol id="sm-c82">
         <name>EUSCIB1_IRQHandler</name>
         <value>0xc95b</value>
      </symbol>
      <symbol id="sm-c83">
         <name>EUSCIB2_IRQHandler</name>
         <value>0xc95b</value>
      </symbol>
      <symbol id="sm-c84">
         <name>EUSCIB3_IRQHandler</name>
         <value>0xc95b</value>
      </symbol>
      <symbol id="sm-c85">
         <name>ADC14_IRQHandler</name>
         <value>0x8bad</value>
      </symbol>
      <symbol id="sm-c86">
         <name>T32_INT1_IRQHandler</name>
         <value>0xc95b</value>
      </symbol>
      <symbol id="sm-c87">
         <name>T32_INT2_IRQHandler</name>
         <value>0xc95b</value>
      </symbol>
      <symbol id="sm-c88">
         <name>T32_INTC_IRQHandler</name>
         <value>0xc95b</value>
      </symbol>
      <symbol id="sm-c89">
         <name>AES256_IRQHandler</name>
         <value>0xc95b</value>
      </symbol>
      <symbol id="sm-c8a">
         <name>RTC_C_IRQHandler</name>
         <value>0xc95b</value>
      </symbol>
      <symbol id="sm-c8b">
         <name>DMA_ERR_IRQHandler</name>
         <value>0xc95b</value>
      </symbol>
      <symbol id="sm-c8c">
         <name>DMA_INT3_IRQHandler</name>
         <value>0xc95b</value>
      </symbol>
      <symbol id="sm-c8d">
         <name>DMA_INT2_IRQHandler</name>
         <value>0xc95b</value>
      </symbol>
      <symbol id="sm-c8e">
         <name>DMA_INT1_IRQHandler</name>
         <value>0xc95b</value>
      </symbol>
      <symbol id="sm-c8f">
         <name>DMA_INT0_IRQHandler</name>
         <value>0xc95b</value>
      </symbol>
      <symbol id="sm-c90">
         <name>PORT1_IRQHandler</name>
         <value>0xc95b</value>
      </symbol>
      <symbol id="sm-c91">
         <name>PORT2_IRQHandler</name>
         <value>0xc95b</value>
      </symbol>
      <symbol id="sm-c92">
         <name>PORT3_IRQHandler</name>
         <value>0xc95b</value>
      </symbol>
      <symbol id="sm-c93">
         <name>PORT4_IRQHandler</name>
         <value>0xc95b</value>
      </symbol>
      <symbol id="sm-c94">
         <name>PORT5_IRQHandler</name>
         <value>0xc95b</value>
      </symbol>
      <symbol id="sm-c95">
         <name>PORT6_IRQHandler</name>
         <value>0xc95b</value>
      </symbol>
   </symbol_table>
   <title>Link successful</title>
</link_info>
