******************************************************************************
                  TI ARM Linker PC v20.2.7                     
******************************************************************************
>> Linked Tue Feb 21 20:40:20 2023

OUTPUT FILE NAME:   <spostamento.out>
ENTRY POINT SYMBOL: "_c_int00_noargs"  address: 0000c5ed


MEMORY CONFIGURATION

         name            origin    length      used     unused   attr    fill
----------------------  --------  ---------  --------  --------  ----  --------
  MAIN                  00000000   00040000  0000cb74  0003348c  R  X
  INFO                  00200000   00004000  00000000  00004000  R  X
  SRAM_CODE             01000000   00010000  000006fe  0000f902  RW X
  SRAM_DATA             20000000   00010000  000006fe  0000f902  RW  


SEGMENT ALLOCATION MAP

run origin  load origin   length   init length attrs members
----------  ----------- ---------- ----------- ----- -------
00000000    00000000    0000cb78   0000cb78    r-x
  00000000    00000000    000000e4   000000e4    r-- .intvecs
  000000e4    000000e4    00007890   00007890    r-- .const
  00007974    00007974    00005178   00005178    r-x .text
  0000caf0    0000caf0    00000088   00000088    r-- .cinit
20000000    20000000    00000500   00000000    rw-
  20000000    20000000    00000482   00000000    rw- .bss
  20000484    20000484    0000007c   00000000    rw- .data
2000fe00    2000fe00    00000200   00000000    rw-
  2000fe00    2000fe00    00000200   00000000    rw- .stack


SECTION ALLOCATION MAP

 output                                  attributes/
section   page    origin      length       input sections
--------  ----  ----------  ----------   ----------------
.intvecs   0    00000000    000000e4     
                  00000000    000000e4     startup_msp432p401r_ccs.obj (.intvecs:retain)

.const     0    000000e4    00007890     
                  000000e4    00001861     one.obj (.const:.string:pixel_one)
                  00001945    00001388     three.obj (.const:.string:pixel_three)
                  00002ccd    00000e72     two.obj (.const:.string:pixel_two)
                  00003b3f    00000898     go.obj (.const:.string:pixel_go)
                  000043d7    000006ca     grlib.a : fontcmss16b.obj (.const:.string:g_pucCmss16bData)
                  00004aa1    00000514             : fontcmss12.obj (.const:.string:g_pucCmss12Data)
                  00004fb5    0000040b     goomba.obj (.const:.string:pixel_GOOMBA)
                  000053c0    0000040b     mario.obj (.const:.string:pixel_MARIO)
                  000057cb    0000040b     sonic.obj (.const:.string:pixel_SONIC)
                  00005bd6    0000040b     toad.obj (.const:.string:pixel_TOAD)
                  00005fe1    0000040b     yoshi.obj (.const:.string:pixel_yoshi_nero4BPP_UNCOMP)
                  000063ec    00000400     one.obj (.const:palette_one)
                  000067ec    00000288     boo.obj (.const:.string:pixel_boo)
                  00006a74    000001c2     marioMini.obj (.const:.string:pixel_marioMini)
                  00006c36    000001c2     sonicMini.obj (.const:.string:pixel_sonicMini)
                  00006df8    000001c2     toadMini.obj (.const:.string:pixel_toadMini)
                  00006fba    000001c2     yoshiMini.obj (.const:.string:pixel_yoshiMini)
                  0000717c    00000101     rtsv7M4_T_le_v4SPD16_eabi.lib : ctype.c.obj (.const:.string:_ctypes_)
                  0000727d    00000003     --HOLE-- [fill = 0]
                  00007280    000000c8     grlib.a : fontcmss12.obj (.const:g_sFontCmss12)
                  00007348    000000c8             : fontcmss16b.obj (.const:g_sFontCmss16b)
                  00007410    00000080     msp432p4xx_driverlib.lib : adc14.o (.const:_ctlRegs)
                  00007490    00000040     goomba.obj (.const:palette_GOOMBA)
                  000074d0    00000040     mario.obj (.const:palette_MARIO)
                  00007510    00000040     sonic.obj (.const:palette_SONIC)
                  00007550    00000040     toad.obj (.const:palette_TOAD)
                  00007590    00000040     boo.obj (.const:palette_boo)
                  000075d0    00000040     go.obj (.const:palette_go)
                  00007610    00000040     marioMini.obj (.const:palette_marioMini)
                  00007650    00000040     sonicMini.obj (.const:palette_sonicMini)
                  00007690    00000040     three.obj (.const:palette_three)
                  000076d0    00000040     toadMini.obj (.const:palette_toadMini)
                  00007710    00000040     two.obj (.const:palette_two)
                  00007750    00000040     yoshiMini.obj (.const:palette_yoshiMini)
                  00007790    00000040     yoshi.obj (.const:palette_yoshi_nero4BPP_UNCOMP)
                  000077d0    00000030     msp432p4xx_driverlib.lib : gpio.o (.const:GPIO_PORT_TO_BASE)
                  00007800    00000020     Crystalfontz128x128_ST7735.obj (.const:g_sCrystalfontz128x128_funcs)
                  00007820    0000001c     HAL_MSP_EXP432P401R_Crystalfontz128x128_ST7735.obj (.const:$P$T0$1)
                  0000783c    00000018     main.obj (.const:upConfig1)
                  00007854    00000018     main.obj (.const:upConfig2)
                  0000786c    00000018     main.obj (.const:upConfig)
                  00007884    00000010     boo.obj (.const:boo)
                  00007894    00000010     go.obj (.const:go)
                  000078a4    00000010     goomba.obj (.const:goomba)
                  000078b4    00000010     mario.obj (.const:mario)
                  000078c4    00000010     marioMini.obj (.const:marioMini)
                  000078d4    00000010     one.obj (.const:one)
                  000078e4    00000010     sonic.obj (.const:sonic)
                  000078f4    00000010     sonicMini.obj (.const:sonicMini)
                  00007904    00000010     three.obj (.const:three)
                  00007914    00000010     toad.obj (.const:toad)
                  00007924    00000010     toadMini.obj (.const:toadMini)
                  00007934    00000010     two.obj (.const:two)
                  00007944    00000010     yoshi.obj (.const:yoshi)
                  00007954    00000010     yoshiMini.obj (.const:yoshiMini)
                  00007964    00000008     Crystalfontz128x128_ST7735.obj (.const:$P$T0$1)
                  0000796c    00000008     msp432p4xx_driverlib.lib : interrupt.o (.const:g_pulEnRegs)

.text      0    00007974    00005178     
                  00007974    00000dc8     main.obj (.text)
                  0000873c    00000a4e     rtsv7M4_T_le_v4SPD16_eabi.lib : _printfi.c.obj (.text:__TI_printfi)
                  0000918a    00000002                                   : _lock.c.obj (.text:_nop)
                  0000918c    00000680     Crystalfontz128x128_ST7735.obj (.text)
                  0000980c    0000047e     grlib.a : string.obj (.text:Graphics_drawString)
                  00009c8a    00000390             : image.obj (.text:Graphics_drawImage)
                  0000a01a    00000002     rtsv7M4_T_le_v4SPD16_eabi.lib : div0.asm.obj (.text)
                  0000a01c    00000334     system_msp432p401r.obj (.text)
                  0000a350    00000270     rtsv7M4_T_le_v4SPD16_eabi.lib : _printfi.c.obj (.text:_pconv_a)
                  0000a5c0    000001d0                                   : _printfi.c.obj (.text:_pconv_g)
                  0000a790    000001b6                                   : fd_add_t2.asm.obj (.text)
                  0000a946    00000002     --HOLE-- [fill = 0]
                  0000a948    00000160     msp432p4xx_driverlib.lib : adc14.o (.text:_getIndexForMemRegister)
                  0000aaa8    0000015c                              : pcm.o (.text:__PCM_setPowerModeAdvanced)
                  0000ac04    00000144                              : timer_a.o (.text:privateTimer_AProcessClockSourceDivider)
                  0000ad48    0000013c     rtsv7M4_T_le_v4SPD16_eabi.lib : _printfi.c.obj (.text:_pconv_e)
                  0000ae84    00000136                                   : fd_div_t2.asm.obj (.text)
                  0000afba    00000002     --HOLE-- [fill = 0]
                  0000afbc    00000124                                   : _printfi.c.obj (.text:fcvt)
                  0000b0e0    00000110                                   : s_scalbn.c.obj (.text:scalbn)
                  0000b1f0    00000108     msp432p4xx_driverlib.lib : pcm.o (.text:__PCM_setCoreVoltageLevelAdvanced)
                  0000b2f8    000000fc     rtsv7M4_T_le_v4SPD16_eabi.lib : fd_mul_t2.asm.obj (.text)
                  0000b3f4    000000fa     grlib.a : string.obj (.text:Graphics_getStringWidth)
                  0000b4ee    00000002     --HOLE-- [fill = 0]
                  0000b4f0    000000cc     HAL_MSP_EXP432P401R_Crystalfontz128x128_ST7735.obj (.text)
                  0000b5bc    000000b4     msp432p4xx_driverlib.lib : adc14.o (.text:ADC14_configureConversionMemory)
                  0000b670    000000b4                              : adc14.o (.text:ADC14_configureMultiSequenceMode)
                  0000b724    000000b1     rtsv7M4_T_le_v4SPD16_eabi.lib : _printfi.c.obj (.text:_ltostr)
                  0000b7d5    00000001     --HOLE-- [fill = 0]
                  0000b7d6    000000b0     msp432p4xx_driverlib.lib : spi.o (.text:SPI_initMaster)
                  0000b886    0000009c     grlib.a : line.obj (.text:Graphics_drawLineH)
                  0000b922    0000009c     rtsv7M4_T_le_v4SPD16_eabi.lib : memcpy_t2.asm.obj (.text)
                  0000b9be    00000096                                   : ull_div_t2.asm.obj (.text)
                  0000ba54    00000088     msp432p4xx_driverlib.lib : gpio.o (.text:GPIO_setAsPeripheralModuleFunctionInputPin)
                  0000badc    00000088                              : gpio.o (.text:GPIO_setAsPeripheralModuleFunctionOutputPin)
                  0000bb64    00000086     rtsv7M4_T_le_v4SPD16_eabi.lib : fd_cmp_t2.asm.obj (.text:__aeabi_cdcmple)
                  0000bbea    00000086                                   : fd_cmp_t2.asm.obj (.text:__aeabi_cdrcmple)
                  0000bc70    00000080     msp432p4xx_driverlib.lib : interrupt.o (.text:Interrupt_enableInterrupt)
                  0000bcf0    0000007a     rtsv7M4_T_le_v4SPD16_eabi.lib : memset_t2.asm.obj (.text)
                  0000bd6a    0000006e                                   : _printfi.c.obj (.text:_mcpy)
                  0000bdd8    0000006c     grlib.a : image.obj (.text:Graphics_convertPalette)
                  0000be44    00000068     msp432p4xx_driverlib.lib : timer_a.o (.text:Timer_A_configureUpMode)
                  0000beac    00000068     rtsv7M4_T_le_v4SPD16_eabi.lib : copy_decompress_lzss.c.obj (.text:decompress:lzss:__TI_decompress_lzss)
                  0000bf14    00000064                                   : s_frexp.c.obj (.text:frexp)
                  0000bf78    0000005e     msp432p4xx_driverlib.lib : pcm.o (.text:PCM_getCoreVoltageLevel)
                  0000bfd6    0000005a                              : pcm.o (.text:PCM_getPowerMode)
                  0000c030    00000056     rtsv7M4_T_le_v4SPD16_eabi.lib : _printfi.c.obj (.text:_pconv_f)
                  0000c086    00000002     --HOLE-- [fill = 0]
                  0000c088    00000054     msp432p4xx_driverlib.lib : adc14.o (.text:ADC14_initModule)
                  0000c0dc    00000054     rtsv7M4_T_le_v4SPD16_eabi.lib : _ltoa.c.obj (.text:__TI_ltoa)
                  0000c130    00000052     grlib.a : context.obj (.text:Graphics_initContext)
                  0000c182    00000052     rtsv7M4_T_le_v4SPD16_eabi.lib : _printfi.c.obj (.text:_ecpy)
                  0000c1d4    0000004e     msp432p4xx_driverlib.lib : timer_a.o (.text:Timer_A_initCompare)
                  0000c222    00000002     --HOLE-- [fill = 0]
                  0000c224    0000004c     rtsv7M4_T_le_v4SPD16_eabi.lib : atoi.c.obj (.text:atoi)
                  0000c270    00000048     msp432p4xx_driverlib.lib : flash.o (.text:FlashCtl_setWaitState)
                  0000c2b8    00000048     grlib.a : string.obj (.text:Graphics_drawStringCentered)
                  0000c300    00000048     rtsv7M4_T_le_v4SPD16_eabi.lib : fd_toi_t2.asm.obj (.text)
                  0000c348    00000046     grlib.a : display.obj (.text:Graphics_drawMultiplePixelsOnDisplay)
                  0000c38e    00000002     --HOLE-- [fill = 0]
                  0000c390    00000044     rtsv7M4_T_le_v4SPD16_eabi.lib : autoinit.c.obj (.text:__TI_auto_init_nobinit_nopinit:__TI_auto_init_nobinit_nopinit)
                  0000c3d4    00000040     msp432p4xx_driverlib.lib : gpio.o (.text:GPIO_setAsOutputPin)
                  0000c414    00000040     grlib.a : string.obj (.text:Graphics_getNumberOfLeadingZeros)
                  0000c454    00000040     msp432p4xx_driverlib.lib : spi.o (.text:is_A_Module)
                  0000c494    00000040     rtsv7M4_T_le_v4SPD16_eabi.lib : sprintf.c.obj (.text:sprintf)
                  0000c4d4    0000003e                                   : _printfi.c.obj (.text:_fcpy)
                  0000c512    00000002     --HOLE-- [fill = 0]
                  0000c514    00000038     msp432p4xx_driverlib.lib : adc14.o (.text:ADC14_getEnabledInterruptStatus)
                  0000c54c    00000036     grlib.a : display.obj (.text:Graphics_drawHorizontalLineOnDisplay)
                  0000c582    00000002     --HOLE-- [fill = 0]
                  0000c584    00000034     msp432p4xx_driverlib.lib : adc14.o (.text:ADC14_enableSampleTimer)
                  0000c5b8    00000034                              : cs.o (.text:CS_setDCOCenteredFrequency)
                  0000c5ec    00000034     rtsv7M4_T_le_v4SPD16_eabi.lib : boot_cortex_m.c.obj (.text:_c_int00_noargs:_c_int00_noargs)
                  0000c620    00000034                                   : rand.c.obj (.text:rand)
                  0000c654    00000030     msp432p4xx_driverlib.lib : adc14.o (.text:ADC14_clearInterruptFlag)
                  0000c684    00000030                              : adc14.o (.text:ADC14_enableInterrupt)
                  0000c6b4    0000002e     rtsv7M4_T_le_v4SPD16_eabi.lib : i_tofd_t2.asm.obj (.text)
                  0000c6e2    00000002     --HOLE-- [fill = 0]
                  0000c6e4    0000002c     msp432p4xx_driverlib.lib : adc14.o (.text:ADC14_getInterruptStatus)
                  0000c710    0000002c                              : adc14.o (.text:ADC14_toggleConversionTrigger)
                  0000c73c    0000002c     grlib.a : display.obj (.text:Graphics_drawPixelOnDisplay)
                  0000c768    0000002c     msp432p4xx_driverlib.lib : timer_a.o (.text:Timer_A_clearCaptureCompareInterrupt)
                  0000c794    00000028                              : adc14.o (.text:ADC14_enableConversion)
                  0000c7bc    00000028                              : adc14.o (.text:ADC14_getResult)
                  0000c7e4    00000028                              : gpio.o (.text:GPIO_setOutputHighOnPin)
                  0000c80c    00000028                              : gpio.o (.text:GPIO_setOutputLowOnPin)
                  0000c834    00000028                              : pcm.o (.text:PCM_gotoLPM0)
                  0000c85c    00000024                              : wdt_a.o (.text:WDT_A_holdTimer)
                  0000c880    0000001e     grlib.a : display.obj (.text:Graphics_fillRectangleOnDisplay)
                  0000c89e    0000001c     msp432p4xx_driverlib.lib : spi.o (.text:SPI_enableModule)
                  0000c8ba    0000001c     rtsv7M4_T_le_v4SPD16_eabi.lib : memccpy.c.obj (.text:memccpy)
                  0000c8d6    0000001a     grlib.a : display.obj (.text:Graphics_clearDisplayOnDisplay)
                  0000c8f0    0000001a             : context.obj (.text:Graphics_setBackgroundColor)
                  0000c90a    0000001a             : context.obj (.text:Graphics_setFont)
                  0000c924    0000001a     rtsv7M4_T_le_v4SPD16_eabi.lib : s_copysign.c.obj (.text:copysign)
                  0000c93e    00000018                                   : sprintf.c.obj (.text:_outs)
                  0000c956    00000016     msp432p4xx_driverlib.lib : spi.o (.text:EUSCI_A_SPI_enable)
                  0000c96c    00000016                              : spi.o (.text:EUSCI_B_SPI_enable)
                  0000c982    00000016     grlib.a : context.obj (.text:Graphics_setForegroundColor)
                  0000c998    00000016             : display.obj (.text:Graphics_translateColorOnDisplay)
                  0000c9ae    00000016     msp432p4xx_driverlib.lib : timer_a.o (.text:Timer_A_startCounter)
                  0000c9c4    00000016     rtsv7M4_T_le_v4SPD16_eabi.lib : strchr.c.obj (.text:strchr)
                  0000c9da    00000002     --HOLE-- [fill = 0]
                  0000c9dc    00000014     msp432p4xx_driverlib.lib : pcm.o (.text:PCM_getPowerState)
                  0000c9f0    00000014                              : timer_a.o (.text:Timer_A_stopTimer)
                  0000ca04    00000014     rtsv7M4_T_le_v4SPD16_eabi.lib : strlen.c.obj (.text:strlen)
                  0000ca18    00000012     grlib.a : context.obj (.text:Graphics_clearDisplay)
                  0000ca2a    00000012     rtsv7M4_T_le_v4SPD16_eabi.lib : wcslen.c.obj (.text:wcslen)
                  0000ca3c    00000010     msp432p4xx_driverlib.lib : adc14.o (.text:ADCIsConversionRunning)
                  0000ca4c    00000010                              : interrupt.o (.text:Interrupt_enableMaster)
                  0000ca5c    00000010                              : interrupt.o (.text:Interrupt_enableSleepOnIsrExit)
                  0000ca6c    00000010                              : pcm.o (.text:PCM_setCoreVoltageLevel)
                  0000ca7c    00000010                              : pcm.o (.text:PCM_setPowerMode)
                  0000ca8c    0000000e     rtsv7M4_T_le_v4SPD16_eabi.lib : copy_decompress_none.c.obj (.text:decompress:none:__TI_decompress_none)
                  0000ca9a    0000000e     startup_msp432p401r_ccs.obj (.text)
                  0000caa8    0000000c     msp432p4xx_driverlib.lib : adc14.o (.text:ADC14_enableModule)
                  0000cab4    0000000c                              : cpu.o (.text:CPU_cpsie)
                  0000cac0    0000000c     rtsv7M4_T_le_v4SPD16_eabi.lib : copy_zero_init.c.obj (.text:decompress:ZI:__TI_zero_init)
                  0000cacc    0000000a                                   : sprintf.c.obj (.text:_outc)
                  0000cad6    00000002     --HOLE-- [fill = 0]
                  0000cad8    00000008                                   : errno.c.obj (.text:__aeabi_errno_addr)
                  0000cae0    00000004     msp432p4xx_driverlib.lib : cpu.o (.text:CPU_wfi)
                  0000cae4    00000004     rtsv7M4_T_le_v4SPD16_eabi.lib : pre_init.c.obj (.text:_system_pre_init)
                  0000cae8    00000004                                   : exit.c.obj (.text:abort:abort)

.cinit     0    0000caf0    00000088     
                  0000caf0    0000005e     (.cinit..data.load) [load image, compression = lzss]
                  0000cb4e    00000002     --HOLE-- [fill = 0]
                  0000cb50    0000000c     (__TI_handler_table)
                  0000cb5c    00000004     --HOLE-- [fill = 0]
                  0000cb60    00000008     (.cinit..bss.load) [load image, compression = zero_init]
                  0000cb68    00000010     (__TI_cinit_table)

.init_array 
*          0    00000000    00000000     UNINITIALIZED

.binit     0    00000000    00000000     

.bss       0    20000000    00000482     UNINITIALIZED
                  20000000    00000400     grlib.a : image.obj (.bss:g_pulConvertedPalette)
                  20000400    0000002c     main.obj (.bss)
                  2000042c    0000001c     (.common:dev)
                  20000448    0000001c     (.common:g_sContext)
                  20000464    00000008     main.obj (.bss:resultsBuffer)
                  2000046c    00000004     (.common:badChar)
                  20000470    00000004     (.common:character)
                  20000474    00000004     (.common:characterMini)
                  20000478    00000002     (.common:Lcd_ScreenHeigth)
                  2000047a    00000002     (.common:Lcd_ScreenWidth)
                  2000047c    00000002     (.common:Lcd_TouchTrim)
                  2000047e    00000001     (.common:Lcd_FlagRead)
                  2000047f    00000001     (.common:Lcd_FontSolid)
                  20000480    00000001     (.common:Lcd_Orientation)
                  20000481    00000001     (.common:Lcd_PenSolid)

.data      0    20000484    0000007c     UNINITIALIZED
                  20000484    00000040     main.obj (.data:fsm)
                  200004c4    00000010     main.obj (.data:compareConfig_PWM)
                  200004d4    00000010     Crystalfontz128x128_ST7735.obj (.data:g_sCrystalfontz128x128)
                  200004e4    00000008     rtsv7M4_T_le_v4SPD16_eabi.lib : _lock.c.obj (.data:$O1$$)
                  200004ec    00000005     main.obj (.data)
                  200004f1    00000003     --HOLE--
                  200004f4    00000004     rtsv7M4_T_le_v4SPD16_eabi.lib : errno.c.obj (.data)
                  200004f8    00000004                                   : rand.c.obj (.data)
                  200004fc    00000004     system_msp432p401r.obj (.data)

.stack     0    2000fe00    00000200     UNINITIALIZED
                  2000fe00    00000004     rtsv7M4_T_le_v4SPD16_eabi.lib : boot_cortex_m.c.obj (.stack)
                  2000fe04    000001fc     --HOLE--

__llvm_prf_cnts 
*          0    20000000    00000000     UNINITIALIZED

MODULE SUMMARY

       Module                                               code    ro data   rw data
       ------                                               ----    -------   -------
    .\
       one.obj                                              0       7281      0      
       three.obj                                            0       5080      0      
       main.obj                                             3528    72        410    
       two.obj                                              0       3778      0      
       go.obj                                               0       2280      0      
       Crystalfontz128x128_ST7735.obj                       1664    40        52     
       goomba.obj                                           0       1115      0      
       mario.obj                                            0       1115      0      
       sonic.obj                                            0       1115      0      
       toad.obj                                             0       1115      0      
       yoshi.obj                                            0       1115      0      
       system_msp432p401r.obj                               820     0         8      
       boo.obj                                              0       728       0      
       marioMini.obj                                        0       530       0      
       sonicMini.obj                                        0       530       0      
       toadMini.obj                                         0       530       0      
       yoshiMini.obj                                        0       530       0      
       startup_msp432p401r_ccs.obj                          14      228       0      
       HAL_MSP_EXP432P401R_Crystalfontz128x128_ST7735.obj   204     28        0      
    +--+----------------------------------------------------+-------+---------+---------+
       Total:                                               6230    27210     470    
                                                                                     
    D:/Programmi/simplelink_msp432p4_sdk_3_40_01_02/source/ti/devices/msp432p4xx/driverlib/ccs/msp432p4xx_driverlib.lib
       adc14.o                                              1196    128       0      
       pcm.o                                                888     0         0      
       timer_a.o                                            592     0         0      
       gpio.o                                               416     48        0      
       spi.o                                                312     0         0      
       interrupt.o                                          160     8         0      
       flash.o                                              72      0         0      
       cs.o                                                 52      0         0      
       wdt_a.o                                              36      0         0      
       cpu.o                                                16      0         0      
    +--+----------------------------------------------------+-------+---------+---------+
       Total:                                               3740    184       0      
                                                                                     
    D:/Programmi/simplelink_msp432p4_sdk_3_40_01_02/source/ti/grlib/lib/ccs/m4f/grlib.a
       image.obj                                            1020    0         2048   
       fontcmss16b.obj                                      0       1938      0      
       string.obj                                           1536    0         0      
       fontcmss12.obj                                       0       1500      0      
       display.obj                                          246     0         0      
       context.obj                                          174     0         0      
       line.obj                                             156     0         0      
    +--+----------------------------------------------------+-------+---------+---------+
       Total:                                               3132    3438      2048   
                                                                                     
    D:\Programmi\ti\ccs1210\ccs\tools\compiler\ti-cgt-arm_20.2.7.LTS\lib\rtsv7M4_T_le_v4SPD16_eabi.lib
       _printfi.c.obj                                       4851    0         0      
       fd_add_t2.asm.obj                                    438     0         0      
       fd_div_t2.asm.obj                                    310     0         0      
       s_scalbn.c.obj                                       272     0         0      
       fd_cmp_t2.asm.obj                                    268     0         0      
       ctype.c.obj                                          0       257       0      
       fd_mul_t2.asm.obj                                    252     0         0      
       memcpy_t2.asm.obj                                    156     0         0      
       ull_div_t2.asm.obj                                   150     0         0      
       memset_t2.asm.obj                                    122     0         0      
       copy_decompress_lzss.c.obj                           104     0         0      
       s_frexp.c.obj                                        100     0         0      
       sprintf.c.obj                                        98      0         0      
       _ltoa.c.obj                                          84      0         0      
       atoi.c.obj                                           76      0         0      
       fd_toi_t2.asm.obj                                    72      0         0      
       autoinit.c.obj                                       68      0         0      
       rand.c.obj                                           52      0         8      
       boot_cortex_m.c.obj                                  52      0         0      
       i_tofd_t2.asm.obj                                    46      0         0      
       memccpy.c.obj                                        28      0         0      
       s_copysign.c.obj                                     26      0         0      
       strchr.c.obj                                         22      0         0      
       strlen.c.obj                                         20      0         0      
       _lock.c.obj                                          2       0         16     
       wcslen.c.obj                                         18      0         0      
       errno.c.obj                                          8       0         8      
       copy_decompress_none.c.obj                           14      0         0      
       copy_zero_init.c.obj                                 12      0         0      
       exit.c.obj                                           4       0         0      
       pre_init.c.obj                                       4       0         0      
       div0.asm.obj                                         2       0         0      
    +--+----------------------------------------------------+-------+---------+---------+
       Total:                                               7731    257       32     
                                                                                     
       Stack:                                               0       0         1024   
       Linker Generated:                                    0       130       0      
    +--+----------------------------------------------------+-------+---------+---------+
       Grand Total:                                         20833   31219     3574   


LINKER GENERATED COPY TABLES

__TI_cinit_table @ 0000cb68 records: 2, size/record: 8, table size: 16
	.data: load addr=0000caf0, load size=0000005e bytes, run addr=20000484, run size=0000007c bytes, compression=lzss
	.bss: load addr=0000cb60, load size=00000008 bytes, run addr=20000000, run size=00000482 bytes, compression=zero_init


LINKER GENERATED HANDLER TABLE

__TI_handler_table @ 0000cb50 records: 3, size/record: 4, table size: 12
	index: 0, handler: __TI_decompress_lzss
	index: 1, handler: __TI_decompress_none
	index: 2, handler: __TI_zero_init


GLOBAL SYMBOLS: SORTED ALPHABETICALLY BY Name 

address   name                                       
-------   ----                                       
0000857d  ADC14_IRQHandler                           
0000857d  ADC14_IRQHandler                           
0000c655  ADC14_clearInterruptFlag                   
0000b5bd  ADC14_configureConversionMemory            
0000b671  ADC14_configureMultiSequenceMode           
0000c795  ADC14_enableConversion                     
0000c685  ADC14_enableInterrupt                      
0000caa9  ADC14_enableModule                         
0000c585  ADC14_enableSampleTimer                    
0000c515  ADC14_getEnabledInterruptStatus            
0000c6e5  ADC14_getInterruptStatus                   
0000c7bd  ADC14_getResult                            
0000c089  ADC14_initModule                           
0000c711  ADC14_toggleConversionTrigger              
0000caa7  AES256_IRQHandler                          
0000caa7  BusFault_Handler                           
0000cae9  C$$EXIT                                    
0000caa7  COMP_E0_IRQHandler                         
0000caa7  COMP_E1_IRQHandler                         
0000cab5  CPU_cpsie                                  
0000cae1  CPU_wfi                                    
0000caa7  CS_IRQHandler                              
0000c5b9  CS_setDCOCenteredFrequency                 
0000918d  Crystalfontz128x128_Init                   
000092a1  Crystalfontz128x128_SetDrawFrame           
000093cf  Crystalfontz128x128_SetOrientation         
0000caa7  DMA_ERR_IRQHandler                         
0000caa7  DMA_INT0_IRQHandler                        
0000caa7  DMA_INT1_IRQHandler                        
0000caa7  DMA_INT2_IRQHandler                        
0000caa7  DMA_INT3_IRQHandler                        
0000caa7  DebugMon_Handler                           
0000caa7  Default_Handler                            
0000caa7  EUSCIA0_IRQHandler                         
0000caa7  EUSCIA1_IRQHandler                         
0000caa7  EUSCIA2_IRQHandler                         
0000caa7  EUSCIA3_IRQHandler                         
0000caa7  EUSCIB0_IRQHandler                         
0000caa7  EUSCIB1_IRQHandler                         
0000caa7  EUSCIB2_IRQHandler                         
0000caa7  EUSCIB3_IRQHandler                         
0000c957  EUSCI_A_SPI_enable                         
0000c96d  EUSCI_B_SPI_enable                         
0000caa7  FLCTL_IRQHandler                           
0000caa7  FPU_IRQHandler                             
0000c271  FlashCtl_setWaitState                      
0000c3d5  GPIO_setAsOutputPin                        
0000ba55  GPIO_setAsPeripheralModuleFunctionInputPin 
0000badd  GPIO_setAsPeripheralModuleFunctionOutputPin
0000c7e5  GPIO_setOutputHighOnPin                    
0000c80d  GPIO_setOutputLowOnPin                     
0000ca19  Graphics_clearDisplay                      
0000c8d7  Graphics_clearDisplayOnDisplay             
0000c54d  Graphics_drawHorizontalLineOnDisplay       
00009c8b  Graphics_drawImage                         
0000b887  Graphics_drawLineH                         
0000c349  Graphics_drawMultiplePixelsOnDisplay       
0000c73d  Graphics_drawPixelOnDisplay                
0000980d  Graphics_drawString                        
0000c2b9  Graphics_drawStringCentered                
0000c881  Graphics_fillRectangleOnDisplay            
0000b3f5  Graphics_getStringWidth                    
0000c131  Graphics_initContext                       
0000c8f1  Graphics_setBackgroundColor                
0000c90b  Graphics_setFont                           
0000c983  Graphics_setForegroundColor                
0000c999  Graphics_translateColorOnDisplay           
0000b4f1  HAL_LCD_PortInit                           
0000b521  HAL_LCD_SpiInit                            
0000b557  HAL_LCD_writeCommand                       
0000b587  HAL_LCD_writeData                          
0000caa7  HardFault_Handler                          
0000bc71  Interrupt_enableInterrupt                  
0000ca4d  Interrupt_enableMaster                     
0000ca5d  Interrupt_enableSleepOnIsrExit             
2000047e  Lcd_FlagRead                               
2000047f  Lcd_FontSolid                              
20000480  Lcd_Orientation                            
20000481  Lcd_PenSolid                               
20000478  Lcd_ScreenHeigth                           
2000047a  Lcd_ScreenWidth                            
2000047c  Lcd_TouchTrim                              
0000caa7  MemManage_Handler                          
0000caa7  NMI_Handler                                
0000caa7  PCM_IRQHandler                             
0000bf79  PCM_getCoreVoltageLevel                    
0000bfd7  PCM_getPowerMode                           
0000c9dd  PCM_getPowerState                          
0000c835  PCM_gotoLPM0                               
0000ca6d  PCM_setCoreVoltageLevel                    
0000ca7d  PCM_setPowerMode                           
0000caa7  PORT1_IRQHandler                           
0000caa7  PORT2_IRQHandler                           
0000caa7  PORT3_IRQHandler                           
0000caa7  PORT4_IRQHandler                           
0000caa7  PORT5_IRQHandler                           
0000caa7  PORT6_IRQHandler                           
0000caa7  PSS_IRQHandler                             
0000caa7  PendSV_Handler                             
0000caa7  RTC_C_IRQHandler                           
0000ca9b  Reset_Handler                              
0000c89f  SPI_enableModule                           
0000b7d7  SPI_initMaster                             
0000caa7  SVC_Handler                                
0000caa7  SysTick_Handler                            
200004fc  SystemCoreClock                            
0000a01d  SystemCoreClockUpdate                      
0000a295  SystemInit                                 
0000caa7  T32_INT1_IRQHandler                        
0000caa7  T32_INT2_IRQHandler                        
0000caa7  T32_INTC_IRQHandler                        
0000caa7  TA0_0_IRQHandler                           
0000caa7  TA0_N_IRQHandler                           
0000829d  TA1_0_IRQHandler                           
0000829d  TA1_0_IRQHandler                           
0000caa7  TA1_N_IRQHandler                           
00008495  TA2_0_IRQHandler                           
00008495  TA2_0_IRQHandler                           
0000caa7  TA2_N_IRQHandler                           
000083d9  TA3_0_IRQHandler                           
000083d9  TA3_0_IRQHandler                           
0000caa7  TA3_N_IRQHandler                           
0000c769  Timer_A_clearCaptureCompareInterrupt       
0000be45  Timer_A_configureUpMode                    
0000c1d5  Timer_A_initCompare                        
0000c9af  Timer_A_startCounter                       
0000c9f1  Timer_A_stopTimer                          
0000caa7  UsageFault_Handler                         
4000480c  WDTCTL_SYM                                 
0000caa7  WDT_A_IRQHandler                           
0000c85d  WDT_A_holdTimer                            
0000806f  _LEDInit                                   
20010000  __STACK_END                                
00000200  __STACK_SIZE                               
0000cb68  __TI_CINIT_Base                            
0000cb78  __TI_CINIT_Limit                           
0000cb50  __TI_Handler_Table_Base                    
0000cb5c  __TI_Handler_Table_Limit                   
0000c391  __TI_auto_init_nobinit_nopinit             
0000bead  __TI_decompress_lzss                       
0000ca8d  __TI_decompress_none                       
0000c0dd  __TI_ltoa                                  
ffffffff  __TI_pprof_out_hndl                        
0000873d  __TI_printfi                               
ffffffff  __TI_prof_data_size                        
ffffffff  __TI_prof_data_start                       
00000000  __TI_static_base__                         
0000cac1  __TI_zero_init                             
0000bb65  __aeabi_cdcmpeq                            
0000bb65  __aeabi_cdcmple                            
0000bbeb  __aeabi_cdrcmple                           
0000c301  __aeabi_d2iz                               
0000a79b  __aeabi_dadd                               
0000ae85  __aeabi_ddiv                               
0000b2f9  __aeabi_dmul                               
0000a791  __aeabi_dsub                               
0000cad9  __aeabi_errno_addr                         
0000c6b5  __aeabi_i2d                                
0000a01b  __aeabi_idiv0                              
0000a01b  __aeabi_ldiv0                              
0000bcf1  __aeabi_memclr                             
0000bcf1  __aeabi_memclr4                            
0000bcf1  __aeabi_memclr8                            
0000b923  __aeabi_memcpy                             
0000b923  __aeabi_memcpy4                            
0000b923  __aeabi_memcpy8                            
0000bcf3  __aeabi_memset                             
0000bcf3  __aeabi_memset4                            
0000bcf3  __aeabi_memset8                            
0000b9bf  __aeabi_uldivmod                           
ffffffff  __binit__                                  
ffffffff  __c_args__                                 
UNDEFED   __mpu_init                                 
2000fe00  __stack                                    
20000000  __start___llvm_prf_cnts                    
20000000  __stop___llvm_prf_cnts                     
000080bd  _adcInit                                   
00007975  _buzzerInit                                
000079a1  _buzzerStop                                
0000c5ed  _c_int00_noargs                            
0000717c  _ctypes_                                   
00007f79  _graphicsInit                              
0000813d  _hwInit                                    
000079c7  _ledPWMInit                                
000079f3  _ledPWMStop                                
200004e4  _lock                                      
0000918b  _nop                                       
00007fc7  _setDisplay                                
0000804b  _setLEDLow                                 
UNDEFED   _system_post_cinit                         
0000cae5  _system_pre_init                           
00008015  _timerInit                                 
200004e8  _unlock                                    
0000cae9  abort                                      
00007a19  allColors                                  
0000c225  atoi                                       
2000046c  badChar                                    
ffffffff  binit                                      
00007884  boo                                        
20000470  character                                  
20000474  characterMini                              
200004c4  compareConfig_PWM                          
0000c925  copysign                                   
0000c925  copysignl                                  
200004f0  current_state                              
2000042c  dev                                        
00007acf  draw                                       
0000819d  drawBig                                    
00007b1b  drawRectChar                               
00007ae9  drawRectGoomba                             
000081e1  drawSmall                                  
200004f4  errno                                      
00007e9d  fn_GAMEOVER                                
00007ba3  fn_INIT                                    
00007bdd  fn_MARIO                                   
00007dd5  fn_PLAY                                    
00007c15  fn_SONIC                                   
00007c5d  fn_START                                   
00007bf9  fn_TOAD                                    
00007c31  fn_YOSHI                                   
0000bf15  frexp                                      
0000bf15  frexpl                                     
20000484  fsm                                        
20000448  g_sContext                                 
200004d4  g_sCrystalfontz128x128                     
00007800  g_sCrystalfontz128x128_funcs               
00007280  g_sFontCmss12                              
00007348  g_sFontCmss16b                             
00007894  go                                         
000078a4  goomba                                     
00000000  interruptVectors                           
0000b0e1  ldexp                                      
0000b0e1  ldexpl                                     
00008221  main                                       
000078b4  mario                                      
000078c4  marioMini                                  
0000c8bb  memccpy                                    
0000b923  memcpy                                     
0000bcf9  memset                                     
000078d4  one                                        
0000c621  rand                                       
00008173  random                                     
0000b0e1  scalbn                                     
0000b0e1  scalbnl                                    
000078e4  sonic                                      
000078f4  sonicMini                                  
0000c495  sprintf                                    
0000c9c5  strchr                                     
0000ca05  strlen                                     
00007904  three                                      
00007914  toad                                       
00007924  toadMini                                   
00007934  two                                        
0000786c  upConfig                                   
0000783c  upConfig1                                  
00007854  upConfig2                                  
0000ca2b  wcslen                                     
00007944  yoshi                                      
00007954  yoshiMini                                  


GLOBAL SYMBOLS: SORTED BY Symbol Address 

address   name                                       
-------   ----                                       
00000000  __TI_static_base__                         
00000000  interruptVectors                           
00000200  __STACK_SIZE                               
0000717c  _ctypes_                                   
00007280  g_sFontCmss12                              
00007348  g_sFontCmss16b                             
00007800  g_sCrystalfontz128x128_funcs               
0000783c  upConfig1                                  
00007854  upConfig2                                  
0000786c  upConfig                                   
00007884  boo                                        
00007894  go                                         
000078a4  goomba                                     
000078b4  mario                                      
000078c4  marioMini                                  
000078d4  one                                        
000078e4  sonic                                      
000078f4  sonicMini                                  
00007904  three                                      
00007914  toad                                       
00007924  toadMini                                   
00007934  two                                        
00007944  yoshi                                      
00007954  yoshiMini                                  
00007975  _buzzerInit                                
000079a1  _buzzerStop                                
000079c7  _ledPWMInit                                
000079f3  _ledPWMStop                                
00007a19  allColors                                  
00007acf  draw                                       
00007ae9  drawRectGoomba                             
00007b1b  drawRectChar                               
00007ba3  fn_INIT                                    
00007bdd  fn_MARIO                                   
00007bf9  fn_TOAD                                    
00007c15  fn_SONIC                                   
00007c31  fn_YOSHI                                   
00007c5d  fn_START                                   
00007dd5  fn_PLAY                                    
00007e9d  fn_GAMEOVER                                
00007f79  _graphicsInit                              
00007fc7  _setDisplay                                
00008015  _timerInit                                 
0000804b  _setLEDLow                                 
0000806f  _LEDInit                                   
000080bd  _adcInit                                   
0000813d  _hwInit                                    
00008173  random                                     
0000819d  drawBig                                    
000081e1  drawSmall                                  
00008221  main                                       
0000829d  TA1_0_IRQHandler                           
0000829d  TA1_0_IRQHandler                           
000083d9  TA3_0_IRQHandler                           
000083d9  TA3_0_IRQHandler                           
00008495  TA2_0_IRQHandler                           
00008495  TA2_0_IRQHandler                           
0000857d  ADC14_IRQHandler                           
0000857d  ADC14_IRQHandler                           
0000873d  __TI_printfi                               
0000918b  _nop                                       
0000918d  Crystalfontz128x128_Init                   
000092a1  Crystalfontz128x128_SetDrawFrame           
000093cf  Crystalfontz128x128_SetOrientation         
0000980d  Graphics_drawString                        
00009c8b  Graphics_drawImage                         
0000a01b  __aeabi_idiv0                              
0000a01b  __aeabi_ldiv0                              
0000a01d  SystemCoreClockUpdate                      
0000a295  SystemInit                                 
0000a791  __aeabi_dsub                               
0000a79b  __aeabi_dadd                               
0000ae85  __aeabi_ddiv                               
0000b0e1  ldexp                                      
0000b0e1  ldexpl                                     
0000b0e1  scalbn                                     
0000b0e1  scalbnl                                    
0000b2f9  __aeabi_dmul                               
0000b3f5  Graphics_getStringWidth                    
0000b4f1  HAL_LCD_PortInit                           
0000b521  HAL_LCD_SpiInit                            
0000b557  HAL_LCD_writeCommand                       
0000b587  HAL_LCD_writeData                          
0000b5bd  ADC14_configureConversionMemory            
0000b671  ADC14_configureMultiSequenceMode           
0000b7d7  SPI_initMaster                             
0000b887  Graphics_drawLineH                         
0000b923  __aeabi_memcpy                             
0000b923  __aeabi_memcpy4                            
0000b923  __aeabi_memcpy8                            
0000b923  memcpy                                     
0000b9bf  __aeabi_uldivmod                           
0000ba55  GPIO_setAsPeripheralModuleFunctionInputPin 
0000badd  GPIO_setAsPeripheralModuleFunctionOutputPin
0000bb65  __aeabi_cdcmpeq                            
0000bb65  __aeabi_cdcmple                            
0000bbeb  __aeabi_cdrcmple                           
0000bc71  Interrupt_enableInterrupt                  
0000bcf1  __aeabi_memclr                             
0000bcf1  __aeabi_memclr4                            
0000bcf1  __aeabi_memclr8                            
0000bcf3  __aeabi_memset                             
0000bcf3  __aeabi_memset4                            
0000bcf3  __aeabi_memset8                            
0000bcf9  memset                                     
0000be45  Timer_A_configureUpMode                    
0000bead  __TI_decompress_lzss                       
0000bf15  frexp                                      
0000bf15  frexpl                                     
0000bf79  PCM_getCoreVoltageLevel                    
0000bfd7  PCM_getPowerMode                           
0000c089  ADC14_initModule                           
0000c0dd  __TI_ltoa                                  
0000c131  Graphics_initContext                       
0000c1d5  Timer_A_initCompare                        
0000c225  atoi                                       
0000c271  FlashCtl_setWaitState                      
0000c2b9  Graphics_drawStringCentered                
0000c301  __aeabi_d2iz                               
0000c349  Graphics_drawMultiplePixelsOnDisplay       
0000c391  __TI_auto_init_nobinit_nopinit             
0000c3d5  GPIO_setAsOutputPin                        
0000c495  sprintf                                    
0000c515  ADC14_getEnabledInterruptStatus            
0000c54d  Graphics_drawHorizontalLineOnDisplay       
0000c585  ADC14_enableSampleTimer                    
0000c5b9  CS_setDCOCenteredFrequency                 
0000c5ed  _c_int00_noargs                            
0000c621  rand                                       
0000c655  ADC14_clearInterruptFlag                   
0000c685  ADC14_enableInterrupt                      
0000c6b5  __aeabi_i2d                                
0000c6e5  ADC14_getInterruptStatus                   
0000c711  ADC14_toggleConversionTrigger              
0000c73d  Graphics_drawPixelOnDisplay                
0000c769  Timer_A_clearCaptureCompareInterrupt       
0000c795  ADC14_enableConversion                     
0000c7bd  ADC14_getResult                            
0000c7e5  GPIO_setOutputHighOnPin                    
0000c80d  GPIO_setOutputLowOnPin                     
0000c835  PCM_gotoLPM0                               
0000c85d  WDT_A_holdTimer                            
0000c881  Graphics_fillRectangleOnDisplay            
0000c89f  SPI_enableModule                           
0000c8bb  memccpy                                    
0000c8d7  Graphics_clearDisplayOnDisplay             
0000c8f1  Graphics_setBackgroundColor                
0000c90b  Graphics_setFont                           
0000c925  copysign                                   
0000c925  copysignl                                  
0000c957  EUSCI_A_SPI_enable                         
0000c96d  EUSCI_B_SPI_enable                         
0000c983  Graphics_setForegroundColor                
0000c999  Graphics_translateColorOnDisplay           
0000c9af  Timer_A_startCounter                       
0000c9c5  strchr                                     
0000c9dd  PCM_getPowerState                          
0000c9f1  Timer_A_stopTimer                          
0000ca05  strlen                                     
0000ca19  Graphics_clearDisplay                      
0000ca2b  wcslen                                     
0000ca4d  Interrupt_enableMaster                     
0000ca5d  Interrupt_enableSleepOnIsrExit             
0000ca6d  PCM_setCoreVoltageLevel                    
0000ca7d  PCM_setPowerMode                           
0000ca8d  __TI_decompress_none                       
0000ca9b  Reset_Handler                              
0000caa7  AES256_IRQHandler                          
0000caa7  BusFault_Handler                           
0000caa7  COMP_E0_IRQHandler                         
0000caa7  COMP_E1_IRQHandler                         
0000caa7  CS_IRQHandler                              
0000caa7  DMA_ERR_IRQHandler                         
0000caa7  DMA_INT0_IRQHandler                        
0000caa7  DMA_INT1_IRQHandler                        
0000caa7  DMA_INT2_IRQHandler                        
0000caa7  DMA_INT3_IRQHandler                        
0000caa7  DebugMon_Handler                           
0000caa7  Default_Handler                            
0000caa7  EUSCIA0_IRQHandler                         
0000caa7  EUSCIA1_IRQHandler                         
0000caa7  EUSCIA2_IRQHandler                         
0000caa7  EUSCIA3_IRQHandler                         
0000caa7  EUSCIB0_IRQHandler                         
0000caa7  EUSCIB1_IRQHandler                         
0000caa7  EUSCIB2_IRQHandler                         
0000caa7  EUSCIB3_IRQHandler                         
0000caa7  FLCTL_IRQHandler                           
0000caa7  FPU_IRQHandler                             
0000caa7  HardFault_Handler                          
0000caa7  MemManage_Handler                          
0000caa7  NMI_Handler                                
0000caa7  PCM_IRQHandler                             
0000caa7  PORT1_IRQHandler                           
0000caa7  PORT2_IRQHandler                           
0000caa7  PORT3_IRQHandler                           
0000caa7  PORT4_IRQHandler                           
0000caa7  PORT5_IRQHandler                           
0000caa7  PORT6_IRQHandler                           
0000caa7  PSS_IRQHandler                             
0000caa7  PendSV_Handler                             
0000caa7  RTC_C_IRQHandler                           
0000caa7  SVC_Handler                                
0000caa7  SysTick_Handler                            
0000caa7  T32_INT1_IRQHandler                        
0000caa7  T32_INT2_IRQHandler                        
0000caa7  T32_INTC_IRQHandler                        
0000caa7  TA0_0_IRQHandler                           
0000caa7  TA0_N_IRQHandler                           
0000caa7  TA1_N_IRQHandler                           
0000caa7  TA2_N_IRQHandler                           
0000caa7  TA3_N_IRQHandler                           
0000caa7  UsageFault_Handler                         
0000caa7  WDT_A_IRQHandler                           
0000caa9  ADC14_enableModule                         
0000cab5  CPU_cpsie                                  
0000cac1  __TI_zero_init                             
0000cad9  __aeabi_errno_addr                         
0000cae1  CPU_wfi                                    
0000cae5  _system_pre_init                           
0000cae9  C$$EXIT                                    
0000cae9  abort                                      
0000cb50  __TI_Handler_Table_Base                    
0000cb5c  __TI_Handler_Table_Limit                   
0000cb68  __TI_CINIT_Base                            
0000cb78  __TI_CINIT_Limit                           
20000000  __start___llvm_prf_cnts                    
20000000  __stop___llvm_prf_cnts                     
2000042c  dev                                        
20000448  g_sContext                                 
2000046c  badChar                                    
20000470  character                                  
20000474  characterMini                              
20000478  Lcd_ScreenHeigth                           
2000047a  Lcd_ScreenWidth                            
2000047c  Lcd_TouchTrim                              
2000047e  Lcd_FlagRead                               
2000047f  Lcd_FontSolid                              
20000480  Lcd_Orientation                            
20000481  Lcd_PenSolid                               
20000484  fsm                                        
200004c4  compareConfig_PWM                          
200004d4  g_sCrystalfontz128x128                     
200004e4  _lock                                      
200004e8  _unlock                                    
200004f0  current_state                              
200004f4  errno                                      
200004fc  SystemCoreClock                            
2000fe00  __stack                                    
20010000  __STACK_END                                
4000480c  WDTCTL_SYM                                 
ffffffff  __TI_pprof_out_hndl                        
ffffffff  __TI_prof_data_size                        
ffffffff  __TI_prof_data_start                       
ffffffff  __binit__                                  
ffffffff  __c_args__                                 
ffffffff  binit                                      
UNDEFED   __mpu_init                                 
UNDEFED   _system_post_cinit                         

[259 symbols]
