******************************************************************************
                  TI ARM Linker PC v20.2.7                     
******************************************************************************
>> Linked Tue Feb 21 23:09:10 2023

OUTPUT FILE NAME:   <spostamento2.out>
ENTRY POINT SYMBOL: "_c_int00_noargs"  address: 0000c5b9


MEMORY CONFIGURATION

         name            origin    length      used     unused   attr    fill
----------------------  --------  ---------  --------  --------  ----  --------
  MAIN                  00000000   00040000  0000cb30  000334d0  R  X
  INFO                  00200000   00004000  00000000  00004000  R  X
  SRAM_CODE             01000000   00010000  000006ee  0000f912  RW X
  SRAM_DATA             20000000   00010000  000006ee  0000f912  RW  


SEGMENT ALLOCATION MAP

run origin  load origin   length   init length attrs members
----------  ----------- ---------- ----------- ----- -------
00000000    00000000    0000cb30   0000cb30    r-x
  00000000    00000000    000000e4   000000e4    r-- .intvecs
  000000e4    000000e4    000078a0   000078a0    r-- .const
  00007984    00007984    00005134   00005134    r-x .text
  0000cab8    0000cab8    00000078   00000078    r-- .cinit
20000000    20000000    000004f0   00000000    rw-
  20000000    20000000    00000482   00000000    rw- .bss
  20000484    20000484    0000006c   00000000    rw- .data
2000fe00    2000fe00    00000200   00000000    rw-
  2000fe00    2000fe00    00000200   00000000    rw- .stack


SECTION ALLOCATION MAP

 output                                  attributes/
section   page    origin      length       input sections
--------  ----  ----------  ----------   ----------------
.intvecs   0    00000000    000000e4     
                  00000000    000000e4     startup_msp432p401r_ccs.obj (.intvecs:retain)

.const     0    000000e4    000078a0     
                  000000e4    00001861     one.obj (.const:.string:pixel_one)
                  00001945    00001388     three.obj (.const:.string:pixel_three)
                  00002ccd    00000e72     two.obj (.const:.string:pixel_two)
                  00003b3f    00000898     go.obj (.const:.string:pixel_go)
                  000043d7    000006ca     grlib.a : fontcmss16b.obj (.const:.string:g_pucCmss16bData)
                  00004aa1    00000514             : fontcmss12.obj (.const:.string:g_pucCmss12Data)
                  00004fb5    0000040b     goomba.obj (.const:.string:pixel_GOOMBA)
                  000053c0    0000040b     mario.obj (.const:.string:pixel_MARIO)
                  000057cb    0000040b     sonic.obj (.const:.string:pixel_SONIC)
                  00005bd6    0000040b     toad.obj (.const:.string:pixel_TOAD)
                  00005fe1    0000040b     yoshi.obj (.const:.string:pixel_yoshi_nero4BPP_UNCOMP)
                  000063ec    00000400     one.obj (.const:palette_one)
                  000067ec    00000288     boo.obj (.const:.string:pixel_boo)
                  00006a74    000001c2     marioMini.obj (.const:.string:pixel_marioMini)
                  00006c36    000001c2     sonicMini.obj (.const:.string:pixel_sonicMini)
                  00006df8    000001c2     toadMini.obj (.const:.string:pixel_toadMini)
                  00006fba    000001c2     yoshiMini.obj (.const:.string:pixel_yoshiMini)
                  0000717c    00000101     rtsv7M4_T_le_v4SPD16_eabi.lib : ctype.c.obj (.const:.string:_ctypes_)
                  0000727d    00000003     --HOLE-- [fill = 0]
                  00007280    000000c8     grlib.a : fontcmss12.obj (.const:g_sFontCmss12)
                  00007348    000000c8             : fontcmss16b.obj (.const:g_sFontCmss16b)
                  00007410    00000080     msp432p4xx_driverlib.lib : adc14.o (.const:_ctlRegs)
                  00007490    00000040     goomba.obj (.const:palette_GOOMBA)
                  000074d0    00000040     mario.obj (.const:palette_MARIO)
                  00007510    00000040     sonic.obj (.const:palette_SONIC)
                  00007550    00000040     toad.obj (.const:palette_TOAD)
                  00007590    00000040     boo.obj (.const:palette_boo)
                  000075d0    00000040     go.obj (.const:palette_go)
                  00007610    00000040     marioMini.obj (.const:palette_marioMini)
                  00007650    00000040     sonicMini.obj (.const:palette_sonicMini)
                  00007690    00000040     three.obj (.const:palette_three)
                  000076d0    00000040     toadMini.obj (.const:palette_toadMini)
                  00007710    00000040     two.obj (.const:palette_two)
                  00007750    00000040     yoshiMini.obj (.const:palette_yoshiMini)
                  00007790    00000040     yoshi.obj (.const:palette_yoshi_nero4BPP_UNCOMP)
                  000077d0    00000030     msp432p4xx_driverlib.lib : gpio.o (.const:GPIO_PORT_TO_BASE)
                  00007800    00000020     Crystalfontz128x128_ST7735.obj (.const:g_sCrystalfontz128x128_funcs)
                  00007820    0000001c     HAL_MSP_EXP432P401R_Crystalfontz128x128_ST7735.obj (.const:$P$T0$1)
                  0000783c    00000018     timer.obj (.const:upConfig1)
                  00007854    00000018     timer.obj (.const:upConfig2)
                  0000786c    00000018     timer.obj (.const:upConfig)
                  00007884    00000010     boo.obj (.const:boo)
                  00007894    00000010     timer.obj (.const:compareConfig_PWM)
                  000078a4    00000010     go.obj (.const:go)
                  000078b4    00000010     goomba.obj (.const:goomba)
                  000078c4    00000010     mario.obj (.const:mario)
                  000078d4    00000010     marioMini.obj (.const:marioMini)
                  000078e4    00000010     one.obj (.const:one)
                  000078f4    00000010     sonic.obj (.const:sonic)
                  00007904    00000010     sonicMini.obj (.const:sonicMini)
                  00007914    00000010     three.obj (.const:three)
                  00007924    00000010     toad.obj (.const:toad)
                  00007934    00000010     toadMini.obj (.const:toadMini)
                  00007944    00000010     two.obj (.const:two)
                  00007954    00000010     yoshi.obj (.const:yoshi)
                  00007964    00000010     yoshiMini.obj (.const:yoshiMini)
                  00007974    00000008     Crystalfontz128x128_ST7735.obj (.const:$P$T0$1)
                  0000797c    00000008     msp432p4xx_driverlib.lib : interrupt.o (.const:g_pulEnRegs)

.text      0    00007984    00005134     
                  00007984    00000a88     main.obj (.text)
                  0000840c    00000a4e     rtsv7M4_T_le_v4SPD16_eabi.lib : _printfi.c.obj (.text:__TI_printfi)
                  00008e5a    00000002                                   : _lock.c.obj (.text:_nop)
                  00008e5c    00000680     Crystalfontz128x128_ST7735.obj (.text)
                  000094dc    0000047e     grlib.a : string.obj (.text:Graphics_drawString)
                  0000995a    00000390             : image.obj (.text:Graphics_drawImage)
                  00009cea    00000002     rtsv7M4_T_le_v4SPD16_eabi.lib : div0.asm.obj (.text)
                  00009cec    00000334     system_msp432p401r.obj (.text)
                  0000a020    00000270     rtsv7M4_T_le_v4SPD16_eabi.lib : _printfi.c.obj (.text:_pconv_a)
                  0000a290    000001d0                                   : _printfi.c.obj (.text:_pconv_g)
                  0000a460    000001b6                                   : fd_add_t2.asm.obj (.text)
                  0000a616    00000002     --HOLE-- [fill = 0]
                  0000a618    00000160     msp432p4xx_driverlib.lib : adc14.o (.text:_getIndexForMemRegister)
                  0000a778    0000015c                              : pcm.o (.text:__PCM_setPowerModeAdvanced)
                  0000a8d4    00000144                              : timer_a.o (.text:privateTimer_AProcessClockSourceDivider)
                  0000aa18    0000013c     rtsv7M4_T_le_v4SPD16_eabi.lib : _printfi.c.obj (.text:_pconv_e)
                  0000ab54    00000136                                   : fd_div_t2.asm.obj (.text)
                  0000ac8a    00000002     --HOLE-- [fill = 0]
                  0000ac8c    00000124                                   : _printfi.c.obj (.text:fcvt)
                  0000adb0    00000110                                   : s_scalbn.c.obj (.text:scalbn)
                  0000aec0    0000010c     led.obj (.text)
                  0000afcc    00000108     msp432p4xx_driverlib.lib : pcm.o (.text:__PCM_setCoreVoltageLevelAdvanced)
                  0000b0d4    000000fc     rtsv7M4_T_le_v4SPD16_eabi.lib : fd_mul_t2.asm.obj (.text)
                  0000b1d0    000000fa     grlib.a : string.obj (.text:Graphics_getStringWidth)
                  0000b2ca    00000002     --HOLE-- [fill = 0]
                  0000b2cc    000000cc     HAL_MSP_EXP432P401R_Crystalfontz128x128_ST7735.obj (.text)
                  0000b398    000000cc     display.obj (.text)
                  0000b464    000000b4     msp432p4xx_driverlib.lib : adc14.o (.text:ADC14_configureConversionMemory)
                  0000b518    000000b4                              : adc14.o (.text:ADC14_configureMultiSequenceMode)
                  0000b5cc    000000b1     rtsv7M4_T_le_v4SPD16_eabi.lib : _printfi.c.obj (.text:_ltostr)
                  0000b67d    00000001     --HOLE-- [fill = 0]
                  0000b67e    000000b0     msp432p4xx_driverlib.lib : spi.o (.text:SPI_initMaster)
                  0000b72e    0000009c     grlib.a : line.obj (.text:Graphics_drawLineH)
                  0000b7ca    0000009c     rtsv7M4_T_le_v4SPD16_eabi.lib : memcpy_t2.asm.obj (.text)
                  0000b866    00000096                                   : ull_div_t2.asm.obj (.text)
                  0000b8fc    00000088     msp432p4xx_driverlib.lib : gpio.o (.text:GPIO_setAsPeripheralModuleFunctionInputPin)
                  0000b984    00000088                              : gpio.o (.text:GPIO_setAsPeripheralModuleFunctionOutputPin)
                  0000ba0c    00000086     rtsv7M4_T_le_v4SPD16_eabi.lib : fd_cmp_t2.asm.obj (.text:__aeabi_cdcmple)
                  0000ba92    00000086                                   : fd_cmp_t2.asm.obj (.text:__aeabi_cdrcmple)
                  0000bb18    00000080     msp432p4xx_driverlib.lib : interrupt.o (.text:Interrupt_enableInterrupt)
                  0000bb98    0000007a     rtsv7M4_T_le_v4SPD16_eabi.lib : memset_t2.asm.obj (.text)
                  0000bc12    00000076     adc.obj (.text)
                  0000bc88    0000006e     rtsv7M4_T_le_v4SPD16_eabi.lib : _printfi.c.obj (.text:_mcpy)
                  0000bcf6    00000002     --HOLE-- [fill = 0]
                  0000bcf8    0000006c     grlib.a : image.obj (.text:Graphics_convertPalette)
                  0000bd64    00000068     msp432p4xx_driverlib.lib : timer_a.o (.text:Timer_A_configureUpMode)
                  0000bdcc    00000068     rtsv7M4_T_le_v4SPD16_eabi.lib : copy_decompress_lzss.c.obj (.text:decompress:lzss:__TI_decompress_lzss)
                  0000be34    00000064                                   : s_frexp.c.obj (.text:frexp)
                  0000be98    00000060     buzzer.obj (.text)
                  0000bef8    0000005e     msp432p4xx_driverlib.lib : pcm.o (.text:PCM_getCoreVoltageLevel)
                  0000bf56    0000005a                              : pcm.o (.text:PCM_getPowerMode)
                  0000bfb0    00000056     rtsv7M4_T_le_v4SPD16_eabi.lib : _printfi.c.obj (.text:_pconv_f)
                  0000c006    00000002     --HOLE-- [fill = 0]
                  0000c008    00000054     msp432p4xx_driverlib.lib : adc14.o (.text:ADC14_initModule)
                  0000c05c    00000054     rtsv7M4_T_le_v4SPD16_eabi.lib : _ltoa.c.obj (.text:__TI_ltoa)
                  0000c0b0    00000052     grlib.a : context.obj (.text:Graphics_initContext)
                  0000c102    00000052     rtsv7M4_T_le_v4SPD16_eabi.lib : _printfi.c.obj (.text:_ecpy)
                  0000c154    0000004e     msp432p4xx_driverlib.lib : timer_a.o (.text:Timer_A_initCompare)
                  0000c1a2    00000002     --HOLE-- [fill = 0]
                  0000c1a4    0000004c     rtsv7M4_T_le_v4SPD16_eabi.lib : atoi.c.obj (.text:atoi)
                  0000c1f0    0000004c     timer.obj (.text)
                  0000c23c    00000048     msp432p4xx_driverlib.lib : flash.o (.text:FlashCtl_setWaitState)
                  0000c284    00000048     grlib.a : string.obj (.text:Graphics_drawStringCentered)
                  0000c2cc    00000048     rtsv7M4_T_le_v4SPD16_eabi.lib : fd_toi_t2.asm.obj (.text)
                  0000c314    00000046     grlib.a : display.obj (.text:Graphics_drawMultiplePixelsOnDisplay)
                  0000c35a    00000002     --HOLE-- [fill = 0]
                  0000c35c    00000044     rtsv7M4_T_le_v4SPD16_eabi.lib : autoinit.c.obj (.text:__TI_auto_init_nobinit_nopinit:__TI_auto_init_nobinit_nopinit)
                  0000c3a0    00000040     msp432p4xx_driverlib.lib : gpio.o (.text:GPIO_setAsOutputPin)
                  0000c3e0    00000040     grlib.a : string.obj (.text:Graphics_getNumberOfLeadingZeros)
                  0000c420    00000040     msp432p4xx_driverlib.lib : spi.o (.text:is_A_Module)
                  0000c460    00000040     rtsv7M4_T_le_v4SPD16_eabi.lib : sprintf.c.obj (.text:sprintf)
                  0000c4a0    0000003e                                   : _printfi.c.obj (.text:_fcpy)
                  0000c4de    00000002     --HOLE-- [fill = 0]
                  0000c4e0    00000038     msp432p4xx_driverlib.lib : adc14.o (.text:ADC14_getEnabledInterruptStatus)
                  0000c518    00000036     grlib.a : display.obj (.text:Graphics_drawHorizontalLineOnDisplay)
                  0000c54e    00000002     --HOLE-- [fill = 0]
                  0000c550    00000034     msp432p4xx_driverlib.lib : adc14.o (.text:ADC14_enableSampleTimer)
                  0000c584    00000034                              : cs.o (.text:CS_setDCOCenteredFrequency)
                  0000c5b8    00000034     rtsv7M4_T_le_v4SPD16_eabi.lib : boot_cortex_m.c.obj (.text:_c_int00_noargs:_c_int00_noargs)
                  0000c5ec    00000034                                   : rand.c.obj (.text:rand)
                  0000c620    00000030     msp432p4xx_driverlib.lib : adc14.o (.text:ADC14_clearInterruptFlag)
                  0000c650    00000030                              : adc14.o (.text:ADC14_enableInterrupt)
                  0000c680    0000002e     rtsv7M4_T_le_v4SPD16_eabi.lib : i_tofd_t2.asm.obj (.text)
                  0000c6ae    00000002     --HOLE-- [fill = 0]
                  0000c6b0    0000002c     msp432p4xx_driverlib.lib : adc14.o (.text:ADC14_getInterruptStatus)
                  0000c6dc    0000002c                              : adc14.o (.text:ADC14_toggleConversionTrigger)
                  0000c708    0000002c     grlib.a : display.obj (.text:Graphics_drawPixelOnDisplay)
                  0000c734    0000002c     msp432p4xx_driverlib.lib : timer_a.o (.text:Timer_A_clearCaptureCompareInterrupt)
                  0000c760    00000028                              : adc14.o (.text:ADC14_enableConversion)
                  0000c788    00000028                              : adc14.o (.text:ADC14_getResult)
                  0000c7b0    00000028                              : gpio.o (.text:GPIO_setOutputHighOnPin)
                  0000c7d8    00000028                              : gpio.o (.text:GPIO_setOutputLowOnPin)
                  0000c800    00000028                              : pcm.o (.text:PCM_gotoLPM0)
                  0000c828    00000024                              : wdt_a.o (.text:WDT_A_holdTimer)
                  0000c84c    0000001e     grlib.a : display.obj (.text:Graphics_fillRectangleOnDisplay)
                  0000c86a    0000001c     msp432p4xx_driverlib.lib : spi.o (.text:SPI_enableModule)
                  0000c886    0000001c     rtsv7M4_T_le_v4SPD16_eabi.lib : memccpy.c.obj (.text:memccpy)
                  0000c8a2    0000001a     grlib.a : display.obj (.text:Graphics_clearDisplayOnDisplay)
                  0000c8bc    0000001a             : context.obj (.text:Graphics_setBackgroundColor)
                  0000c8d6    0000001a             : context.obj (.text:Graphics_setFont)
                  0000c8f0    0000001a     rtsv7M4_T_le_v4SPD16_eabi.lib : s_copysign.c.obj (.text:copysign)
                  0000c90a    00000018                                   : sprintf.c.obj (.text:_outs)
                  0000c922    00000016     msp432p4xx_driverlib.lib : spi.o (.text:EUSCI_A_SPI_enable)
                  0000c938    00000016                              : spi.o (.text:EUSCI_B_SPI_enable)
                  0000c94e    00000016     grlib.a : context.obj (.text:Graphics_setForegroundColor)
                  0000c964    00000016             : display.obj (.text:Graphics_translateColorOnDisplay)
                  0000c97a    00000016     msp432p4xx_driverlib.lib : timer_a.o (.text:Timer_A_startCounter)
                  0000c990    00000016     rtsv7M4_T_le_v4SPD16_eabi.lib : strchr.c.obj (.text:strchr)
                  0000c9a6    00000002     --HOLE-- [fill = 0]
                  0000c9a8    00000014     msp432p4xx_driverlib.lib : pcm.o (.text:PCM_getPowerState)
                  0000c9bc    00000014                              : timer_a.o (.text:Timer_A_stopTimer)
                  0000c9d0    00000014     rtsv7M4_T_le_v4SPD16_eabi.lib : strlen.c.obj (.text:strlen)
                  0000c9e4    00000012     grlib.a : context.obj (.text:Graphics_clearDisplay)
                  0000c9f6    00000012     rtsv7M4_T_le_v4SPD16_eabi.lib : wcslen.c.obj (.text:wcslen)
                  0000ca08    00000010     msp432p4xx_driverlib.lib : adc14.o (.text:ADCIsConversionRunning)
                  0000ca18    00000010                              : interrupt.o (.text:Interrupt_enableMaster)
                  0000ca28    00000010                              : interrupt.o (.text:Interrupt_enableSleepOnIsrExit)
                  0000ca38    00000010                              : pcm.o (.text:PCM_setCoreVoltageLevel)
                  0000ca48    00000010                              : pcm.o (.text:PCM_setPowerMode)
                  0000ca58    0000000e     rtsv7M4_T_le_v4SPD16_eabi.lib : copy_decompress_none.c.obj (.text:decompress:none:__TI_decompress_none)
                  0000ca66    0000000e     startup_msp432p401r_ccs.obj (.text)
                  0000ca74    0000000c     msp432p4xx_driverlib.lib : adc14.o (.text:ADC14_enableModule)
                  0000ca80    0000000c                              : cpu.o (.text:CPU_cpsie)
                  0000ca8c    0000000c     rtsv7M4_T_le_v4SPD16_eabi.lib : copy_zero_init.c.obj (.text:decompress:ZI:__TI_zero_init)
                  0000ca98    0000000a                                   : sprintf.c.obj (.text:_outc)
                  0000caa2    00000002     --HOLE-- [fill = 0]
                  0000caa4    00000008                                   : errno.c.obj (.text:__aeabi_errno_addr)
                  0000caac    00000004     msp432p4xx_driverlib.lib : cpu.o (.text:CPU_wfi)
                  0000cab0    00000004     rtsv7M4_T_le_v4SPD16_eabi.lib : pre_init.c.obj (.text:_system_pre_init)
                  0000cab4    00000004                                   : exit.c.obj (.text:abort:abort)

.cinit     0    0000cab8    00000078     
                  0000cab8    00000054     (.cinit..data.load) [load image, compression = lzss]
                  0000cb0c    0000000c     (__TI_handler_table)
                  0000cb18    00000008     (.cinit..bss.load) [load image, compression = zero_init]
                  0000cb20    00000010     (__TI_cinit_table)

.init_array 
*          0    00000000    00000000     UNINITIALIZED

.binit     0    00000000    00000000     

.bss       0    20000000    00000482     UNINITIALIZED
                  20000000    00000400     grlib.a : image.obj (.bss:g_pulConvertedPalette)
                  20000400    0000002c     main.obj (.bss)
                  2000042c    0000001c     (.common:dev)
                  20000448    0000001c     (.common:g_sContext)
                  20000464    00000008     main.obj (.bss:resultsBuffer)
                  2000046c    00000004     (.common:badChar)
                  20000470    00000004     (.common:character)
                  20000474    00000004     (.common:characterMini)
                  20000478    00000002     (.common:Lcd_ScreenHeigth)
                  2000047a    00000002     (.common:Lcd_ScreenWidth)
                  2000047c    00000002     (.common:Lcd_TouchTrim)
                  2000047e    00000001     (.common:Lcd_FlagRead)
                  2000047f    00000001     (.common:Lcd_FontSolid)
                  20000480    00000001     (.common:Lcd_Orientation)
                  20000481    00000001     (.common:Lcd_PenSolid)

.data      0    20000484    0000006c     UNINITIALIZED
                  20000484    00000040     main.obj (.data:fsm)
                  200004c4    00000010     Crystalfontz128x128_ST7735.obj (.data:g_sCrystalfontz128x128)
                  200004d4    00000008     rtsv7M4_T_le_v4SPD16_eabi.lib : _lock.c.obj (.data:$O1$$)
                  200004dc    00000005     main.obj (.data)
                  200004e1    00000003     --HOLE--
                  200004e4    00000004     rtsv7M4_T_le_v4SPD16_eabi.lib : errno.c.obj (.data)
                  200004e8    00000004                                   : rand.c.obj (.data)
                  200004ec    00000004     system_msp432p401r.obj (.data)

.stack     0    2000fe00    00000200     UNINITIALIZED
                  2000fe00    00000004     rtsv7M4_T_le_v4SPD16_eabi.lib : boot_cortex_m.c.obj (.stack)
                  2000fe04    000001fc     --HOLE--

__llvm_prf_cnts 
*          0    20000000    00000000     UNINITIALIZED

MODULE SUMMARY

       Module                                               code    ro data   rw data
       ------                                               ----    -------   -------
    .\
       one.obj                                              0       7281      0      
       three.obj                                            0       5080      0      
       two.obj                                              0       3778      0      
       main.obj                                             2696    0         266    
       go.obj                                               0       2280      0      
       Crystalfontz128x128_ST7735.obj                       1664    40        52     
       goomba.obj                                           0       1115      0      
       mario.obj                                            0       1115      0      
       sonic.obj                                            0       1115      0      
       toad.obj                                             0       1115      0      
       yoshi.obj                                            0       1115      0      
       system_msp432p401r.obj                               820     0         8      
       boo.obj                                              0       728       0      
       marioMini.obj                                        0       530       0      
       sonicMini.obj                                        0       530       0      
       toadMini.obj                                         0       530       0      
       yoshiMini.obj                                        0       530       0      
       display.obj                                          204     0         112    
       led.obj                                              268     0         0      
       startup_msp432p401r_ccs.obj                          14      228       0      
       HAL_MSP_EXP432P401R_Crystalfontz128x128_ST7735.obj   204     28        0      
       timer.obj                                            76      88        0      
       adc.obj                                              118     0         0      
       buzzer.obj                                           96      0         0      
    +--+----------------------------------------------------+-------+---------+---------+
       Total:                                               6160    27226     438    
                                                                                     
    D:/Programmi/simplelink_msp432p4_sdk_3_40_01_02/source/ti/devices/msp432p4xx/driverlib/ccs/msp432p4xx_driverlib.lib
       adc14.o                                              1196    128       0      
       pcm.o                                                888     0         0      
       timer_a.o                                            592     0         0      
       gpio.o                                               416     48        0      
       spi.o                                                312     0         0      
       interrupt.o                                          160     8         0      
       flash.o                                              72      0         0      
       cs.o                                                 52      0         0      
       wdt_a.o                                              36      0         0      
       cpu.o                                                16      0         0      
    +--+----------------------------------------------------+-------+---------+---------+
       Total:                                               3740    184       0      
                                                                                     
    D:/Programmi/simplelink_msp432p4_sdk_3_40_01_02/source/ti/grlib/lib/ccs/m4f/grlib.a
       image.obj                                            1020    0         2048   
       fontcmss16b.obj                                      0       1938      0      
       string.obj                                           1536    0         0      
       fontcmss12.obj                                       0       1500      0      
       display.obj                                          246     0         0      
       context.obj                                          174     0         0      
       line.obj                                             156     0         0      
    +--+----------------------------------------------------+-------+---------+---------+
       Total:                                               3132    3438      2048   
                                                                                     
    D:\Programmi\ti\ccs1210\ccs\tools\compiler\ti-cgt-arm_20.2.7.LTS\lib\rtsv7M4_T_le_v4SPD16_eabi.lib
       _printfi.c.obj                                       4851    0         0      
       fd_add_t2.asm.obj                                    438     0         0      
       fd_div_t2.asm.obj                                    310     0         0      
       s_scalbn.c.obj                                       272     0         0      
       fd_cmp_t2.asm.obj                                    268     0         0      
       ctype.c.obj                                          0       257       0      
       fd_mul_t2.asm.obj                                    252     0         0      
       memcpy_t2.asm.obj                                    156     0         0      
       ull_div_t2.asm.obj                                   150     0         0      
       memset_t2.asm.obj                                    122     0         0      
       copy_decompress_lzss.c.obj                           104     0         0      
       s_frexp.c.obj                                        100     0         0      
       sprintf.c.obj                                        98      0         0      
       _ltoa.c.obj                                          84      0         0      
       atoi.c.obj                                           76      0         0      
       fd_toi_t2.asm.obj                                    72      0         0      
       autoinit.c.obj                                       68      0         0      
       rand.c.obj                                           52      0         8      
       boot_cortex_m.c.obj                                  52      0         0      
       i_tofd_t2.asm.obj                                    46      0         0      
       memccpy.c.obj                                        28      0         0      
       s_copysign.c.obj                                     26      0         0      
       strchr.c.obj                                         22      0         0      
       strlen.c.obj                                         20      0         0      
       _lock.c.obj                                          2       0         16     
       wcslen.c.obj                                         18      0         0      
       errno.c.obj                                          8       0         8      
       copy_decompress_none.c.obj                           14      0         0      
       copy_zero_init.c.obj                                 12      0         0      
       exit.c.obj                                           4       0         0      
       pre_init.c.obj                                       4       0         0      
       div0.asm.obj                                         2       0         0      
    +--+----------------------------------------------------+-------+---------+---------+
       Total:                                               7731    257       32     
                                                                                     
       Stack:                                               0       0         1024   
       Linker Generated:                                    0       120       0      
    +--+----------------------------------------------------+-------+---------+---------+
       Grand Total:                                         20763   31225     3542   


LINKER GENERATED COPY TABLES

__TI_cinit_table @ 0000cb20 records: 2, size/record: 8, table size: 16
	.data: load addr=0000cab8, load size=00000054 bytes, run addr=20000484, run size=0000006c bytes, compression=lzss
	.bss: load addr=0000cb18, load size=00000008 bytes, run addr=20000000, run size=00000482 bytes, compression=zero_init


LINKER GENERATED HANDLER TABLE

__TI_handler_table @ 0000cb0c records: 3, size/record: 4, table size: 12
	index: 0, handler: __TI_decompress_lzss
	index: 1, handler: __TI_decompress_none
	index: 2, handler: __TI_zero_init


GLOBAL SYMBOLS: SORTED ALPHABETICALLY BY Name 

address   name                                       
-------   ----                                       
00008255  ADC14_IRQHandler                           
00008255  ADC14_IRQHandler                           
0000c621  ADC14_clearInterruptFlag                   
0000b465  ADC14_configureConversionMemory            
0000b519  ADC14_configureMultiSequenceMode           
0000c761  ADC14_enableConversion                     
0000c651  ADC14_enableInterrupt                      
0000ca75  ADC14_enableModule                         
0000c551  ADC14_enableSampleTimer                    
0000c4e1  ADC14_getEnabledInterruptStatus            
0000c6b1  ADC14_getInterruptStatus                   
0000c789  ADC14_getResult                            
0000c009  ADC14_initModule                           
0000c6dd  ADC14_toggleConversionTrigger              
0000ca73  AES256_IRQHandler                          
0000ca73  BusFault_Handler                           
0000cab5  C$$EXIT                                    
0000ca73  COMP_E0_IRQHandler                         
0000ca73  COMP_E1_IRQHandler                         
0000ca81  CPU_cpsie                                  
0000caad  CPU_wfi                                    
0000ca73  CS_IRQHandler                              
0000c585  CS_setDCOCenteredFrequency                 
00008e5d  Crystalfontz128x128_Init                   
00008f71  Crystalfontz128x128_SetDrawFrame           
0000909f  Crystalfontz128x128_SetOrientation         
0000ca73  DMA_ERR_IRQHandler                         
0000ca73  DMA_INT0_IRQHandler                        
0000ca73  DMA_INT1_IRQHandler                        
0000ca73  DMA_INT2_IRQHandler                        
0000ca73  DMA_INT3_IRQHandler                        
0000ca73  DebugMon_Handler                           
0000ca73  Default_Handler                            
0000ca73  EUSCIA0_IRQHandler                         
0000ca73  EUSCIA1_IRQHandler                         
0000ca73  EUSCIA2_IRQHandler                         
0000ca73  EUSCIA3_IRQHandler                         
0000ca73  EUSCIB0_IRQHandler                         
0000ca73  EUSCIB1_IRQHandler                         
0000ca73  EUSCIB2_IRQHandler                         
0000ca73  EUSCIB3_IRQHandler                         
0000c923  EUSCI_A_SPI_enable                         
0000c939  EUSCI_B_SPI_enable                         
0000ca73  FLCTL_IRQHandler                           
0000ca73  FPU_IRQHandler                             
0000c23d  FlashCtl_setWaitState                      
0000c3a1  GPIO_setAsOutputPin                        
0000b8fd  GPIO_setAsPeripheralModuleFunctionInputPin 
0000b985  GPIO_setAsPeripheralModuleFunctionOutputPin
0000c7b1  GPIO_setOutputHighOnPin                    
0000c7d9  GPIO_setOutputLowOnPin                     
0000c9e5  Graphics_clearDisplay                      
0000c8a3  Graphics_clearDisplayOnDisplay             
0000c519  Graphics_drawHorizontalLineOnDisplay       
0000995b  Graphics_drawImage                         
0000b72f  Graphics_drawLineH                         
0000c315  Graphics_drawMultiplePixelsOnDisplay       
0000c709  Graphics_drawPixelOnDisplay                
000094dd  Graphics_drawString                        
0000c285  Graphics_drawStringCentered                
0000c84d  Graphics_fillRectangleOnDisplay            
0000b1d1  Graphics_getStringWidth                    
0000c0b1  Graphics_initContext                       
0000c8bd  Graphics_setBackgroundColor                
0000c8d7  Graphics_setFont                           
0000c94f  Graphics_setForegroundColor                
0000c965  Graphics_translateColorOnDisplay           
0000b2cd  HAL_LCD_PortInit                           
0000b2fd  HAL_LCD_SpiInit                            
0000b333  HAL_LCD_writeCommand                       
0000b363  HAL_LCD_writeData                          
0000ca73  HardFault_Handler                          
0000bb19  Interrupt_enableInterrupt                  
0000ca19  Interrupt_enableMaster                     
0000ca29  Interrupt_enableSleepOnIsrExit             
2000047e  Lcd_FlagRead                               
2000047f  Lcd_FontSolid                              
20000480  Lcd_Orientation                            
20000481  Lcd_PenSolid                               
20000478  Lcd_ScreenHeigth                           
2000047a  Lcd_ScreenWidth                            
2000047c  Lcd_TouchTrim                              
0000ca73  MemManage_Handler                          
0000ca73  NMI_Handler                                
0000ca73  PCM_IRQHandler                             
0000bef9  PCM_getCoreVoltageLevel                    
0000bf57  PCM_getPowerMode                           
0000c9a9  PCM_getPowerState                          
0000c801  PCM_gotoLPM0                               
0000ca39  PCM_setCoreVoltageLevel                    
0000ca49  PCM_setPowerMode                           
0000ca73  PORT1_IRQHandler                           
0000ca73  PORT2_IRQHandler                           
0000ca73  PORT3_IRQHandler                           
0000ca73  PORT4_IRQHandler                           
0000ca73  PORT5_IRQHandler                           
0000ca73  PORT6_IRQHandler                           
0000ca73  PSS_IRQHandler                             
0000ca73  PendSV_Handler                             
0000ca73  RTC_C_IRQHandler                           
0000ca67  Reset_Handler                              
0000c86b  SPI_enableModule                           
0000b67f  SPI_initMaster                             
0000ca73  SVC_Handler                                
0000ca73  SysTick_Handler                            
200004ec  SystemCoreClock                            
00009ced  SystemCoreClockUpdate                      
00009f65  SystemInit                                 
0000ca73  T32_INT1_IRQHandler                        
0000ca73  T32_INT2_IRQHandler                        
0000ca73  T32_INTC_IRQHandler                        
0000ca73  TA0_0_IRQHandler                           
0000ca73  TA0_N_IRQHandler                           
00007f3d  TA1_0_IRQHandler                           
00007f3d  TA1_0_IRQHandler                           
0000ca73  TA1_N_IRQHandler                           
0000816d  TA2_0_IRQHandler                           
0000816d  TA2_0_IRQHandler                           
0000ca73  TA2_N_IRQHandler                           
000080b9  TA3_0_IRQHandler                           
000080b9  TA3_0_IRQHandler                           
0000ca73  TA3_N_IRQHandler                           
0000c735  Timer_A_clearCaptureCompareInterrupt       
0000bd65  Timer_A_configureUpMode                    
0000c155  Timer_A_initCompare                        
0000c97b  Timer_A_startCounter                       
0000c9bd  Timer_A_stopTimer                          
0000ca73  UsageFault_Handler                         
4000480c  WDTCTL_SYM                                 
0000ca73  WDT_A_IRQHandler                           
0000c829  WDT_A_holdTimer                            
0000af9b  _LEDInit                                   
20010000  __STACK_END                                
00000200  __STACK_SIZE                               
0000cb20  __TI_CINIT_Base                            
0000cb30  __TI_CINIT_Limit                           
0000cb0c  __TI_Handler_Table_Base                    
0000cb18  __TI_Handler_Table_Limit                   
0000c35d  __TI_auto_init_nobinit_nopinit             
0000bdcd  __TI_decompress_lzss                       
0000ca59  __TI_decompress_none                       
0000c05d  __TI_ltoa                                  
ffffffff  __TI_pprof_out_hndl                        
0000840d  __TI_printfi                               
ffffffff  __TI_prof_data_size                        
ffffffff  __TI_prof_data_start                       
00000000  __TI_static_base__                         
0000ca8d  __TI_zero_init                             
0000ba0d  __aeabi_cdcmpeq                            
0000ba0d  __aeabi_cdcmple                            
0000ba93  __aeabi_cdrcmple                           
0000c2cd  __aeabi_d2iz                               
0000a46b  __aeabi_dadd                               
0000ab55  __aeabi_ddiv                               
0000b0d5  __aeabi_dmul                               
0000a461  __aeabi_dsub                               
0000caa5  __aeabi_errno_addr                         
0000c681  __aeabi_i2d                                
00009ceb  __aeabi_idiv0                              
00009ceb  __aeabi_ldiv0                              
0000bb99  __aeabi_memclr                             
0000bb99  __aeabi_memclr4                            
0000bb99  __aeabi_memclr8                            
0000b7cb  __aeabi_memcpy                             
0000b7cb  __aeabi_memcpy4                            
0000b7cb  __aeabi_memcpy8                            
0000bb9b  __aeabi_memset                             
0000bb9b  __aeabi_memset4                            
0000bb9b  __aeabi_memset8                            
0000b867  __aeabi_uldivmod                           
ffffffff  __binit__                                  
ffffffff  __c_args__                                 
UNDEFED   __mpu_init                                 
2000fe00  __stack                                    
20000000  __start___llvm_prf_cnts                    
20000000  __stop___llvm_prf_cnts                     
0000bc13  _adcInit                                   
0000be99  _buzzerInit                                
0000bec5  _buzzerStop                                
0000c5b9  _c_int00_noargs                            
0000717c  _ctypes_                                   
0000b399  _graphicsInit                              
00007e1d  _hwInit                                    
200004d4  _lock                                      
00008e5b  _nop                                       
0000b3e7  _setDisplay                                
0000af77  _setLEDLow                                 
UNDEFED   _system_post_cinit                         
0000cab1  _system_pre_init                           
0000c1f1  _timerInit                                 
200004d8  _unlock                                    
0000cab5  abort                                      
0000aec1  allColors                                  
0000c1a5  atoi                                       
2000046c  badChar                                    
ffffffff  binit                                      
00007884  boo                                        
20000470  character                                  
20000474  characterMini                              
00007894  compareConfig_PWM                          
0000c8f1  copysign                                   
0000c8f1  copysignl                                  
200004e0  current_state                              
2000042c  dev                                        
00007985  draw                                       
00007e79  drawBig                                    
000079d1  drawRectChar                               
0000799f  drawRectGoomba                             
00007eb9  drawSmall                                  
200004e4  errno                                      
00007d3d  fn_GAMEOVER                                
00007a59  fn_INIT                                    
00007a93  fn_MARIO                                   
00007c75  fn_PLAY                                    
00007acb  fn_SONIC                                   
00007b03  fn_START                                   
00007aaf  fn_TOAD                                    
00007ae7  fn_YOSHI                                   
0000be35  frexp                                      
0000be35  frexpl                                     
20000484  fsm                                        
20000448  g_sContext                                 
200004c4  g_sCrystalfontz128x128                     
00007800  g_sCrystalfontz128x128_funcs               
00007280  g_sFontCmss12                              
00007348  g_sFontCmss16b                             
000078a4  go                                         
000078b4  goomba                                     
00000000  interruptVectors                           
0000adb1  ldexp                                      
0000adb1  ldexpl                                     
00007ef1  main                                       
000078c4  mario                                      
000078d4  marioMini                                  
0000c887  memccpy                                    
0000b7cb  memcpy                                     
0000bba1  memset                                     
000078e4  one                                        
0000c5ed  rand                                       
00007e59  random                                     
0000adb1  scalbn                                     
0000adb1  scalbnl                                    
000078f4  sonic                                      
00007904  sonicMini                                  
0000c461  sprintf                                    
0000c991  strchr                                     
0000c9d1  strlen                                     
00007914  three                                      
00007924  toad                                       
00007934  toadMini                                   
00007944  two                                        
0000786c  upConfig                                   
0000783c  upConfig1                                  
00007854  upConfig2                                  
0000c9f7  wcslen                                     
00007954  yoshi                                      
00007964  yoshiMini                                  


GLOBAL SYMBOLS: SORTED BY Symbol Address 

address   name                                       
-------   ----                                       
00000000  __TI_static_base__                         
00000000  interruptVectors                           
00000200  __STACK_SIZE                               
0000717c  _ctypes_                                   
00007280  g_sFontCmss12                              
00007348  g_sFontCmss16b                             
00007800  g_sCrystalfontz128x128_funcs               
0000783c  upConfig1                                  
00007854  upConfig2                                  
0000786c  upConfig                                   
00007884  boo                                        
00007894  compareConfig_PWM                          
000078a4  go                                         
000078b4  goomba                                     
000078c4  mario                                      
000078d4  marioMini                                  
000078e4  one                                        
000078f4  sonic                                      
00007904  sonicMini                                  
00007914  three                                      
00007924  toad                                       
00007934  toadMini                                   
00007944  two                                        
00007954  yoshi                                      
00007964  yoshiMini                                  
00007985  draw                                       
0000799f  drawRectGoomba                             
000079d1  drawRectChar                               
00007a59  fn_INIT                                    
00007a93  fn_MARIO                                   
00007aaf  fn_TOAD                                    
00007acb  fn_SONIC                                   
00007ae7  fn_YOSHI                                   
00007b03  fn_START                                   
00007c75  fn_PLAY                                    
00007d3d  fn_GAMEOVER                                
00007e1d  _hwInit                                    
00007e59  random                                     
00007e79  drawBig                                    
00007eb9  drawSmall                                  
00007ef1  main                                       
00007f3d  TA1_0_IRQHandler                           
00007f3d  TA1_0_IRQHandler                           
000080b9  TA3_0_IRQHandler                           
000080b9  TA3_0_IRQHandler                           
0000816d  TA2_0_IRQHandler                           
0000816d  TA2_0_IRQHandler                           
00008255  ADC14_IRQHandler                           
00008255  ADC14_IRQHandler                           
0000840d  __TI_printfi                               
00008e5b  _nop                                       
00008e5d  Crystalfontz128x128_Init                   
00008f71  Crystalfontz128x128_SetDrawFrame           
0000909f  Crystalfontz128x128_SetOrientation         
000094dd  Graphics_drawString                        
0000995b  Graphics_drawImage                         
00009ceb  __aeabi_idiv0                              
00009ceb  __aeabi_ldiv0                              
00009ced  SystemCoreClockUpdate                      
00009f65  SystemInit                                 
0000a461  __aeabi_dsub                               
0000a46b  __aeabi_dadd                               
0000ab55  __aeabi_ddiv                               
0000adb1  ldexp                                      
0000adb1  ldexpl                                     
0000adb1  scalbn                                     
0000adb1  scalbnl                                    
0000aec1  allColors                                  
0000af77  _setLEDLow                                 
0000af9b  _LEDInit                                   
0000b0d5  __aeabi_dmul                               
0000b1d1  Graphics_getStringWidth                    
0000b2cd  HAL_LCD_PortInit                           
0000b2fd  HAL_LCD_SpiInit                            
0000b333  HAL_LCD_writeCommand                       
0000b363  HAL_LCD_writeData                          
0000b399  _graphicsInit                              
0000b3e7  _setDisplay                                
0000b465  ADC14_configureConversionMemory            
0000b519  ADC14_configureMultiSequenceMode           
0000b67f  SPI_initMaster                             
0000b72f  Graphics_drawLineH                         
0000b7cb  __aeabi_memcpy                             
0000b7cb  __aeabi_memcpy4                            
0000b7cb  __aeabi_memcpy8                            
0000b7cb  memcpy                                     
0000b867  __aeabi_uldivmod                           
0000b8fd  GPIO_setAsPeripheralModuleFunctionInputPin 
0000b985  GPIO_setAsPeripheralModuleFunctionOutputPin
0000ba0d  __aeabi_cdcmpeq                            
0000ba0d  __aeabi_cdcmple                            
0000ba93  __aeabi_cdrcmple                           
0000bb19  Interrupt_enableInterrupt                  
0000bb99  __aeabi_memclr                             
0000bb99  __aeabi_memclr4                            
0000bb99  __aeabi_memclr8                            
0000bb9b  __aeabi_memset                             
0000bb9b  __aeabi_memset4                            
0000bb9b  __aeabi_memset8                            
0000bba1  memset                                     
0000bc13  _adcInit                                   
0000bd65  Timer_A_configureUpMode                    
0000bdcd  __TI_decompress_lzss                       
0000be35  frexp                                      
0000be35  frexpl                                     
0000be99  _buzzerInit                                
0000bec5  _buzzerStop                                
0000bef9  PCM_getCoreVoltageLevel                    
0000bf57  PCM_getPowerMode                           
0000c009  ADC14_initModule                           
0000c05d  __TI_ltoa                                  
0000c0b1  Graphics_initContext                       
0000c155  Timer_A_initCompare                        
0000c1a5  atoi                                       
0000c1f1  _timerInit                                 
0000c23d  FlashCtl_setWaitState                      
0000c285  Graphics_drawStringCentered                
0000c2cd  __aeabi_d2iz                               
0000c315  Graphics_drawMultiplePixelsOnDisplay       
0000c35d  __TI_auto_init_nobinit_nopinit             
0000c3a1  GPIO_setAsOutputPin                        
0000c461  sprintf                                    
0000c4e1  ADC14_getEnabledInterruptStatus            
0000c519  Graphics_drawHorizontalLineOnDisplay       
0000c551  ADC14_enableSampleTimer                    
0000c585  CS_setDCOCenteredFrequency                 
0000c5b9  _c_int00_noargs                            
0000c5ed  rand                                       
0000c621  ADC14_clearInterruptFlag                   
0000c651  ADC14_enableInterrupt                      
0000c681  __aeabi_i2d                                
0000c6b1  ADC14_getInterruptStatus                   
0000c6dd  ADC14_toggleConversionTrigger              
0000c709  Graphics_drawPixelOnDisplay                
0000c735  Timer_A_clearCaptureCompareInterrupt       
0000c761  ADC14_enableConversion                     
0000c789  ADC14_getResult                            
0000c7b1  GPIO_setOutputHighOnPin                    
0000c7d9  GPIO_setOutputLowOnPin                     
0000c801  PCM_gotoLPM0                               
0000c829  WDT_A_holdTimer                            
0000c84d  Graphics_fillRectangleOnDisplay            
0000c86b  SPI_enableModule                           
0000c887  memccpy                                    
0000c8a3  Graphics_clearDisplayOnDisplay             
0000c8bd  Graphics_setBackgroundColor                
0000c8d7  Graphics_setFont                           
0000c8f1  copysign                                   
0000c8f1  copysignl                                  
0000c923  EUSCI_A_SPI_enable                         
0000c939  EUSCI_B_SPI_enable                         
0000c94f  Graphics_setForegroundColor                
0000c965  Graphics_translateColorOnDisplay           
0000c97b  Timer_A_startCounter                       
0000c991  strchr                                     
0000c9a9  PCM_getPowerState                          
0000c9bd  Timer_A_stopTimer                          
0000c9d1  strlen                                     
0000c9e5  Graphics_clearDisplay                      
0000c9f7  wcslen                                     
0000ca19  Interrupt_enableMaster                     
0000ca29  Interrupt_enableSleepOnIsrExit             
0000ca39  PCM_setCoreVoltageLevel                    
0000ca49  PCM_setPowerMode                           
0000ca59  __TI_decompress_none                       
0000ca67  Reset_Handler                              
0000ca73  AES256_IRQHandler                          
0000ca73  BusFault_Handler                           
0000ca73  COMP_E0_IRQHandler                         
0000ca73  COMP_E1_IRQHandler                         
0000ca73  CS_IRQHandler                              
0000ca73  DMA_ERR_IRQHandler                         
0000ca73  DMA_INT0_IRQHandler                        
0000ca73  DMA_INT1_IRQHandler                        
0000ca73  DMA_INT2_IRQHandler                        
0000ca73  DMA_INT3_IRQHandler                        
0000ca73  DebugMon_Handler                           
0000ca73  Default_Handler                            
0000ca73  EUSCIA0_IRQHandler                         
0000ca73  EUSCIA1_IRQHandler                         
0000ca73  EUSCIA2_IRQHandler                         
0000ca73  EUSCIA3_IRQHandler                         
0000ca73  EUSCIB0_IRQHandler                         
0000ca73  EUSCIB1_IRQHandler                         
0000ca73  EUSCIB2_IRQHandler                         
0000ca73  EUSCIB3_IRQHandler                         
0000ca73  FLCTL_IRQHandler                           
0000ca73  FPU_IRQHandler                             
0000ca73  HardFault_Handler                          
0000ca73  MemManage_Handler                          
0000ca73  NMI_Handler                                
0000ca73  PCM_IRQHandler                             
0000ca73  PORT1_IRQHandler                           
0000ca73  PORT2_IRQHandler                           
0000ca73  PORT3_IRQHandler                           
0000ca73  PORT4_IRQHandler                           
0000ca73  PORT5_IRQHandler                           
0000ca73  PORT6_IRQHandler                           
0000ca73  PSS_IRQHandler                             
0000ca73  PendSV_Handler                             
0000ca73  RTC_C_IRQHandler                           
0000ca73  SVC_Handler                                
0000ca73  SysTick_Handler                            
0000ca73  T32_INT1_IRQHandler                        
0000ca73  T32_INT2_IRQHandler                        
0000ca73  T32_INTC_IRQHandler                        
0000ca73  TA0_0_IRQHandler                           
0000ca73  TA0_N_IRQHandler                           
0000ca73  TA1_N_IRQHandler                           
0000ca73  TA2_N_IRQHandler                           
0000ca73  TA3_N_IRQHandler                           
0000ca73  UsageFault_Handler                         
0000ca73  WDT_A_IRQHandler                           
0000ca75  ADC14_enableModule                         
0000ca81  CPU_cpsie                                  
0000ca8d  __TI_zero_init                             
0000caa5  __aeabi_errno_addr                         
0000caad  CPU_wfi                                    
0000cab1  _system_pre_init                           
0000cab5  C$$EXIT                                    
0000cab5  abort                                      
0000cb0c  __TI_Handler_Table_Base                    
0000cb18  __TI_Handler_Table_Limit                   
0000cb20  __TI_CINIT_Base                            
0000cb30  __TI_CINIT_Limit                           
20000000  __start___llvm_prf_cnts                    
20000000  __stop___llvm_prf_cnts                     
2000042c  dev                                        
20000448  g_sContext                                 
2000046c  badChar                                    
20000470  character                                  
20000474  characterMini                              
20000478  Lcd_ScreenHeigth                           
2000047a  Lcd_ScreenWidth                            
2000047c  Lcd_TouchTrim                              
2000047e  Lcd_FlagRead                               
2000047f  Lcd_FontSolid                              
20000480  Lcd_Orientation                            
20000481  Lcd_PenSolid                               
20000484  fsm                                        
200004c4  g_sCrystalfontz128x128                     
200004d4  _lock                                      
200004d8  _unlock                                    
200004e0  current_state                              
200004e4  errno                                      
200004ec  SystemCoreClock                            
2000fe00  __stack                                    
20010000  __STACK_END                                
4000480c  WDTCTL_SYM                                 
ffffffff  __TI_pprof_out_hndl                        
ffffffff  __TI_prof_data_size                        
ffffffff  __TI_prof_data_start                       
ffffffff  __binit__                                  
ffffffff  __c_args__                                 
ffffffff  binit                                      
UNDEFED   __mpu_init                                 
UNDEFED   _system_post_cinit                         

[257 symbols]
