******************************************************************************
                  TI ARM Linker PC v20.2.7                     
******************************************************************************
>> Linked Wed Feb 22 22:15:03 2023

OUTPUT FILE NAME:   <spostamento3.out>
ENTRY POINT SYMBOL: "_c_int00_noargs"  address: 0000c4fd


MEMORY CONFIGURATION

         name            origin    length      used     unused   attr    fill
----------------------  --------  ---------  --------  --------  ----  --------
  MAIN                  00000000   00040000  0000ca74  0003358c  R  X
  INFO                  00200000   00004000  00000000  00004000  R  X
  SRAM_CODE             01000000   00010000  000006e6  0000f91a  RW X
  SRAM_DATA             20000000   00010000  000006e6  0000f91a  RW  


SEGMENT ALLOCATION MAP

run origin  load origin   length   init length attrs members
----------  ----------- ---------- ----------- ----- -------
00000000    00000000    0000ca78   0000ca78    r-x
  00000000    00000000    000000e4   000000e4    r-- .intvecs
  000000e4    000000e4    000078a0   000078a0    r-- .const
  00007984    00007984    00005078   00005078    r-x .text
  0000ca00    0000ca00    00000078   00000078    r-- .cinit
20000000    20000000    000004e8   00000000    rw-
  20000000    20000000    0000046e   00000000    rw- .bss
  20000470    20000470    00000078   00000000    rw- .data
2000fe00    2000fe00    00000200   00000000    rw-
  2000fe00    2000fe00    00000200   00000000    rw- .stack


SECTION ALLOCATION MAP

 output                                  attributes/
section   page    origin      length       input sections
--------  ----  ----------  ----------   ----------------
.intvecs   0    00000000    000000e4     
                  00000000    000000e4     startup_msp432p401r_ccs.obj (.intvecs:retain)

.const     0    000000e4    000078a0     
                  000000e4    00001861     one.obj (.const:.string:pixel_one)
                  00001945    00001388     three.obj (.const:.string:pixel_three)
                  00002ccd    00000e72     two.obj (.const:.string:pixel_two)
                  00003b3f    00000898     go.obj (.const:.string:pixel_go)
                  000043d7    000006ca     grlib.a : fontcmss16b.obj (.const:.string:g_pucCmss16bData)
                  00004aa1    00000514             : fontcmss12.obj (.const:.string:g_pucCmss12Data)
                  00004fb5    0000040b     goomba.obj (.const:.string:pixel_GOOMBA)
                  000053c0    0000040b     mario.obj (.const:.string:pixel_MARIO)
                  000057cb    0000040b     sonic.obj (.const:.string:pixel_SONIC)
                  00005bd6    0000040b     toad.obj (.const:.string:pixel_TOAD)
                  00005fe1    0000040b     yoshi.obj (.const:.string:pixel_yoshi_nero4BPP_UNCOMP)
                  000063ec    00000400     one.obj (.const:palette_one)
                  000067ec    00000288     boo.obj (.const:.string:pixel_boo)
                  00006a74    000001c2     marioMini.obj (.const:.string:pixel_marioMini)
                  00006c36    000001c2     sonicMini.obj (.const:.string:pixel_sonicMini)
                  00006df8    000001c2     toadMini.obj (.const:.string:pixel_toadMini)
                  00006fba    000001c2     yoshiMini.obj (.const:.string:pixel_yoshiMini)
                  0000717c    00000101     rtsv7M4_T_le_v4SPD16_eabi.lib : ctype.c.obj (.const:.string:_ctypes_)
                  0000727d    00000003     --HOLE-- [fill = 0]
                  00007280    000000c8     grlib.a : fontcmss12.obj (.const:g_sFontCmss12)
                  00007348    000000c8             : fontcmss16b.obj (.const:g_sFontCmss16b)
                  00007410    00000080     msp432p4xx_driverlib.lib : adc14.o (.const:_ctlRegs)
                  00007490    00000040     goomba.obj (.const:palette_GOOMBA)
                  000074d0    00000040     mario.obj (.const:palette_MARIO)
                  00007510    00000040     sonic.obj (.const:palette_SONIC)
                  00007550    00000040     toad.obj (.const:palette_TOAD)
                  00007590    00000040     boo.obj (.const:palette_boo)
                  000075d0    00000040     go.obj (.const:palette_go)
                  00007610    00000040     marioMini.obj (.const:palette_marioMini)
                  00007650    00000040     sonicMini.obj (.const:palette_sonicMini)
                  00007690    00000040     three.obj (.const:palette_three)
                  000076d0    00000040     toadMini.obj (.const:palette_toadMini)
                  00007710    00000040     two.obj (.const:palette_two)
                  00007750    00000040     yoshiMini.obj (.const:palette_yoshiMini)
                  00007790    00000040     yoshi.obj (.const:palette_yoshi_nero4BPP_UNCOMP)
                  000077d0    00000030     msp432p4xx_driverlib.lib : gpio.o (.const:GPIO_PORT_TO_BASE)
                  00007800    00000020     Crystalfontz128x128_ST7735.obj (.const:g_sCrystalfontz128x128_funcs)
                  00007820    0000001c     HAL_MSP_EXP432P401R_Crystalfontz128x128_ST7735.obj (.const:$P$T0$1)
                  0000783c    00000018     timer.obj (.const:upConfig1)
                  00007854    00000018     timer.obj (.const:upConfig2)
                  0000786c    00000018     timer.obj (.const:upConfig)
                  00007884    00000010     boo.obj (.const:boo)
                  00007894    00000010     timer.obj (.const:compareConfig_PWM)
                  000078a4    00000010     go.obj (.const:go)
                  000078b4    00000010     goomba.obj (.const:goomba)
                  000078c4    00000010     mario.obj (.const:mario)
                  000078d4    00000010     marioMini.obj (.const:marioMini)
                  000078e4    00000010     one.obj (.const:one)
                  000078f4    00000010     sonic.obj (.const:sonic)
                  00007904    00000010     sonicMini.obj (.const:sonicMini)
                  00007914    00000010     three.obj (.const:three)
                  00007924    00000010     toad.obj (.const:toad)
                  00007934    00000010     toadMini.obj (.const:toadMini)
                  00007944    00000010     two.obj (.const:two)
                  00007954    00000010     yoshi.obj (.const:yoshi)
                  00007964    00000010     yoshiMini.obj (.const:yoshiMini)
                  00007974    00000008     Crystalfontz128x128_ST7735.obj (.const:$P$T0$1)
                  0000797c    00000008     msp432p4xx_driverlib.lib : interrupt.o (.const:g_pulEnRegs)

.text      0    00007984    00005078     
                  00007984    00000a4e     rtsv7M4_T_le_v4SPD16_eabi.lib : _printfi.c.obj (.text:__TI_printfi)
                  000083d2    00000002                                   : _lock.c.obj (.text:_nop)
                  000083d4    00000974     main.obj (.text)
                  00008d48    00000680     Crystalfontz128x128_ST7735.obj (.text)
                  000093c8    0000047e     grlib.a : string.obj (.text:Graphics_drawString)
                  00009846    00000390             : image.obj (.text:Graphics_drawImage)
                  00009bd6    00000002     rtsv7M4_T_le_v4SPD16_eabi.lib : div0.asm.obj (.text)
                  00009bd8    00000334     system_msp432p401r.obj (.text)
                  00009f0c    00000270     rtsv7M4_T_le_v4SPD16_eabi.lib : _printfi.c.obj (.text:_pconv_a)
                  0000a17c    000001d0                                   : _printfi.c.obj (.text:_pconv_g)
                  0000a34c    000001b6                                   : fd_add_t2.asm.obj (.text)
                  0000a502    00000002     --HOLE-- [fill = 0]
                  0000a504    00000160     msp432p4xx_driverlib.lib : adc14.o (.text:_getIndexForMemRegister)
                  0000a664    0000015c                              : pcm.o (.text:__PCM_setPowerModeAdvanced)
                  0000a7c0    00000144                              : timer_a.o (.text:privateTimer_AProcessClockSourceDivider)
                  0000a904    0000013c     rtsv7M4_T_le_v4SPD16_eabi.lib : _printfi.c.obj (.text:_pconv_e)
                  0000aa40    00000136                                   : fd_div_t2.asm.obj (.text)
                  0000ab76    00000002     --HOLE-- [fill = 0]
                  0000ab78    00000124                                   : _printfi.c.obj (.text:fcvt)
                  0000ac9c    00000110                                   : s_scalbn.c.obj (.text:scalbn)
                  0000adac    0000010c     led.obj (.text)
                  0000aeb8    00000108     msp432p4xx_driverlib.lib : pcm.o (.text:__PCM_setCoreVoltageLevelAdvanced)
                  0000afc0    000000fc     rtsv7M4_T_le_v4SPD16_eabi.lib : fd_mul_t2.asm.obj (.text)
                  0000b0bc    000000fa     grlib.a : string.obj (.text:Graphics_getStringWidth)
                  0000b1b6    00000002     --HOLE-- [fill = 0]
                  0000b1b8    000000cc     HAL_MSP_EXP432P401R_Crystalfontz128x128_ST7735.obj (.text)
                  0000b284    000000cc     display.obj (.text)
                  0000b350    000000b4     msp432p4xx_driverlib.lib : adc14.o (.text:ADC14_configureConversionMemory)
                  0000b404    000000b4                              : adc14.o (.text:ADC14_configureMultiSequenceMode)
                  0000b4b8    000000b1     rtsv7M4_T_le_v4SPD16_eabi.lib : _printfi.c.obj (.text:_ltostr)
                  0000b569    00000001     --HOLE-- [fill = 0]
                  0000b56a    000000b0     msp432p4xx_driverlib.lib : spi.o (.text:SPI_initMaster)
                  0000b61a    00000002     --HOLE-- [fill = 0]
                  0000b61c    000000a0     timer.obj (.text)
                  0000b6bc    0000009c     grlib.a : line.obj (.text:Graphics_drawLineH)
                  0000b758    0000009c     rtsv7M4_T_le_v4SPD16_eabi.lib : memcpy_t2.asm.obj (.text)
                  0000b7f4    00000096                                   : ull_div_t2.asm.obj (.text)
                  0000b88a    00000002     --HOLE-- [fill = 0]
                  0000b88c    00000088     msp432p4xx_driverlib.lib : gpio.o (.text:GPIO_setAsPeripheralModuleFunctionInputPin)
                  0000b914    00000088                              : gpio.o (.text:GPIO_setAsPeripheralModuleFunctionOutputPin)
                  0000b99c    00000086     rtsv7M4_T_le_v4SPD16_eabi.lib : fd_cmp_t2.asm.obj (.text:__aeabi_cdcmple)
                  0000ba22    00000086                                   : fd_cmp_t2.asm.obj (.text:__aeabi_cdrcmple)
                  0000baa8    00000080     msp432p4xx_driverlib.lib : interrupt.o (.text:Interrupt_enableInterrupt)
                  0000bb28    0000007a     rtsv7M4_T_le_v4SPD16_eabi.lib : memset_t2.asm.obj (.text)
                  0000bba2    00000076     adc.obj (.text)
                  0000bc18    0000006e     rtsv7M4_T_le_v4SPD16_eabi.lib : _printfi.c.obj (.text:_mcpy)
                  0000bc86    00000002     --HOLE-- [fill = 0]
                  0000bc88    0000006c     grlib.a : image.obj (.text:Graphics_convertPalette)
                  0000bcf4    00000068     msp432p4xx_driverlib.lib : timer_a.o (.text:Timer_A_configureUpMode)
                  0000bd5c    00000068     rtsv7M4_T_le_v4SPD16_eabi.lib : copy_decompress_lzss.c.obj (.text:decompress:lzss:__TI_decompress_lzss)
                  0000bdc4    00000064                                   : s_frexp.c.obj (.text:frexp)
                  0000be28    00000060     buzzer.obj (.text)
                  0000be88    0000005e     msp432p4xx_driverlib.lib : pcm.o (.text:PCM_getCoreVoltageLevel)
                  0000bee6    0000005a                              : pcm.o (.text:PCM_getPowerMode)
                  0000bf40    00000056     rtsv7M4_T_le_v4SPD16_eabi.lib : _printfi.c.obj (.text:_pconv_f)
                  0000bf96    00000002     --HOLE-- [fill = 0]
                  0000bf98    00000054     msp432p4xx_driverlib.lib : adc14.o (.text:ADC14_initModule)
                  0000bfec    00000054     rtsv7M4_T_le_v4SPD16_eabi.lib : _ltoa.c.obj (.text:__TI_ltoa)
                  0000c040    00000052     grlib.a : context.obj (.text:Graphics_initContext)
                  0000c092    00000052     rtsv7M4_T_le_v4SPD16_eabi.lib : _printfi.c.obj (.text:_ecpy)
                  0000c0e4    0000004e     msp432p4xx_driverlib.lib : timer_a.o (.text:Timer_A_initCompare)
                  0000c132    00000002     --HOLE-- [fill = 0]
                  0000c134    0000004c     rtsv7M4_T_le_v4SPD16_eabi.lib : atoi.c.obj (.text:atoi)
                  0000c180    00000048     msp432p4xx_driverlib.lib : flash.o (.text:FlashCtl_setWaitState)
                  0000c1c8    00000048     grlib.a : string.obj (.text:Graphics_drawStringCentered)
                  0000c210    00000048     rtsv7M4_T_le_v4SPD16_eabi.lib : fd_toi_t2.asm.obj (.text)
                  0000c258    00000046     grlib.a : display.obj (.text:Graphics_drawMultiplePixelsOnDisplay)
                  0000c29e    00000002     --HOLE-- [fill = 0]
                  0000c2a0    00000044     rtsv7M4_T_le_v4SPD16_eabi.lib : autoinit.c.obj (.text:__TI_auto_init_nobinit_nopinit:__TI_auto_init_nobinit_nopinit)
                  0000c2e4    00000040     msp432p4xx_driverlib.lib : gpio.o (.text:GPIO_setAsOutputPin)
                  0000c324    00000040     grlib.a : string.obj (.text:Graphics_getNumberOfLeadingZeros)
                  0000c364    00000040     msp432p4xx_driverlib.lib : spi.o (.text:is_A_Module)
                  0000c3a4    00000040     rtsv7M4_T_le_v4SPD16_eabi.lib : sprintf.c.obj (.text:sprintf)
                  0000c3e4    0000003e                                   : _printfi.c.obj (.text:_fcpy)
                  0000c422    00000002     --HOLE-- [fill = 0]
                  0000c424    00000038     msp432p4xx_driverlib.lib : adc14.o (.text:ADC14_getEnabledInterruptStatus)
                  0000c45c    00000036     grlib.a : display.obj (.text:Graphics_drawHorizontalLineOnDisplay)
                  0000c492    00000002     --HOLE-- [fill = 0]
                  0000c494    00000034     msp432p4xx_driverlib.lib : adc14.o (.text:ADC14_enableSampleTimer)
                  0000c4c8    00000034                              : cs.o (.text:CS_setDCOCenteredFrequency)
                  0000c4fc    00000034     rtsv7M4_T_le_v4SPD16_eabi.lib : boot_cortex_m.c.obj (.text:_c_int00_noargs:_c_int00_noargs)
                  0000c530    00000034                                   : rand.c.obj (.text:rand)
                  0000c564    00000030     msp432p4xx_driverlib.lib : adc14.o (.text:ADC14_clearInterruptFlag)
                  0000c594    00000030                              : adc14.o (.text:ADC14_enableInterrupt)
                  0000c5c4    0000002e     rtsv7M4_T_le_v4SPD16_eabi.lib : i_tofd_t2.asm.obj (.text)
                  0000c5f2    00000002     --HOLE-- [fill = 0]
                  0000c5f4    0000002c     msp432p4xx_driverlib.lib : adc14.o (.text:ADC14_getInterruptStatus)
                  0000c620    0000002c                              : adc14.o (.text:ADC14_toggleConversionTrigger)
                  0000c64c    0000002c     grlib.a : display.obj (.text:Graphics_drawPixelOnDisplay)
                  0000c678    0000002c     msp432p4xx_driverlib.lib : timer_a.o (.text:Timer_A_clearCaptureCompareInterrupt)
                  0000c6a4    00000028                              : adc14.o (.text:ADC14_enableConversion)
                  0000c6cc    00000028                              : adc14.o (.text:ADC14_getResult)
                  0000c6f4    00000028                              : gpio.o (.text:GPIO_setOutputHighOnPin)
                  0000c71c    00000028                              : gpio.o (.text:GPIO_setOutputLowOnPin)
                  0000c744    00000028                              : pcm.o (.text:PCM_gotoLPM0)
                  0000c76c    00000024                              : wdt_a.o (.text:WDT_A_holdTimer)
                  0000c790    0000001e     grlib.a : display.obj (.text:Graphics_fillRectangleOnDisplay)
                  0000c7ae    0000001c     msp432p4xx_driverlib.lib : spi.o (.text:SPI_enableModule)
                  0000c7ca    0000001c     rtsv7M4_T_le_v4SPD16_eabi.lib : memccpy.c.obj (.text:memccpy)
                  0000c7e6    0000001a     grlib.a : display.obj (.text:Graphics_clearDisplayOnDisplay)
                  0000c800    0000001a             : context.obj (.text:Graphics_setBackgroundColor)
                  0000c81a    0000001a             : context.obj (.text:Graphics_setFont)
                  0000c834    0000001a     rtsv7M4_T_le_v4SPD16_eabi.lib : s_copysign.c.obj (.text:copysign)
                  0000c84e    00000018                                   : sprintf.c.obj (.text:_outs)
                  0000c866    00000016     msp432p4xx_driverlib.lib : spi.o (.text:EUSCI_A_SPI_enable)
                  0000c87c    00000016                              : spi.o (.text:EUSCI_B_SPI_enable)
                  0000c892    00000016     grlib.a : context.obj (.text:Graphics_setForegroundColor)
                  0000c8a8    00000016             : display.obj (.text:Graphics_translateColorOnDisplay)
                  0000c8be    00000016     msp432p4xx_driverlib.lib : timer_a.o (.text:Timer_A_startCounter)
                  0000c8d4    00000016     rtsv7M4_T_le_v4SPD16_eabi.lib : strchr.c.obj (.text:strchr)
                  0000c8ea    00000002     --HOLE-- [fill = 0]
                  0000c8ec    00000014     msp432p4xx_driverlib.lib : pcm.o (.text:PCM_getPowerState)
                  0000c900    00000014                              : timer_a.o (.text:Timer_A_stopTimer)
                  0000c914    00000014     rtsv7M4_T_le_v4SPD16_eabi.lib : strlen.c.obj (.text:strlen)
                  0000c928    00000012     grlib.a : context.obj (.text:Graphics_clearDisplay)
                  0000c93a    00000012     rtsv7M4_T_le_v4SPD16_eabi.lib : wcslen.c.obj (.text:wcslen)
                  0000c94c    00000010     msp432p4xx_driverlib.lib : adc14.o (.text:ADCIsConversionRunning)
                  0000c95c    00000010                              : interrupt.o (.text:Interrupt_enableMaster)
                  0000c96c    00000010                              : interrupt.o (.text:Interrupt_enableSleepOnIsrExit)
                  0000c97c    00000010                              : pcm.o (.text:PCM_setCoreVoltageLevel)
                  0000c98c    00000010                              : pcm.o (.text:PCM_setPowerMode)
                  0000c99c    0000000e     rtsv7M4_T_le_v4SPD16_eabi.lib : copy_decompress_none.c.obj (.text:decompress:none:__TI_decompress_none)
                  0000c9aa    0000000e     startup_msp432p401r_ccs.obj (.text)
                  0000c9b8    0000000c     msp432p4xx_driverlib.lib : adc14.o (.text:ADC14_enableModule)
                  0000c9c4    0000000c                              : cpu.o (.text:CPU_cpsie)
                  0000c9d0    0000000c     rtsv7M4_T_le_v4SPD16_eabi.lib : copy_zero_init.c.obj (.text:decompress:ZI:__TI_zero_init)
                  0000c9dc    0000000a                                   : sprintf.c.obj (.text:_outc)
                  0000c9e6    00000002     --HOLE-- [fill = 0]
                  0000c9e8    00000008                                   : errno.c.obj (.text:__aeabi_errno_addr)
                  0000c9f0    00000004     msp432p4xx_driverlib.lib : cpu.o (.text:CPU_wfi)
                  0000c9f4    00000004     rtsv7M4_T_le_v4SPD16_eabi.lib : pre_init.c.obj (.text:_system_pre_init)
                  0000c9f8    00000004                                   : exit.c.obj (.text:abort:abort)

.cinit     0    0000ca00    00000078     
                  0000ca00    00000054     (.cinit..data.load) [load image, compression = lzss]
                  0000ca54    0000000c     (__TI_handler_table)
                  0000ca60    00000008     (.cinit..bss.load) [load image, compression = zero_init]
                  0000ca68    00000010     (__TI_cinit_table)

.init_array 
*          0    00000000    00000000     UNINITIALIZED

.binit     0    00000000    00000000     

.bss       0    20000000    0000046e     UNINITIALIZED
                  20000000    00000400     grlib.a : image.obj (.bss:g_pulConvertedPalette)
                  20000400    0000002c     main.obj (.bss)
                  2000042c    0000001c     (.common:dev)
                  20000448    0000001c     (.common:g_sContext)
                  20000464    00000002     (.common:Lcd_ScreenHeigth)
                  20000466    00000002     (.common:Lcd_ScreenWidth)
                  20000468    00000002     (.common:Lcd_TouchTrim)
                  2000046a    00000001     (.common:Lcd_FlagRead)
                  2000046b    00000001     (.common:Lcd_FontSolid)
                  2000046c    00000001     (.common:Lcd_Orientation)
                  2000046d    00000001     (.common:Lcd_PenSolid)

.data      0    20000470    00000078     UNINITIALIZED
                  20000470    00000040     main.obj (.data:fsm)
                  200004b0    00000011     main.obj (.data)
                  200004c1    00000003     --HOLE--
                  200004c4    00000010     Crystalfontz128x128_ST7735.obj (.data:g_sCrystalfontz128x128)
                  200004d4    00000008     rtsv7M4_T_le_v4SPD16_eabi.lib : _lock.c.obj (.data:$O1$$)
                  200004dc    00000004                                   : errno.c.obj (.data)
                  200004e0    00000004                                   : rand.c.obj (.data)
                  200004e4    00000004     system_msp432p401r.obj (.data)

.stack     0    2000fe00    00000200     UNINITIALIZED
                  2000fe00    00000004     rtsv7M4_T_le_v4SPD16_eabi.lib : boot_cortex_m.c.obj (.stack)
                  2000fe04    000001fc     --HOLE--

__llvm_prf_cnts 
*          0    20000000    00000000     UNINITIALIZED

MODULE SUMMARY

       Module                                               code    ro data   rw data
       ------                                               ----    -------   -------
    .\
       one.obj                                              0       7281      0      
       three.obj                                            0       5080      0      
       two.obj                                              0       3778      0      
       main.obj                                             2420    0         250    
       go.obj                                               0       2280      0      
       Crystalfontz128x128_ST7735.obj                       1664    40        52     
       goomba.obj                                           0       1115      0      
       mario.obj                                            0       1115      0      
       sonic.obj                                            0       1115      0      
       toad.obj                                             0       1115      0      
       yoshi.obj                                            0       1115      0      
       system_msp432p401r.obj                               820     0         8      
       boo.obj                                              0       728       0      
       marioMini.obj                                        0       530       0      
       sonicMini.obj                                        0       530       0      
       toadMini.obj                                         0       530       0      
       yoshiMini.obj                                        0       530       0      
       display.obj                                          204     0         112    
       led.obj                                              268     0         0      
       timer.obj                                            160     88        0      
       startup_msp432p401r_ccs.obj                          14      228       0      
       HAL_MSP_EXP432P401R_Crystalfontz128x128_ST7735.obj   204     28        0      
       adc.obj                                              118     0         0      
       buzzer.obj                                           96      0         0      
    +--+----------------------------------------------------+-------+---------+---------+
       Total:                                               5968    27226     422    
                                                                                     
    D:/Programmi/simplelink_msp432p4_sdk_3_40_01_02/source/ti/devices/msp432p4xx/driverlib/ccs/msp432p4xx_driverlib.lib
       adc14.o                                              1196    128       0      
       pcm.o                                                888     0         0      
       timer_a.o                                            592     0         0      
       gpio.o                                               416     48        0      
       spi.o                                                312     0         0      
       interrupt.o                                          160     8         0      
       flash.o                                              72      0         0      
       cs.o                                                 52      0         0      
       wdt_a.o                                              36      0         0      
       cpu.o                                                16      0         0      
    +--+----------------------------------------------------+-------+---------+---------+
       Total:                                               3740    184       0      
                                                                                     
    D:/Programmi/simplelink_msp432p4_sdk_3_40_01_02/source/ti/grlib/lib/ccs/m4f/grlib.a
       image.obj                                            1020    0         2048   
       fontcmss16b.obj                                      0       1938      0      
       string.obj                                           1536    0         0      
       fontcmss12.obj                                       0       1500      0      
       display.obj                                          246     0         0      
       context.obj                                          174     0         0      
       line.obj                                             156     0         0      
    +--+----------------------------------------------------+-------+---------+---------+
       Total:                                               3132    3438      2048   
                                                                                     
    D:\Programmi\ti\ccs1210\ccs\tools\compiler\ti-cgt-arm_20.2.7.LTS\lib\rtsv7M4_T_le_v4SPD16_eabi.lib
       _printfi.c.obj                                       4851    0         0      
       fd_add_t2.asm.obj                                    438     0         0      
       fd_div_t2.asm.obj                                    310     0         0      
       s_scalbn.c.obj                                       272     0         0      
       fd_cmp_t2.asm.obj                                    268     0         0      
       ctype.c.obj                                          0       257       0      
       fd_mul_t2.asm.obj                                    252     0         0      
       memcpy_t2.asm.obj                                    156     0         0      
       ull_div_t2.asm.obj                                   150     0         0      
       memset_t2.asm.obj                                    122     0         0      
       copy_decompress_lzss.c.obj                           104     0         0      
       s_frexp.c.obj                                        100     0         0      
       sprintf.c.obj                                        98      0         0      
       _ltoa.c.obj                                          84      0         0      
       atoi.c.obj                                           76      0         0      
       fd_toi_t2.asm.obj                                    72      0         0      
       autoinit.c.obj                                       68      0         0      
       rand.c.obj                                           52      0         8      
       boot_cortex_m.c.obj                                  52      0         0      
       i_tofd_t2.asm.obj                                    46      0         0      
       memccpy.c.obj                                        28      0         0      
       s_copysign.c.obj                                     26      0         0      
       strchr.c.obj                                         22      0         0      
       strlen.c.obj                                         20      0         0      
       _lock.c.obj                                          2       0         16     
       wcslen.c.obj                                         18      0         0      
       errno.c.obj                                          8       0         8      
       copy_decompress_none.c.obj                           14      0         0      
       copy_zero_init.c.obj                                 12      0         0      
       exit.c.obj                                           4       0         0      
       pre_init.c.obj                                       4       0         0      
       div0.asm.obj                                         2       0         0      
    +--+----------------------------------------------------+-------+---------+---------+
       Total:                                               7731    257       32     
                                                                                     
       Stack:                                               0       0         1024   
       Linker Generated:                                    0       120       0      
    +--+----------------------------------------------------+-------+---------+---------+
       Grand Total:                                         20571   31225     3526   


LINKER GENERATED COPY TABLES

__TI_cinit_table @ 0000ca68 records: 2, size/record: 8, table size: 16
	.data: load addr=0000ca00, load size=00000054 bytes, run addr=20000470, run size=00000078 bytes, compression=lzss
	.bss: load addr=0000ca60, load size=00000008 bytes, run addr=20000000, run size=0000046e bytes, compression=zero_init


LINKER GENERATED HANDLER TABLE

__TI_handler_table @ 0000ca54 records: 3, size/record: 4, table size: 12
	index: 0, handler: __TI_decompress_lzss
	index: 1, handler: __TI_decompress_none
	index: 2, handler: __TI_zero_init


GLOBAL SYMBOLS: SORTED ALPHABETICALLY BY Name 

address   name                                       
-------   ----                                       
00008b91  ADC14_IRQHandler                           
00008b91  ADC14_IRQHandler                           
0000c565  ADC14_clearInterruptFlag                   
0000b351  ADC14_configureConversionMemory            
0000b405  ADC14_configureMultiSequenceMode           
0000c6a5  ADC14_enableConversion                     
0000c595  ADC14_enableInterrupt                      
0000c9b9  ADC14_enableModule                         
0000c495  ADC14_enableSampleTimer                    
0000c425  ADC14_getEnabledInterruptStatus            
0000c5f5  ADC14_getInterruptStatus                   
0000c6cd  ADC14_getResult                            
0000bf99  ADC14_initModule                           
0000c621  ADC14_toggleConversionTrigger              
0000c9b7  AES256_IRQHandler                          
0000c9b7  BusFault_Handler                           
0000c9f9  C$$EXIT                                    
0000c9b7  COMP_E0_IRQHandler                         
0000c9b7  COMP_E1_IRQHandler                         
0000c9c5  CPU_cpsie                                  
0000c9f1  CPU_wfi                                    
0000c9b7  CS_IRQHandler                              
0000c4c9  CS_setDCOCenteredFrequency                 
00008d49  Crystalfontz128x128_Init                   
00008e5d  Crystalfontz128x128_SetDrawFrame           
00008f8b  Crystalfontz128x128_SetOrientation         
0000c9b7  DMA_ERR_IRQHandler                         
0000c9b7  DMA_INT0_IRQHandler                        
0000c9b7  DMA_INT1_IRQHandler                        
0000c9b7  DMA_INT2_IRQHandler                        
0000c9b7  DMA_INT3_IRQHandler                        
0000c9b7  DebugMon_Handler                           
0000c9b7  Default_Handler                            
0000c9b7  EUSCIA0_IRQHandler                         
0000c9b7  EUSCIA1_IRQHandler                         
0000c9b7  EUSCIA2_IRQHandler                         
0000c9b7  EUSCIA3_IRQHandler                         
0000c9b7  EUSCIB0_IRQHandler                         
0000c9b7  EUSCIB1_IRQHandler                         
0000c9b7  EUSCIB2_IRQHandler                         
0000c9b7  EUSCIB3_IRQHandler                         
0000c867  EUSCI_A_SPI_enable                         
0000c87d  EUSCI_B_SPI_enable                         
0000c9b7  FLCTL_IRQHandler                           
0000c9b7  FPU_IRQHandler                             
0000c181  FlashCtl_setWaitState                      
0000c2e5  GPIO_setAsOutputPin                        
0000b88d  GPIO_setAsPeripheralModuleFunctionInputPin 
0000b915  GPIO_setAsPeripheralModuleFunctionOutputPin
0000c6f5  GPIO_setOutputHighOnPin                    
0000c71d  GPIO_setOutputLowOnPin                     
0000c929  Graphics_clearDisplay                      
0000c7e7  Graphics_clearDisplayOnDisplay             
0000c45d  Graphics_drawHorizontalLineOnDisplay       
00009847  Graphics_drawImage                         
0000b6bd  Graphics_drawLineH                         
0000c259  Graphics_drawMultiplePixelsOnDisplay       
0000c64d  Graphics_drawPixelOnDisplay                
000093c9  Graphics_drawString                        
0000c1c9  Graphics_drawStringCentered                
0000c791  Graphics_fillRectangleOnDisplay            
0000b0bd  Graphics_getStringWidth                    
0000c041  Graphics_initContext                       
0000c801  Graphics_setBackgroundColor                
0000c81b  Graphics_setFont                           
0000c893  Graphics_setForegroundColor                
0000c8a9  Graphics_translateColorOnDisplay           
0000b1b9  HAL_LCD_PortInit                           
0000b1e9  HAL_LCD_SpiInit                            
0000b21f  HAL_LCD_writeCommand                       
0000b24f  HAL_LCD_writeData                          
0000c9b7  HardFault_Handler                          
0000baa9  Interrupt_enableInterrupt                  
0000c95d  Interrupt_enableMaster                     
0000c96d  Interrupt_enableSleepOnIsrExit             
2000046a  Lcd_FlagRead                               
2000046b  Lcd_FontSolid                              
2000046c  Lcd_Orientation                            
2000046d  Lcd_PenSolid                               
20000464  Lcd_ScreenHeigth                           
20000466  Lcd_ScreenWidth                            
20000468  Lcd_TouchTrim                              
0000c9b7  MemManage_Handler                          
0000c9b7  NMI_Handler                                
0000c9b7  PCM_IRQHandler                             
0000be89  PCM_getCoreVoltageLevel                    
0000bee7  PCM_getPowerMode                           
0000c8ed  PCM_getPowerState                          
0000c745  PCM_gotoLPM0                               
0000c97d  PCM_setCoreVoltageLevel                    
0000c98d  PCM_setPowerMode                           
0000c9b7  PORT1_IRQHandler                           
0000c9b7  PORT2_IRQHandler                           
0000c9b7  PORT3_IRQHandler                           
0000c9b7  PORT4_IRQHandler                           
0000c9b7  PORT5_IRQHandler                           
0000c9b7  PORT6_IRQHandler                           
0000c9b7  PSS_IRQHandler                             
0000c9b7  PendSV_Handler                             
0000c9b7  RTC_C_IRQHandler                           
0000c9ab  Reset_Handler                              
0000c7af  SPI_enableModule                           
0000b56b  SPI_initMaster                             
0000c9b7  SVC_Handler                                
0000c9b7  SysTick_Handler                            
200004e4  SystemCoreClock                            
00009bd9  SystemCoreClockUpdate                      
00009e51  SystemInit                                 
0000c9b7  T32_INT1_IRQHandler                        
0000c9b7  T32_INT2_IRQHandler                        
0000c9b7  T32_INTC_IRQHandler                        
0000c9b7  TA0_0_IRQHandler                           
0000c9b7  TA0_N_IRQHandler                           
000088ed  TA1_0_IRQHandler                           
000088ed  TA1_0_IRQHandler                           
0000c9b7  TA1_N_IRQHandler                           
00008ac9  TA2_0_IRQHandler                           
00008ac9  TA2_0_IRQHandler                           
0000c9b7  TA2_N_IRQHandler                           
00008a1d  TA3_0_IRQHandler                           
00008a1d  TA3_0_IRQHandler                           
0000c9b7  TA3_N_IRQHandler                           
0000c679  Timer_A_clearCaptureCompareInterrupt       
0000bcf5  Timer_A_configureUpMode                    
0000c0e5  Timer_A_initCompare                        
0000c8bf  Timer_A_startCounter                       
0000c901  Timer_A_stopTimer                          
0000c9b7  UsageFault_Handler                         
4000480c  WDTCTL_SYM                                 
0000c9b7  WDT_A_IRQHandler                           
0000c76d  WDT_A_holdTimer                            
0000ae87  _LEDInit                                   
20010000  __STACK_END                                
00000200  __STACK_SIZE                               
0000ca68  __TI_CINIT_Base                            
0000ca78  __TI_CINIT_Limit                           
0000ca54  __TI_Handler_Table_Base                    
0000ca60  __TI_Handler_Table_Limit                   
0000c2a1  __TI_auto_init_nobinit_nopinit             
0000bd5d  __TI_decompress_lzss                       
0000c99d  __TI_decompress_none                       
0000bfed  __TI_ltoa                                  
ffffffff  __TI_pprof_out_hndl                        
00007985  __TI_printfi                               
ffffffff  __TI_prof_data_size                        
ffffffff  __TI_prof_data_start                       
00000000  __TI_static_base__                         
0000c9d1  __TI_zero_init                             
0000b99d  __aeabi_cdcmpeq                            
0000b99d  __aeabi_cdcmple                            
0000ba23  __aeabi_cdrcmple                           
0000c211  __aeabi_d2iz                               
0000a357  __aeabi_dadd                               
0000aa41  __aeabi_ddiv                               
0000afc1  __aeabi_dmul                               
0000a34d  __aeabi_dsub                               
0000c9e9  __aeabi_errno_addr                         
0000c5c5  __aeabi_i2d                                
00009bd7  __aeabi_idiv0                              
00009bd7  __aeabi_ldiv0                              
0000bb29  __aeabi_memclr                             
0000bb29  __aeabi_memclr4                            
0000bb29  __aeabi_memclr8                            
0000b759  __aeabi_memcpy                             
0000b759  __aeabi_memcpy4                            
0000b759  __aeabi_memcpy8                            
0000bb2b  __aeabi_memset                             
0000bb2b  __aeabi_memset4                            
0000bb2b  __aeabi_memset8                            
0000b7f5  __aeabi_uldivmod                           
ffffffff  __binit__                                  
ffffffff  __c_args__                                 
UNDEFED   __mpu_init                                 
2000fe00  __stack                                    
20000000  __start___llvm_prf_cnts                    
20000000  __stop___llvm_prf_cnts                     
0000bba3  _adcInit                                   
0000be29  _buzzerInit                                
0000be55  _buzzerStop                                
0000c4fd  _c_int00_noargs                            
0000717c  _ctypes_                                   
0000b685  _delay                                     
0000b285  _graphicsInit                              
000087c1  _hwInit                                    
200004d4  _lock                                      
000083d3  _nop                                       
0000b2d3  _setDisplay                                
0000ae63  _setLEDLow                                 
UNDEFED   _system_post_cinit                         
0000c9f5  _system_pre_init                           
0000b669  _timerClearCCI                             
0000b61d  _timerInit                                 
0000b653  _timerStop                                 
200004d8  _unlock                                    
0000c9f9  abort                                      
0000adad  allColors                                  
0000c135  atoi                                       
200004bc  badChar                                    
ffffffff  binit                                      
00007884  boo                                        
200004b4  character                                  
200004b8  characterMini                              
00007894  compareConfig_PWM                          
0000c835  copysign                                   
0000c835  copysignl                                  
00008483  createBadChar                              
200004c0  current_state                              
2000042c  dev                                        
000083d5  draw                                       
00008835  drawBig                                    
000083ef  drawRectBooGoomba                          
00008421  drawRectChar                               
00008875  drawSmall                                  
200004dc  errno                                      
000086f5  fn_GAMEOVER                                
000084b3  fn_INIT                                    
000084ed  fn_MARIO                                   
00008655  fn_PLAY                                    
00008525  fn_SONIC                                   
0000855d  fn_START                                   
00008509  fn_TOAD                                    
00008541  fn_YOSHI                                   
0000bdc5  frexp                                      
0000bdc5  frexpl                                     
20000470  fsm                                        
20000448  g_sContext                                 
200004c4  g_sCrystalfontz128x128                     
00007800  g_sCrystalfontz128x128_funcs               
00007280  g_sFontCmss12                              
00007348  g_sFontCmss16b                             
000078a4  go                                         
000078b4  goomba                                     
00000000  interruptVectors                           
0000ac9d  ldexp                                      
0000ac9d  ldexpl                                     
000088ad  main                                       
000078c4  mario                                      
000078d4  marioMini                                  
0000c7cb  memccpy                                    
0000b759  memcpy                                     
0000bb31  memset                                     
000078e4  one                                        
0000c531  rand                                       
00008801  random                                     
0000ac9d  scalbn                                     
0000ac9d  scalbnl                                    
000078f4  sonic                                      
00007904  sonicMini                                  
0000c3a5  sprintf                                    
0000c8d5  strchr                                     
0000c915  strlen                                     
00007914  three                                      
00007924  toad                                       
00007934  toadMini                                   
00007944  two                                        
0000786c  upConfig                                   
0000783c  upConfig1                                  
00007854  upConfig2                                  
0000c93b  wcslen                                     
00007954  yoshi                                      
00007964  yoshiMini                                  


GLOBAL SYMBOLS: SORTED BY Symbol Address 

address   name                                       
-------   ----                                       
00000000  __TI_static_base__                         
00000000  interruptVectors                           
00000200  __STACK_SIZE                               
0000717c  _ctypes_                                   
00007280  g_sFontCmss12                              
00007348  g_sFontCmss16b                             
00007800  g_sCrystalfontz128x128_funcs               
0000783c  upConfig1                                  
00007854  upConfig2                                  
0000786c  upConfig                                   
00007884  boo                                        
00007894  compareConfig_PWM                          
000078a4  go                                         
000078b4  goomba                                     
000078c4  mario                                      
000078d4  marioMini                                  
000078e4  one                                        
000078f4  sonic                                      
00007904  sonicMini                                  
00007914  three                                      
00007924  toad                                       
00007934  toadMini                                   
00007944  two                                        
00007954  yoshi                                      
00007964  yoshiMini                                  
00007985  __TI_printfi                               
000083d3  _nop                                       
000083d5  draw                                       
000083ef  drawRectBooGoomba                          
00008421  drawRectChar                               
00008483  createBadChar                              
000084b3  fn_INIT                                    
000084ed  fn_MARIO                                   
00008509  fn_TOAD                                    
00008525  fn_SONIC                                   
00008541  fn_YOSHI                                   
0000855d  fn_START                                   
00008655  fn_PLAY                                    
000086f5  fn_GAMEOVER                                
000087c1  _hwInit                                    
00008801  random                                     
00008835  drawBig                                    
00008875  drawSmall                                  
000088ad  main                                       
000088ed  TA1_0_IRQHandler                           
000088ed  TA1_0_IRQHandler                           
00008a1d  TA3_0_IRQHandler                           
00008a1d  TA3_0_IRQHandler                           
00008ac9  TA2_0_IRQHandler                           
00008ac9  TA2_0_IRQHandler                           
00008b91  ADC14_IRQHandler                           
00008b91  ADC14_IRQHandler                           
00008d49  Crystalfontz128x128_Init                   
00008e5d  Crystalfontz128x128_SetDrawFrame           
00008f8b  Crystalfontz128x128_SetOrientation         
000093c9  Graphics_drawString                        
00009847  Graphics_drawImage                         
00009bd7  __aeabi_idiv0                              
00009bd7  __aeabi_ldiv0                              
00009bd9  SystemCoreClockUpdate                      
00009e51  SystemInit                                 
0000a34d  __aeabi_dsub                               
0000a357  __aeabi_dadd                               
0000aa41  __aeabi_ddiv                               
0000ac9d  ldexp                                      
0000ac9d  ldexpl                                     
0000ac9d  scalbn                                     
0000ac9d  scalbnl                                    
0000adad  allColors                                  
0000ae63  _setLEDLow                                 
0000ae87  _LEDInit                                   
0000afc1  __aeabi_dmul                               
0000b0bd  Graphics_getStringWidth                    
0000b1b9  HAL_LCD_PortInit                           
0000b1e9  HAL_LCD_SpiInit                            
0000b21f  HAL_LCD_writeCommand                       
0000b24f  HAL_LCD_writeData                          
0000b285  _graphicsInit                              
0000b2d3  _setDisplay                                
0000b351  ADC14_configureConversionMemory            
0000b405  ADC14_configureMultiSequenceMode           
0000b56b  SPI_initMaster                             
0000b61d  _timerInit                                 
0000b653  _timerStop                                 
0000b669  _timerClearCCI                             
0000b685  _delay                                     
0000b6bd  Graphics_drawLineH                         
0000b759  __aeabi_memcpy                             
0000b759  __aeabi_memcpy4                            
0000b759  __aeabi_memcpy8                            
0000b759  memcpy                                     
0000b7f5  __aeabi_uldivmod                           
0000b88d  GPIO_setAsPeripheralModuleFunctionInputPin 
0000b915  GPIO_setAsPeripheralModuleFunctionOutputPin
0000b99d  __aeabi_cdcmpeq                            
0000b99d  __aeabi_cdcmple                            
0000ba23  __aeabi_cdrcmple                           
0000baa9  Interrupt_enableInterrupt                  
0000bb29  __aeabi_memclr                             
0000bb29  __aeabi_memclr4                            
0000bb29  __aeabi_memclr8                            
0000bb2b  __aeabi_memset                             
0000bb2b  __aeabi_memset4                            
0000bb2b  __aeabi_memset8                            
0000bb31  memset                                     
0000bba3  _adcInit                                   
0000bcf5  Timer_A_configureUpMode                    
0000bd5d  __TI_decompress_lzss                       
0000bdc5  frexp                                      
0000bdc5  frexpl                                     
0000be29  _buzzerInit                                
0000be55  _buzzerStop                                
0000be89  PCM_getCoreVoltageLevel                    
0000bee7  PCM_getPowerMode                           
0000bf99  ADC14_initModule                           
0000bfed  __TI_ltoa                                  
0000c041  Graphics_initContext                       
0000c0e5  Timer_A_initCompare                        
0000c135  atoi                                       
0000c181  FlashCtl_setWaitState                      
0000c1c9  Graphics_drawStringCentered                
0000c211  __aeabi_d2iz                               
0000c259  Graphics_drawMultiplePixelsOnDisplay       
0000c2a1  __TI_auto_init_nobinit_nopinit             
0000c2e5  GPIO_setAsOutputPin                        
0000c3a5  sprintf                                    
0000c425  ADC14_getEnabledInterruptStatus            
0000c45d  Graphics_drawHorizontalLineOnDisplay       
0000c495  ADC14_enableSampleTimer                    
0000c4c9  CS_setDCOCenteredFrequency                 
0000c4fd  _c_int00_noargs                            
0000c531  rand                                       
0000c565  ADC14_clearInterruptFlag                   
0000c595  ADC14_enableInterrupt                      
0000c5c5  __aeabi_i2d                                
0000c5f5  ADC14_getInterruptStatus                   
0000c621  ADC14_toggleConversionTrigger              
0000c64d  Graphics_drawPixelOnDisplay                
0000c679  Timer_A_clearCaptureCompareInterrupt       
0000c6a5  ADC14_enableConversion                     
0000c6cd  ADC14_getResult                            
0000c6f5  GPIO_setOutputHighOnPin                    
0000c71d  GPIO_setOutputLowOnPin                     
0000c745  PCM_gotoLPM0                               
0000c76d  WDT_A_holdTimer                            
0000c791  Graphics_fillRectangleOnDisplay            
0000c7af  SPI_enableModule                           
0000c7cb  memccpy                                    
0000c7e7  Graphics_clearDisplayOnDisplay             
0000c801  Graphics_setBackgroundColor                
0000c81b  Graphics_setFont                           
0000c835  copysign                                   
0000c835  copysignl                                  
0000c867  EUSCI_A_SPI_enable                         
0000c87d  EUSCI_B_SPI_enable                         
0000c893  Graphics_setForegroundColor                
0000c8a9  Graphics_translateColorOnDisplay           
0000c8bf  Timer_A_startCounter                       
0000c8d5  strchr                                     
0000c8ed  PCM_getPowerState                          
0000c901  Timer_A_stopTimer                          
0000c915  strlen                                     
0000c929  Graphics_clearDisplay                      
0000c93b  wcslen                                     
0000c95d  Interrupt_enableMaster                     
0000c96d  Interrupt_enableSleepOnIsrExit             
0000c97d  PCM_setCoreVoltageLevel                    
0000c98d  PCM_setPowerMode                           
0000c99d  __TI_decompress_none                       
0000c9ab  Reset_Handler                              
0000c9b7  AES256_IRQHandler                          
0000c9b7  BusFault_Handler                           
0000c9b7  COMP_E0_IRQHandler                         
0000c9b7  COMP_E1_IRQHandler                         
0000c9b7  CS_IRQHandler                              
0000c9b7  DMA_ERR_IRQHandler                         
0000c9b7  DMA_INT0_IRQHandler                        
0000c9b7  DMA_INT1_IRQHandler                        
0000c9b7  DMA_INT2_IRQHandler                        
0000c9b7  DMA_INT3_IRQHandler                        
0000c9b7  DebugMon_Handler                           
0000c9b7  Default_Handler                            
0000c9b7  EUSCIA0_IRQHandler                         
0000c9b7  EUSCIA1_IRQHandler                         
0000c9b7  EUSCIA2_IRQHandler                         
0000c9b7  EUSCIA3_IRQHandler                         
0000c9b7  EUSCIB0_IRQHandler                         
0000c9b7  EUSCIB1_IRQHandler                         
0000c9b7  EUSCIB2_IRQHandler                         
0000c9b7  EUSCIB3_IRQHandler                         
0000c9b7  FLCTL_IRQHandler                           
0000c9b7  FPU_IRQHandler                             
0000c9b7  HardFault_Handler                          
0000c9b7  MemManage_Handler                          
0000c9b7  NMI_Handler                                
0000c9b7  PCM_IRQHandler                             
0000c9b7  PORT1_IRQHandler                           
0000c9b7  PORT2_IRQHandler                           
0000c9b7  PORT3_IRQHandler                           
0000c9b7  PORT4_IRQHandler                           
0000c9b7  PORT5_IRQHandler                           
0000c9b7  PORT6_IRQHandler                           
0000c9b7  PSS_IRQHandler                             
0000c9b7  PendSV_Handler                             
0000c9b7  RTC_C_IRQHandler                           
0000c9b7  SVC_Handler                                
0000c9b7  SysTick_Handler                            
0000c9b7  T32_INT1_IRQHandler                        
0000c9b7  T32_INT2_IRQHandler                        
0000c9b7  T32_INTC_IRQHandler                        
0000c9b7  TA0_0_IRQHandler                           
0000c9b7  TA0_N_IRQHandler                           
0000c9b7  TA1_N_IRQHandler                           
0000c9b7  TA2_N_IRQHandler                           
0000c9b7  TA3_N_IRQHandler                           
0000c9b7  UsageFault_Handler                         
0000c9b7  WDT_A_IRQHandler                           
0000c9b9  ADC14_enableModule                         
0000c9c5  CPU_cpsie                                  
0000c9d1  __TI_zero_init                             
0000c9e9  __aeabi_errno_addr                         
0000c9f1  CPU_wfi                                    
0000c9f5  _system_pre_init                           
0000c9f9  C$$EXIT                                    
0000c9f9  abort                                      
0000ca54  __TI_Handler_Table_Base                    
0000ca60  __TI_Handler_Table_Limit                   
0000ca68  __TI_CINIT_Base                            
0000ca78  __TI_CINIT_Limit                           
20000000  __start___llvm_prf_cnts                    
20000000  __stop___llvm_prf_cnts                     
2000042c  dev                                        
20000448  g_sContext                                 
20000464  Lcd_ScreenHeigth                           
20000466  Lcd_ScreenWidth                            
20000468  Lcd_TouchTrim                              
2000046a  Lcd_FlagRead                               
2000046b  Lcd_FontSolid                              
2000046c  Lcd_Orientation                            
2000046d  Lcd_PenSolid                               
20000470  fsm                                        
200004b4  character                                  
200004b8  characterMini                              
200004bc  badChar                                    
200004c0  current_state                              
200004c4  g_sCrystalfontz128x128                     
200004d4  _lock                                      
200004d8  _unlock                                    
200004dc  errno                                      
200004e4  SystemCoreClock                            
2000fe00  __stack                                    
20010000  __STACK_END                                
4000480c  WDTCTL_SYM                                 
ffffffff  __TI_pprof_out_hndl                        
ffffffff  __TI_prof_data_size                        
ffffffff  __TI_prof_data_start                       
ffffffff  __binit__                                  
ffffffff  __c_args__                                 
ffffffff  binit                                      
UNDEFED   __mpu_init                                 
UNDEFED   _system_post_cinit                         

[261 symbols]
