<?xml version="1.0" encoding="ISO-8859-1" ?>
<link_info>
   <banner>TI ARM Linker PC v20.2.7.LTS</banner>
   <copyright>Copyright (c) 1996-2018 Texas Instruments Incorporated</copyright>
   <link_time>0x63f51e24</link_time>
   <link_errors>0x0</link_errors>
   <output_file>spostamento.out</output_file>
   <entry_point>
      <name>_c_int00_noargs</name>
      <address>0xc5ed</address>
   </entry_point>
   <input_file_list>
      <input_file id="fl-2">
         <path>.\</path>
         <kind>object</kind>
         <file>Crystalfontz128x128_ST7735.obj</file>
         <name>Crystalfontz128x128_ST7735.obj</name>
      </input_file>
      <input_file id="fl-3">
         <path>.\</path>
         <kind>object</kind>
         <file>HAL_I2C.obj</file>
         <name>HAL_I2C.obj</name>
      </input_file>
      <input_file id="fl-4">
         <path>.\</path>
         <kind>object</kind>
         <file>HAL_MSP_EXP432P401R_Crystalfontz128x128_ST7735.obj</file>
         <name>HAL_MSP_EXP432P401R_Crystalfontz128x128_ST7735.obj</name>
      </input_file>
      <input_file id="fl-5">
         <path>.\</path>
         <kind>object</kind>
         <file>HAL_TMP006.obj</file>
         <name>HAL_TMP006.obj</name>
      </input_file>
      <input_file id="fl-6">
         <path>.\</path>
         <kind>object</kind>
         <file>boo.obj</file>
         <name>boo.obj</name>
      </input_file>
      <input_file id="fl-7">
         <path>.\</path>
         <kind>object</kind>
         <file>go.obj</file>
         <name>go.obj</name>
      </input_file>
      <input_file id="fl-8">
         <path>.\</path>
         <kind>object</kind>
         <file>goomba.obj</file>
         <name>goomba.obj</name>
      </input_file>
      <input_file id="fl-9">
         <path>.\</path>
         <kind>object</kind>
         <file>main.obj</file>
         <name>main.obj</name>
      </input_file>
      <input_file id="fl-a">
         <path>.\</path>
         <kind>object</kind>
         <file>mario.obj</file>
         <name>mario.obj</name>
      </input_file>
      <input_file id="fl-b">
         <path>.\</path>
         <kind>object</kind>
         <file>marioMini.obj</file>
         <name>marioMini.obj</name>
      </input_file>
      <input_file id="fl-c">
         <path>.\</path>
         <kind>object</kind>
         <file>one.obj</file>
         <name>one.obj</name>
      </input_file>
      <input_file id="fl-d">
         <path>.\</path>
         <kind>object</kind>
         <file>sonic.obj</file>
         <name>sonic.obj</name>
      </input_file>
      <input_file id="fl-e">
         <path>.\</path>
         <kind>object</kind>
         <file>sonicMini.obj</file>
         <name>sonicMini.obj</name>
      </input_file>
      <input_file id="fl-f">
         <path>.\</path>
         <kind>object</kind>
         <file>startup_msp432p401r_ccs.obj</file>
         <name>startup_msp432p401r_ccs.obj</name>
      </input_file>
      <input_file id="fl-10">
         <path>.\</path>
         <kind>object</kind>
         <file>system_msp432p401r.obj</file>
         <name>system_msp432p401r.obj</name>
      </input_file>
      <input_file id="fl-11">
         <path>.\</path>
         <kind>object</kind>
         <file>three.obj</file>
         <name>three.obj</name>
      </input_file>
      <input_file id="fl-12">
         <path>.\</path>
         <kind>object</kind>
         <file>toad.obj</file>
         <name>toad.obj</name>
      </input_file>
      <input_file id="fl-13">
         <path>.\</path>
         <kind>object</kind>
         <file>toadMini.obj</file>
         <name>toadMini.obj</name>
      </input_file>
      <input_file id="fl-14">
         <path>.\</path>
         <kind>object</kind>
         <file>two.obj</file>
         <name>two.obj</name>
      </input_file>
      <input_file id="fl-15">
         <path>.\</path>
         <kind>object</kind>
         <file>yoshi.obj</file>
         <name>yoshi.obj</name>
      </input_file>
      <input_file id="fl-16">
         <path>.\</path>
         <kind>object</kind>
         <file>yoshiMini.obj</file>
         <name>yoshiMini.obj</name>
      </input_file>
      <input_file id="fl-1c">
         <kind>object</kind>
         <file>&lt;internal&gt;</file>
         <name>&lt;internal&gt;</name>
      </input_file>
      <input_file id="fl-d2">
         <path>D:\Programmi\ti\ccs1210\ccs\tools\compiler\ti-cgt-arm_20.2.7.LTS\lib\</path>
         <kind>archive</kind>
         <file>rtsv7M4_T_le_v4SPD16_eabi.lib</file>
         <name>e_pow.c.obj</name>
      </input_file>
      <input_file id="fl-d3">
         <path>D:\Programmi\ti\ccs1210\ccs\tools\compiler\ti-cgt-arm_20.2.7.LTS\lib\</path>
         <kind>archive</kind>
         <file>rtsv7M4_T_le_v4SPD16_eabi.lib</file>
         <name>e_sqrt.c.obj</name>
      </input_file>
      <input_file id="fl-d4">
         <path>D:\Programmi\ti\ccs1210\ccs\tools\compiler\ti-cgt-arm_20.2.7.LTS\lib\</path>
         <kind>archive</kind>
         <file>rtsv7M4_T_le_v4SPD16_eabi.lib</file>
         <name>s_scalbn.c.obj</name>
      </input_file>
      <input_file id="fl-d5">
         <path>D:\Programmi\ti\ccs1210\ccs\tools\compiler\ti-cgt-arm_20.2.7.LTS\lib\</path>
         <kind>archive</kind>
         <file>rtsv7M4_T_le_v4SPD16_eabi.lib</file>
         <name>sprintf.c.obj</name>
      </input_file>
      <input_file id="fl-d6">
         <path>D:\Programmi\ti\ccs1210\ccs\tools\compiler\ti-cgt-arm_20.2.7.LTS\lib\</path>
         <kind>archive</kind>
         <file>rtsv7M4_T_le_v4SPD16_eabi.lib</file>
         <name>fd_add_t2.asm.obj</name>
      </input_file>
      <input_file id="fl-d7">
         <path>D:\Programmi\ti\ccs1210\ccs\tools\compiler\ti-cgt-arm_20.2.7.LTS\lib\</path>
         <kind>archive</kind>
         <file>rtsv7M4_T_le_v4SPD16_eabi.lib</file>
         <name>fd_cmp_t2.asm.obj</name>
      </input_file>
      <input_file id="fl-d8">
         <path>D:\Programmi\ti\ccs1210\ccs\tools\compiler\ti-cgt-arm_20.2.7.LTS\lib\</path>
         <kind>archive</kind>
         <file>rtsv7M4_T_le_v4SPD16_eabi.lib</file>
         <name>fd_div_t2.asm.obj</name>
      </input_file>
      <input_file id="fl-d9">
         <path>D:\Programmi\ti\ccs1210\ccs\tools\compiler\ti-cgt-arm_20.2.7.LTS\lib\</path>
         <kind>archive</kind>
         <file>rtsv7M4_T_le_v4SPD16_eabi.lib</file>
         <name>fd_mul_t2.asm.obj</name>
      </input_file>
      <input_file id="fl-da">
         <path>D:\Programmi\ti\ccs1210\ccs\tools\compiler\ti-cgt-arm_20.2.7.LTS\lib\</path>
         <kind>archive</kind>
         <file>rtsv7M4_T_le_v4SPD16_eabi.lib</file>
         <name>i_tofd_t2.asm.obj</name>
      </input_file>
      <input_file id="fl-db">
         <path>D:\Programmi\ti\ccs1210\ccs\tools\compiler\ti-cgt-arm_20.2.7.LTS\lib\</path>
         <kind>archive</kind>
         <file>rtsv7M4_T_le_v4SPD16_eabi.lib</file>
         <name>memcpy_t2.asm.obj</name>
      </input_file>
      <input_file id="fl-dc">
         <path>D:\Programmi\ti\ccs1210\ccs\tools\compiler\ti-cgt-arm_20.2.7.LTS\lib\</path>
         <kind>archive</kind>
         <file>rtsv7M4_T_le_v4SPD16_eabi.lib</file>
         <name>copy_zero_init.c.obj</name>
      </input_file>
      <input_file id="fl-dd">
         <path>D:\Programmi\ti\ccs1210\ccs\tools\compiler\ti-cgt-arm_20.2.7.LTS\lib\</path>
         <kind>archive</kind>
         <file>rtsv7M4_T_le_v4SPD16_eabi.lib</file>
         <name>copy_decompress_none.c.obj</name>
      </input_file>
      <input_file id="fl-de">
         <path>D:\Programmi\ti\ccs1210\ccs\tools\compiler\ti-cgt-arm_20.2.7.LTS\lib\</path>
         <kind>archive</kind>
         <file>rtsv7M4_T_le_v4SPD16_eabi.lib</file>
         <name>copy_decompress_lzss.c.obj</name>
      </input_file>
      <input_file id="fl-df">
         <path>D:\Programmi\ti\ccs1210\ccs\tools\compiler\ti-cgt-arm_20.2.7.LTS\lib\</path>
         <kind>archive</kind>
         <file>rtsv7M4_T_le_v4SPD16_eabi.lib</file>
         <name>rand.c.obj</name>
      </input_file>
      <input_file id="fl-e0">
         <path>D:\Programmi\ti\ccs1210\ccs\tools\compiler\ti-cgt-arm_20.2.7.LTS\lib\</path>
         <kind>archive</kind>
         <file>rtsv7M4_T_le_v4SPD16_eabi.lib</file>
         <name>boot_cortex_m.c.obj</name>
      </input_file>
      <input_file id="fl-e1">
         <path>D:\Programmi\ti\ccs1210\ccs\tools\compiler\ti-cgt-arm_20.2.7.LTS\lib\</path>
         <kind>archive</kind>
         <file>rtsv7M4_T_le_v4SPD16_eabi.lib</file>
         <name>errno.c.obj</name>
      </input_file>
      <input_file id="fl-e2">
         <path>D:\Programmi\ti\ccs1210\ccs\tools\compiler\ti-cgt-arm_20.2.7.LTS\lib\</path>
         <kind>archive</kind>
         <file>rtsv7M4_T_le_v4SPD16_eabi.lib</file>
         <name>s_copysign.c.obj</name>
      </input_file>
      <input_file id="fl-e3">
         <path>D:\Programmi\ti\ccs1210\ccs\tools\compiler\ti-cgt-arm_20.2.7.LTS\lib\</path>
         <kind>archive</kind>
         <file>rtsv7M4_T_le_v4SPD16_eabi.lib</file>
         <name>_printfi.c.obj</name>
      </input_file>
      <input_file id="fl-e4">
         <path>D:\Programmi\ti\ccs1210\ccs\tools\compiler\ti-cgt-arm_20.2.7.LTS\lib\</path>
         <kind>archive</kind>
         <file>rtsv7M4_T_le_v4SPD16_eabi.lib</file>
         <name>fd_toi_t2.asm.obj</name>
      </input_file>
      <input_file id="fl-e5">
         <path>D:\Programmi\ti\ccs1210\ccs\tools\compiler\ti-cgt-arm_20.2.7.LTS\lib\</path>
         <kind>archive</kind>
         <file>rtsv7M4_T_le_v4SPD16_eabi.lib</file>
         <name>memset_t2.asm.obj</name>
      </input_file>
      <input_file id="fl-e6">
         <path>D:\Programmi\ti\ccs1210\ccs\tools\compiler\ti-cgt-arm_20.2.7.LTS\lib\</path>
         <kind>archive</kind>
         <file>rtsv7M4_T_le_v4SPD16_eabi.lib</file>
         <name>ull_div_t2.asm.obj</name>
      </input_file>
      <input_file id="fl-e7">
         <path>D:\Programmi\ti\ccs1210\ccs\tools\compiler\ti-cgt-arm_20.2.7.LTS\lib\</path>
         <kind>archive</kind>
         <file>rtsv7M4_T_le_v4SPD16_eabi.lib</file>
         <name>autoinit.c.obj</name>
      </input_file>
      <input_file id="fl-e8">
         <path>D:\Programmi\ti\ccs1210\ccs\tools\compiler\ti-cgt-arm_20.2.7.LTS\lib\</path>
         <kind>archive</kind>
         <file>rtsv7M4_T_le_v4SPD16_eabi.lib</file>
         <name>pre_init.c.obj</name>
      </input_file>
      <input_file id="fl-e9">
         <path>D:\Programmi\ti\ccs1210\ccs\tools\compiler\ti-cgt-arm_20.2.7.LTS\lib\</path>
         <kind>archive</kind>
         <file>rtsv7M4_T_le_v4SPD16_eabi.lib</file>
         <name>cpy_tbl.c.obj</name>
      </input_file>
      <input_file id="fl-ea">
         <path>D:\Programmi\ti\ccs1210\ccs\tools\compiler\ti-cgt-arm_20.2.7.LTS\lib\</path>
         <kind>archive</kind>
         <file>rtsv7M4_T_le_v4SPD16_eabi.lib</file>
         <name>exit.c.obj</name>
      </input_file>
      <input_file id="fl-eb">
         <path>D:\Programmi\ti\ccs1210\ccs\tools\compiler\ti-cgt-arm_20.2.7.LTS\lib\</path>
         <kind>archive</kind>
         <file>rtsv7M4_T_le_v4SPD16_eabi.lib</file>
         <name>_lock.c.obj</name>
      </input_file>
      <input_file id="fl-ec">
         <path>D:\Programmi\ti\ccs1210\ccs\tools\compiler\ti-cgt-arm_20.2.7.LTS\lib\</path>
         <kind>archive</kind>
         <file>rtsv7M4_T_le_v4SPD16_eabi.lib</file>
         <name>_ltoa.c.obj</name>
      </input_file>
      <input_file id="fl-ed">
         <path>D:\Programmi\ti\ccs1210\ccs\tools\compiler\ti-cgt-arm_20.2.7.LTS\lib\</path>
         <kind>archive</kind>
         <file>rtsv7M4_T_le_v4SPD16_eabi.lib</file>
         <name>args_main.c.obj</name>
      </input_file>
      <input_file id="fl-ee">
         <path>D:\Programmi\ti\ccs1210\ccs\tools\compiler\ti-cgt-arm_20.2.7.LTS\lib\</path>
         <kind>archive</kind>
         <file>rtsv7M4_T_le_v4SPD16_eabi.lib</file>
         <name>atoi.c.obj</name>
      </input_file>
      <input_file id="fl-ef">
         <path>D:\Programmi\ti\ccs1210\ccs\tools\compiler\ti-cgt-arm_20.2.7.LTS\lib\</path>
         <kind>archive</kind>
         <file>rtsv7M4_T_le_v4SPD16_eabi.lib</file>
         <name>ctype.c.obj</name>
      </input_file>
      <input_file id="fl-f0">
         <path>D:\Programmi\ti\ccs1210\ccs\tools\compiler\ti-cgt-arm_20.2.7.LTS\lib\</path>
         <kind>archive</kind>
         <file>rtsv7M4_T_le_v4SPD16_eabi.lib</file>
         <name>memccpy.c.obj</name>
      </input_file>
      <input_file id="fl-f1">
         <path>D:\Programmi\ti\ccs1210\ccs\tools\compiler\ti-cgt-arm_20.2.7.LTS\lib\</path>
         <kind>archive</kind>
         <file>rtsv7M4_T_le_v4SPD16_eabi.lib</file>
         <name>strchr.c.obj</name>
      </input_file>
      <input_file id="fl-f2">
         <path>D:\Programmi\ti\ccs1210\ccs\tools\compiler\ti-cgt-arm_20.2.7.LTS\lib\</path>
         <kind>archive</kind>
         <file>rtsv7M4_T_le_v4SPD16_eabi.lib</file>
         <name>strlen.c.obj</name>
      </input_file>
      <input_file id="fl-f3">
         <path>D:\Programmi\ti\ccs1210\ccs\tools\compiler\ti-cgt-arm_20.2.7.LTS\lib\</path>
         <kind>archive</kind>
         <file>rtsv7M4_T_le_v4SPD16_eabi.lib</file>
         <name>wcslen.c.obj</name>
      </input_file>
      <input_file id="fl-f4">
         <path>D:\Programmi\ti\ccs1210\ccs\tools\compiler\ti-cgt-arm_20.2.7.LTS\lib\</path>
         <kind>archive</kind>
         <file>rtsv7M4_T_le_v4SPD16_eabi.lib</file>
         <name>s_frexp.c.obj</name>
      </input_file>
      <input_file id="fl-f5">
         <path>D:\Programmi\ti\ccs1210\ccs\tools\compiler\ti-cgt-arm_20.2.7.LTS\lib\</path>
         <kind>archive</kind>
         <file>rtsv7M4_T_le_v4SPD16_eabi.lib</file>
         <name>div0.asm.obj</name>
      </input_file>
      <input_file id="fl-f6">
         <path>D:\Programmi\simplelink_msp432p4_sdk_3_40_01_02\source\ti\devices\msp432p4xx\driverlib\ccs\</path>
         <kind>archive</kind>
         <file>msp432p4xx_driverlib.lib</file>
         <name>adc14.o</name>
      </input_file>
      <input_file id="fl-f7">
         <path>D:\Programmi\simplelink_msp432p4_sdk_3_40_01_02\source\ti\devices\msp432p4xx\driverlib\ccs\</path>
         <kind>archive</kind>
         <file>msp432p4xx_driverlib.lib</file>
         <name>cs.o</name>
      </input_file>
      <input_file id="fl-f8">
         <path>D:\Programmi\simplelink_msp432p4_sdk_3_40_01_02\source\ti\devices\msp432p4xx\driverlib\ccs\</path>
         <kind>archive</kind>
         <file>msp432p4xx_driverlib.lib</file>
         <name>flash.o</name>
      </input_file>
      <input_file id="fl-f9">
         <path>D:\Programmi\simplelink_msp432p4_sdk_3_40_01_02\source\ti\devices\msp432p4xx\driverlib\ccs\</path>
         <kind>archive</kind>
         <file>msp432p4xx_driverlib.lib</file>
         <name>gpio.o</name>
      </input_file>
      <input_file id="fl-fa">
         <path>D:\Programmi\simplelink_msp432p4_sdk_3_40_01_02\source\ti\devices\msp432p4xx\driverlib\ccs\</path>
         <kind>archive</kind>
         <file>msp432p4xx_driverlib.lib</file>
         <name>i2c.o</name>
      </input_file>
      <input_file id="fl-fb">
         <path>D:\Programmi\simplelink_msp432p4_sdk_3_40_01_02\source\ti\devices\msp432p4xx\driverlib\ccs\</path>
         <kind>archive</kind>
         <file>msp432p4xx_driverlib.lib</file>
         <name>interrupt.o</name>
      </input_file>
      <input_file id="fl-fc">
         <path>D:\Programmi\simplelink_msp432p4_sdk_3_40_01_02\source\ti\devices\msp432p4xx\driverlib\ccs\</path>
         <kind>archive</kind>
         <file>msp432p4xx_driverlib.lib</file>
         <name>pcm.o</name>
      </input_file>
      <input_file id="fl-fd">
         <path>D:\Programmi\simplelink_msp432p4_sdk_3_40_01_02\source\ti\devices\msp432p4xx\driverlib\ccs\</path>
         <kind>archive</kind>
         <file>msp432p4xx_driverlib.lib</file>
         <name>rtc_c.o</name>
      </input_file>
      <input_file id="fl-fe">
         <path>D:\Programmi\simplelink_msp432p4_sdk_3_40_01_02\source\ti\devices\msp432p4xx\driverlib\ccs\</path>
         <kind>archive</kind>
         <file>msp432p4xx_driverlib.lib</file>
         <name>spi.o</name>
      </input_file>
      <input_file id="fl-ff">
         <path>D:\Programmi\simplelink_msp432p4_sdk_3_40_01_02\source\ti\devices\msp432p4xx\driverlib\ccs\</path>
         <kind>archive</kind>
         <file>msp432p4xx_driverlib.lib</file>
         <name>sysctl.o</name>
      </input_file>
      <input_file id="fl-100">
         <path>D:\Programmi\simplelink_msp432p4_sdk_3_40_01_02\source\ti\devices\msp432p4xx\driverlib\ccs\</path>
         <kind>archive</kind>
         <file>msp432p4xx_driverlib.lib</file>
         <name>sysctl_a.o</name>
      </input_file>
      <input_file id="fl-101">
         <path>D:\Programmi\simplelink_msp432p4_sdk_3_40_01_02\source\ti\devices\msp432p4xx\driverlib\ccs\</path>
         <kind>archive</kind>
         <file>msp432p4xx_driverlib.lib</file>
         <name>timer_a.o</name>
      </input_file>
      <input_file id="fl-102">
         <path>D:\Programmi\simplelink_msp432p4_sdk_3_40_01_02\source\ti\devices\msp432p4xx\driverlib\ccs\</path>
         <kind>archive</kind>
         <file>msp432p4xx_driverlib.lib</file>
         <name>wdt_a.o</name>
      </input_file>
      <input_file id="fl-103">
         <path>D:\Programmi\simplelink_msp432p4_sdk_3_40_01_02\source\ti\devices\msp432p4xx\driverlib\ccs\</path>
         <kind>archive</kind>
         <file>msp432p4xx_driverlib.lib</file>
         <name>cpu.o</name>
      </input_file>
      <input_file id="fl-104">
         <path>D:\Programmi\simplelink_msp432p4_sdk_3_40_01_02\source\ti\grlib\lib\ccs\m4f\</path>
         <kind>archive</kind>
         <file>grlib.a</file>
         <name>context.obj</name>
      </input_file>
      <input_file id="fl-105">
         <path>D:\Programmi\simplelink_msp432p4_sdk_3_40_01_02\source\ti\grlib\lib\ccs\m4f\</path>
         <kind>archive</kind>
         <file>grlib.a</file>
         <name>display.obj</name>
      </input_file>
      <input_file id="fl-106">
         <path>D:\Programmi\simplelink_msp432p4_sdk_3_40_01_02\source\ti\grlib\lib\ccs\m4f\</path>
         <kind>archive</kind>
         <file>grlib.a</file>
         <name>fontcmss12.obj</name>
      </input_file>
      <input_file id="fl-107">
         <path>D:\Programmi\simplelink_msp432p4_sdk_3_40_01_02\source\ti\grlib\lib\ccs\m4f\</path>
         <kind>archive</kind>
         <file>grlib.a</file>
         <name>fontcmss16b.obj</name>
      </input_file>
      <input_file id="fl-108">
         <path>D:\Programmi\simplelink_msp432p4_sdk_3_40_01_02\source\ti\grlib\lib\ccs\m4f\</path>
         <kind>archive</kind>
         <file>grlib.a</file>
         <name>image.obj</name>
      </input_file>
      <input_file id="fl-109">
         <path>D:\Programmi\simplelink_msp432p4_sdk_3_40_01_02\source\ti\grlib\lib\ccs\m4f\</path>
         <kind>archive</kind>
         <file>grlib.a</file>
         <name>string.obj</name>
      </input_file>
      <input_file id="fl-10a">
         <path>D:\Programmi\simplelink_msp432p4_sdk_3_40_01_02\source\ti\grlib\lib\ccs\m4f\</path>
         <kind>archive</kind>
         <file>grlib.a</file>
         <name>line.obj</name>
      </input_file>
   </input_file_list>
   <object_component_list>
      <object_component id="oc-26">
         <name>.intvecs:retain</name>
         <load_address>0x0</load_address>
         <run_address>0x0</run_address>
         <size>0xe4</size>
         <input_file_ref idref="fl-f"/>
      </object_component>
      <object_component id="oc-6d">
         <name>.text</name>
         <load_address>0x7974</load_address>
         <run_address>0x7974</run_address>
         <size>0xdc8</size>
         <input_file_ref idref="fl-9"/>
      </object_component>
      <object_component id="oc-310">
         <name>.text:__TI_printfi</name>
         <load_address>0x873c</load_address>
         <run_address>0x873c</run_address>
         <size>0xa4e</size>
         <input_file_ref idref="fl-e3"/>
      </object_component>
      <object_component id="oc-51f">
         <name>.text:_nop</name>
         <load_address>0x918a</load_address>
         <run_address>0x918a</run_address>
         <size>0x2</size>
         <input_file_ref idref="fl-eb"/>
      </object_component>
      <object_component id="oc-12d">
         <name>.text</name>
         <load_address>0x918c</load_address>
         <run_address>0x918c</run_address>
         <size>0x680</size>
         <input_file_ref idref="fl-2"/>
      </object_component>
      <object_component id="oc-308">
         <name>.text:Graphics_drawString</name>
         <load_address>0x980c</load_address>
         <run_address>0x980c</run_address>
         <size>0x47e</size>
         <input_file_ref idref="fl-109"/>
      </object_component>
      <object_component id="oc-d6">
         <name>.text:Graphics_drawImage</name>
         <load_address>0x9c8a</load_address>
         <run_address>0x9c8a</run_address>
         <size>0x390</size>
         <input_file_ref idref="fl-108"/>
      </object_component>
      <object_component id="oc-622">
         <name>.text</name>
         <load_address>0xa01a</load_address>
         <run_address>0xa01a</run_address>
         <size>0x2</size>
         <input_file_ref idref="fl-f5"/>
      </object_component>
      <object_component id="oc-a5">
         <name>.text</name>
         <load_address>0xa01c</load_address>
         <run_address>0xa01c</run_address>
         <size>0x334</size>
         <input_file_ref idref="fl-10"/>
      </object_component>
      <object_component id="oc-497">
         <name>.text:_pconv_a</name>
         <load_address>0xa350</load_address>
         <run_address>0xa350</run_address>
         <size>0x270</size>
         <input_file_ref idref="fl-e3"/>
      </object_component>
      <object_component id="oc-485">
         <name>.text:_pconv_g</name>
         <load_address>0xa5c0</load_address>
         <run_address>0xa5c0</run_address>
         <size>0x1d0</size>
         <input_file_ref idref="fl-e3"/>
      </object_component>
      <object_component id="oc-593">
         <name>.text</name>
         <load_address>0xa790</load_address>
         <run_address>0xa790</run_address>
         <size>0x1b6</size>
         <input_file_ref idref="fl-d6"/>
      </object_component>
      <object_component id="oc-389">
         <name>.text:_getIndexForMemRegister</name>
         <load_address>0xa948</load_address>
         <run_address>0xa948</run_address>
         <size>0x160</size>
         <input_file_ref idref="fl-f6"/>
      </object_component>
      <object_component id="oc-602">
         <name>.text:__PCM_setPowerModeAdvanced</name>
         <load_address>0xaaa8</load_address>
         <run_address>0xaaa8</run_address>
         <size>0x15c</size>
         <input_file_ref idref="fl-fc"/>
      </object_component>
      <object_component id="oc-268">
         <name>.text:privateTimer_AProcessClockSourceDivider</name>
         <load_address>0xac04</load_address>
         <run_address>0xac04</run_address>
         <size>0x144</size>
         <input_file_ref idref="fl-101"/>
      </object_component>
      <object_component id="oc-491">
         <name>.text:_pconv_e</name>
         <load_address>0xad48</load_address>
         <run_address>0xad48</run_address>
         <size>0x13c</size>
         <input_file_ref idref="fl-e3"/>
      </object_component>
      <object_component id="oc-579">
         <name>.text</name>
         <load_address>0xae84</load_address>
         <run_address>0xae84</run_address>
         <size>0x136</size>
         <input_file_ref idref="fl-d8"/>
      </object_component>
      <object_component id="oc-5a5">
         <name>.text:fcvt</name>
         <load_address>0xafbc</load_address>
         <run_address>0xafbc</run_address>
         <size>0x124</size>
         <input_file_ref idref="fl-e3"/>
      </object_component>
      <object_component id="oc-5b9">
         <name>.text:scalbn</name>
         <load_address>0xb0e0</load_address>
         <run_address>0xb0e0</run_address>
         <size>0x110</size>
         <input_file_ref idref="fl-d4"/>
      </object_component>
      <object_component id="oc-399">
         <name>.text:__PCM_setCoreVoltageLevelAdvanced</name>
         <load_address>0xb1f0</load_address>
         <run_address>0xb1f0</run_address>
         <size>0x108</size>
         <input_file_ref idref="fl-fc"/>
      </object_component>
      <object_component id="oc-574">
         <name>.text</name>
         <load_address>0xb2f8</load_address>
         <run_address>0xb2f8</run_address>
         <size>0xfc</size>
         <input_file_ref idref="fl-d9"/>
      </object_component>
      <object_component id="oc-302">
         <name>.text:Graphics_getStringWidth</name>
         <load_address>0xb3f4</load_address>
         <run_address>0xb3f4</run_address>
         <size>0xfa</size>
         <input_file_ref idref="fl-109"/>
      </object_component>
      <object_component id="oc-344">
         <name>.text</name>
         <load_address>0xb4f0</load_address>
         <run_address>0xb4f0</run_address>
         <size>0xcc</size>
         <input_file_ref idref="fl-4"/>
      </object_component>
      <object_component id="oc-182">
         <name>.text:ADC14_configureConversionMemory</name>
         <load_address>0xb5bc</load_address>
         <run_address>0xb5bc</run_address>
         <size>0xb4</size>
         <input_file_ref idref="fl-f6"/>
      </object_component>
      <object_component id="oc-17c">
         <name>.text:ADC14_configureMultiSequenceMode</name>
         <load_address>0xb670</load_address>
         <run_address>0xb670</run_address>
         <size>0xb4</size>
         <input_file_ref idref="fl-f6"/>
      </object_component>
      <object_component id="oc-47a">
         <name>.text:_ltostr</name>
         <load_address>0xb724</load_address>
         <run_address>0xb724</run_address>
         <size>0xb1</size>
         <input_file_ref idref="fl-e3"/>
      </object_component>
      <object_component id="oc-4d1">
         <name>.text:SPI_initMaster</name>
         <load_address>0xb7d6</load_address>
         <run_address>0xb7d6</run_address>
         <size>0xb0</size>
         <input_file_ref idref="fl-fe"/>
      </object_component>
      <object_component id="oc-465">
         <name>.text:Graphics_drawLineH</name>
         <load_address>0xb886</load_address>
         <run_address>0xb886</run_address>
         <size>0x9c</size>
         <input_file_ref idref="fl-10a"/>
      </object_component>
      <object_component id="oc-37">
         <name>.text</name>
         <load_address>0xb922</load_address>
         <run_address>0xb922</run_address>
         <size>0x9c</size>
         <input_file_ref idref="fl-db"/>
      </object_component>
      <object_component id="oc-56d">
         <name>.text</name>
         <load_address>0xb9be</load_address>
         <run_address>0xb9be</run_address>
         <size>0x96</size>
         <input_file_ref idref="fl-e6"/>
      </object_component>
      <object_component id="oc-16a">
         <name>.text:GPIO_setAsPeripheralModuleFunctionInputPin</name>
         <load_address>0xba54</load_address>
         <run_address>0xba54</run_address>
         <size>0x88</size>
         <input_file_ref idref="fl-f9"/>
      </object_component>
      <object_component id="oc-ac">
         <name>.text:GPIO_setAsPeripheralModuleFunctionOutputPin</name>
         <load_address>0xbadc</load_address>
         <run_address>0xbadc</run_address>
         <size>0x88</size>
         <input_file_ref idref="fl-f9"/>
      </object_component>
      <object_component id="oc-480">
         <name>.text:__aeabi_cdcmple</name>
         <load_address>0xbb64</load_address>
         <run_address>0xbb64</run_address>
         <size>0x86</size>
         <input_file_ref idref="fl-d7"/>
      </object_component>
      <object_component id="oc-57e">
         <name>.text:__aeabi_cdrcmple</name>
         <load_address>0xbbea</load_address>
         <run_address>0xbbea</run_address>
         <size>0x86</size>
         <input_file_ref idref="fl-d7"/>
      </object_component>
      <object_component id="oc-154">
         <name>.text:Interrupt_enableInterrupt</name>
         <load_address>0xbc70</load_address>
         <run_address>0xbc70</run_address>
         <size>0x80</size>
         <input_file_ref idref="fl-fb"/>
      </object_component>
      <object_component id="oc-8d">
         <name>.text</name>
         <load_address>0xbcf0</load_address>
         <run_address>0xbcf0</run_address>
         <size>0x7a</size>
         <input_file_ref idref="fl-e5"/>
      </object_component>
      <object_component id="oc-59e">
         <name>.text:_mcpy</name>
         <load_address>0xbd6a</load_address>
         <run_address>0xbd6a</run_address>
         <size>0x6e</size>
         <input_file_ref idref="fl-e3"/>
      </object_component>
      <object_component id="oc-275">
         <name>.text:Graphics_convertPalette</name>
         <load_address>0xbdd8</load_address>
         <run_address>0xbdd8</run_address>
         <size>0x6c</size>
         <input_file_ref idref="fl-108"/>
      </object_component>
      <object_component id="oc-b2">
         <name>.text:Timer_A_configureUpMode</name>
         <load_address>0xbe44</load_address>
         <run_address>0xbe44</run_address>
         <size>0x68</size>
         <input_file_ref idref="fl-101"/>
      </object_component>
      <object_component id="oc-17">
         <name>.text:decompress:lzss:__TI_decompress_lzss</name>
         <load_address>0xbeac</load_address>
         <run_address>0xbeac</run_address>
         <size>0x68</size>
         <input_file_ref idref="fl-de"/>
      </object_component>
      <object_component id="oc-5b3">
         <name>.text:frexp</name>
         <load_address>0xbf14</load_address>
         <run_address>0xbf14</run_address>
         <size>0x64</size>
         <input_file_ref idref="fl-f4"/>
      </object_component>
      <object_component id="oc-50c">
         <name>.text:PCM_getCoreVoltageLevel</name>
         <load_address>0xbf78</load_address>
         <run_address>0xbf78</run_address>
         <size>0x5e</size>
         <input_file_ref idref="fl-fc"/>
      </object_component>
      <object_component id="oc-506">
         <name>.text:PCM_getPowerMode</name>
         <load_address>0xbfd6</load_address>
         <run_address>0xbfd6</run_address>
         <size>0x5a</size>
         <input_file_ref idref="fl-fc"/>
      </object_component>
      <object_component id="oc-48b">
         <name>.text:_pconv_f</name>
         <load_address>0xc030</load_address>
         <run_address>0xc030</run_address>
         <size>0x56</size>
         <input_file_ref idref="fl-e3"/>
      </object_component>
      <object_component id="oc-176">
         <name>.text:ADC14_initModule</name>
         <load_address>0xc088</load_address>
         <run_address>0xc088</run_address>
         <size>0x54</size>
         <input_file_ref idref="fl-f6"/>
      </object_component>
      <object_component id="oc-588">
         <name>.text:__TI_ltoa</name>
         <load_address>0xc0dc</load_address>
         <run_address>0xc0dc</run_address>
         <size>0x54</size>
         <input_file_ref idref="fl-ec"/>
      </object_component>
      <object_component id="oc-133">
         <name>.text:Graphics_initContext</name>
         <load_address>0xc130</load_address>
         <run_address>0xc130</run_address>
         <size>0x52</size>
         <input_file_ref idref="fl-104"/>
      </object_component>
      <object_component id="oc-598">
         <name>.text:_ecpy</name>
         <load_address>0xc182</load_address>
         <run_address>0xc182</run_address>
         <size>0x52</size>
         <input_file_ref idref="fl-e3"/>
      </object_component>
      <object_component id="oc-be">
         <name>.text:Timer_A_initCompare</name>
         <load_address>0xc1d4</load_address>
         <run_address>0xc1d4</run_address>
         <size>0x4e</size>
         <input_file_ref idref="fl-101"/>
      </object_component>
      <object_component id="oc-474">
         <name>.text:atoi</name>
         <load_address>0xc224</load_address>
         <run_address>0xc224</run_address>
         <size>0x4c</size>
         <input_file_ref idref="fl-ee"/>
      </object_component>
      <object_component id="oc-1a6">
         <name>.text:FlashCtl_setWaitState</name>
         <load_address>0xc270</load_address>
         <run_address>0xc270</run_address>
         <size>0x48</size>
         <input_file_ref idref="fl-f8"/>
      </object_component>
      <object_component id="oc-117">
         <name>.text:Graphics_drawStringCentered</name>
         <load_address>0xc2b8</load_address>
         <run_address>0xc2b8</run_address>
         <size>0x48</size>
         <input_file_ref idref="fl-109"/>
      </object_component>
      <object_component id="oc-583">
         <name>.text</name>
         <load_address>0xc300</load_address>
         <run_address>0xc300</run_address>
         <size>0x48</size>
         <input_file_ref idref="fl-e4"/>
      </object_component>
      <object_component id="oc-27b">
         <name>.text:Graphics_drawMultiplePixelsOnDisplay</name>
         <load_address>0xc348</load_address>
         <run_address>0xc348</run_address>
         <size>0x46</size>
         <input_file_ref idref="fl-105"/>
      </object_component>
      <object_component id="oc-224">
         <name>.text:__TI_auto_init_nobinit_nopinit:__TI_auto_init_nobinit_nopinit</name>
         <load_address>0xc390</load_address>
         <run_address>0xc390</run_address>
         <size>0x44</size>
         <input_file_ref idref="fl-e7"/>
      </object_component>
      <object_component id="oc-160">
         <name>.text:GPIO_setAsOutputPin</name>
         <load_address>0xc3d4</load_address>
         <run_address>0xc3d4</run_address>
         <size>0x40</size>
         <input_file_ref idref="fl-f9"/>
      </object_component>
      <object_component id="oc-45f">
         <name>.text:Graphics_getNumberOfLeadingZeros</name>
         <load_address>0xc414</load_address>
         <run_address>0xc414</run_address>
         <size>0x40</size>
         <input_file_ref idref="fl-109"/>
      </object_component>
      <object_component id="oc-5e5">
         <name>.text:is_A_Module</name>
         <load_address>0xc454</load_address>
         <run_address>0xc454</run_address>
         <size>0x40</size>
         <input_file_ref idref="fl-fe"/>
      </object_component>
      <object_component id="oc-11d">
         <name>.text:sprintf</name>
         <load_address>0xc494</load_address>
         <run_address>0xc494</run_address>
         <size>0x40</size>
         <input_file_ref idref="fl-d5"/>
      </object_component>
      <object_component id="oc-5ab">
         <name>.text:_fcpy</name>
         <load_address>0xc4d4</load_address>
         <run_address>0xc4d4</run_address>
         <size>0x3e</size>
         <input_file_ref idref="fl-e3"/>
      </object_component>
      <object_component id="oc-1dc">
         <name>.text:ADC14_getEnabledInterruptStatus</name>
         <load_address>0xc514</load_address>
         <run_address>0xc514</run_address>
         <size>0x38</size>
         <input_file_ref idref="fl-f6"/>
      </object_component>
      <object_component id="oc-55e">
         <name>.text:Graphics_drawHorizontalLineOnDisplay</name>
         <load_address>0xc54c</load_address>
         <run_address>0xc54c</run_address>
         <size>0x36</size>
         <input_file_ref idref="fl-105"/>
      </object_component>
      <object_component id="oc-18e">
         <name>.text:ADC14_enableSampleTimer</name>
         <load_address>0xc584</load_address>
         <run_address>0xc584</run_address>
         <size>0x34</size>
         <input_file_ref idref="fl-f6"/>
      </object_component>
      <object_component id="oc-1ac">
         <name>.text:CS_setDCOCenteredFrequency</name>
         <load_address>0xc5b8</load_address>
         <run_address>0xc5b8</run_address>
         <size>0x34</size>
         <input_file_ref idref="fl-f7"/>
      </object_component>
      <object_component id="oc-55">
         <name>.text:_c_int00_noargs:_c_int00_noargs</name>
         <load_address>0xc5ec</load_address>
         <run_address>0xc5ec</run_address>
         <size>0x34</size>
         <input_file_ref idref="fl-e0"/>
      </object_component>
      <object_component id="oc-1b2">
         <name>.text:rand</name>
         <load_address>0xc620</load_address>
         <run_address>0xc620</run_address>
         <size>0x34</size>
         <input_file_ref idref="fl-df"/>
      </object_component>
      <object_component id="oc-1e2">
         <name>.text:ADC14_clearInterruptFlag</name>
         <load_address>0xc654</load_address>
         <run_address>0xc654</run_address>
         <size>0x30</size>
         <input_file_ref idref="fl-f6"/>
      </object_component>
      <object_component id="oc-188">
         <name>.text:ADC14_enableInterrupt</name>
         <load_address>0xc684</load_address>
         <run_address>0xc684</run_address>
         <size>0x30</size>
         <input_file_ref idref="fl-f6"/>
      </object_component>
      <object_component id="oc-58e">
         <name>.text</name>
         <load_address>0xc6b4</load_address>
         <run_address>0xc6b4</run_address>
         <size>0x2e</size>
         <input_file_ref idref="fl-da"/>
      </object_component>
      <object_component id="oc-3cd">
         <name>.text:ADC14_getInterruptStatus</name>
         <load_address>0xc6e4</load_address>
         <run_address>0xc6e4</run_address>
         <size>0x2c</size>
         <input_file_ref idref="fl-f6"/>
      </object_component>
      <object_component id="oc-1d3">
         <name>.text:ADC14_toggleConversionTrigger</name>
         <load_address>0xc710</load_address>
         <run_address>0xc710</run_address>
         <size>0x2c</size>
         <input_file_ref idref="fl-f6"/>
      </object_component>
      <object_component id="oc-281">
         <name>.text:Graphics_drawPixelOnDisplay</name>
         <load_address>0xc73c</load_address>
         <run_address>0xc73c</run_address>
         <size>0x2c</size>
         <input_file_ref idref="fl-105"/>
      </object_component>
      <object_component id="oc-1cd">
         <name>.text:Timer_A_clearCaptureCompareInterrupt</name>
         <load_address>0xc768</load_address>
         <run_address>0xc768</run_address>
         <size>0x2c</size>
         <input_file_ref idref="fl-101"/>
      </object_component>
      <object_component id="oc-194">
         <name>.text:ADC14_enableConversion</name>
         <load_address>0xc794</load_address>
         <run_address>0xc794</run_address>
         <size>0x28</size>
         <input_file_ref idref="fl-f6"/>
      </object_component>
      <object_component id="oc-1e8">
         <name>.text:ADC14_getResult</name>
         <load_address>0xc7bc</load_address>
         <run_address>0xc7bc</run_address>
         <size>0x28</size>
         <input_file_ref idref="fl-f6"/>
      </object_component>
      <object_component id="oc-ca">
         <name>.text:GPIO_setOutputHighOnPin</name>
         <load_address>0xc7e4</load_address>
         <run_address>0xc7e4</run_address>
         <size>0x28</size>
         <input_file_ref idref="fl-f9"/>
      </object_component>
      <object_component id="oc-d0">
         <name>.text:GPIO_setOutputLowOnPin</name>
         <load_address>0xc80c</load_address>
         <run_address>0xc80c</run_address>
         <size>0x28</size>
         <input_file_ref idref="fl-f9"/>
      </object_component>
      <object_component id="oc-1b8">
         <name>.text:PCM_gotoLPM0</name>
         <load_address>0xc834</load_address>
         <run_address>0xc834</run_address>
         <size>0x28</size>
         <input_file_ref idref="fl-fc"/>
      </object_component>
      <object_component id="oc-19a">
         <name>.text:WDT_A_holdTimer</name>
         <load_address>0xc85c</load_address>
         <run_address>0xc85c</run_address>
         <size>0x24</size>
         <input_file_ref idref="fl-102"/>
      </object_component>
      <object_component id="oc-dc">
         <name>.text:Graphics_fillRectangleOnDisplay</name>
         <load_address>0xc880</load_address>
         <run_address>0xc880</run_address>
         <size>0x1e</size>
         <input_file_ref idref="fl-105"/>
      </object_component>
      <object_component id="oc-4d7">
         <name>.text:SPI_enableModule</name>
         <load_address>0xc89e</load_address>
         <run_address>0xc89e</run_address>
         <size>0x1c</size>
         <input_file_ref idref="fl-fe"/>
      </object_component>
      <object_component id="oc-49d">
         <name>.text:memccpy</name>
         <load_address>0xc8ba</load_address>
         <run_address>0xc8ba</run_address>
         <size>0x1c</size>
         <input_file_ref idref="fl-f0"/>
      </object_component>
      <object_component id="oc-294">
         <name>.text:Graphics_clearDisplayOnDisplay</name>
         <load_address>0xc8d6</load_address>
         <run_address>0xc8d6</run_address>
         <size>0x1a</size>
         <input_file_ref idref="fl-105"/>
      </object_component>
      <object_component id="oc-13f">
         <name>.text:Graphics_setBackgroundColor</name>
         <load_address>0xc8f0</load_address>
         <run_address>0xc8f0</run_address>
         <size>0x1a</size>
         <input_file_ref idref="fl-104"/>
      </object_component>
      <object_component id="oc-145">
         <name>.text:Graphics_setFont</name>
         <load_address>0xc90a</load_address>
         <run_address>0xc90a</run_address>
         <size>0x1a</size>
         <input_file_ref idref="fl-104"/>
      </object_component>
      <object_component id="oc-63b">
         <name>.text:copysign</name>
         <load_address>0xc924</load_address>
         <run_address>0xc924</run_address>
         <size>0x1a</size>
         <input_file_ref idref="fl-e2"/>
      </object_component>
      <object_component id="oc-316">
         <name>.text:_outs</name>
         <load_address>0xc93e</load_address>
         <run_address>0xc93e</run_address>
         <size>0x18</size>
         <input_file_ref idref="fl-d5"/>
      </object_component>
      <object_component id="oc-5ed">
         <name>.text:EUSCI_A_SPI_enable</name>
         <load_address>0xc956</load_address>
         <run_address>0xc956</run_address>
         <size>0x16</size>
         <input_file_ref idref="fl-fe"/>
      </object_component>
      <object_component id="oc-5f3">
         <name>.text:EUSCI_B_SPI_enable</name>
         <load_address>0xc96c</load_address>
         <run_address>0xc96c</run_address>
         <size>0x16</size>
         <input_file_ref idref="fl-fe"/>
      </object_component>
      <object_component id="oc-139">
         <name>.text:Graphics_setForegroundColor</name>
         <load_address>0xc982</load_address>
         <run_address>0xc982</run_address>
         <size>0x16</size>
         <input_file_ref idref="fl-104"/>
      </object_component>
      <object_component id="oc-358">
         <name>.text:Graphics_translateColorOnDisplay</name>
         <load_address>0xc998</load_address>
         <run_address>0xc998</run_address>
         <size>0x16</size>
         <input_file_ref idref="fl-105"/>
      </object_component>
      <object_component id="oc-b8">
         <name>.text:Timer_A_startCounter</name>
         <load_address>0xc9ae</load_address>
         <run_address>0xc9ae</run_address>
         <size>0x16</size>
         <input_file_ref idref="fl-101"/>
      </object_component>
      <object_component id="oc-5bf">
         <name>.text:strchr</name>
         <load_address>0xc9c4</load_address>
         <run_address>0xc9c4</run_address>
         <size>0x16</size>
         <input_file_ref idref="fl-f1"/>
      </object_component>
      <object_component id="oc-512">
         <name>.text:PCM_getPowerState</name>
         <load_address>0xc9dc</load_address>
         <run_address>0xc9dc</run_address>
         <size>0x14</size>
         <input_file_ref idref="fl-fc"/>
      </object_component>
      <object_component id="oc-c4">
         <name>.text:Timer_A_stopTimer</name>
         <load_address>0xc9f0</load_address>
         <run_address>0xc9f0</run_address>
         <size>0x14</size>
         <input_file_ref idref="fl-101"/>
      </object_component>
      <object_component id="oc-46e">
         <name>.text:strlen</name>
         <load_address>0xca04</load_address>
         <run_address>0xca04</run_address>
         <size>0x14</size>
         <input_file_ref idref="fl-f2"/>
      </object_component>
      <object_component id="oc-e8">
         <name>.text:Graphics_clearDisplay</name>
         <load_address>0xca18</load_address>
         <run_address>0xca18</run_address>
         <size>0x12</size>
         <input_file_ref idref="fl-104"/>
      </object_component>
      <object_component id="oc-4a3">
         <name>.text:wcslen</name>
         <load_address>0xca2a</load_address>
         <run_address>0xca2a</run_address>
         <size>0x12</size>
         <input_file_ref idref="fl-f3"/>
      </object_component>
      <object_component id="oc-382">
         <name>.text:ADCIsConversionRunning</name>
         <load_address>0xca3c</load_address>
         <run_address>0xca3c</run_address>
         <size>0x10</size>
         <input_file_ref idref="fl-f6"/>
      </object_component>
      <object_component id="oc-15a">
         <name>.text:Interrupt_enableMaster</name>
         <load_address>0xca4c</load_address>
         <run_address>0xca4c</run_address>
         <size>0x10</size>
         <input_file_ref idref="fl-fb"/>
      </object_component>
      <object_component id="oc-14e">
         <name>.text:Interrupt_enableSleepOnIsrExit</name>
         <load_address>0xca5c</load_address>
         <run_address>0xca5c</run_address>
         <size>0x10</size>
         <input_file_ref idref="fl-fb"/>
      </object_component>
      <object_component id="oc-1a0">
         <name>.text:PCM_setCoreVoltageLevel</name>
         <load_address>0xca6c</load_address>
         <run_address>0xca6c</run_address>
         <size>0x10</size>
         <input_file_ref idref="fl-fc"/>
      </object_component>
      <object_component id="oc-518">
         <name>.text:PCM_setPowerMode</name>
         <load_address>0xca7c</load_address>
         <run_address>0xca7c</run_address>
         <size>0x10</size>
         <input_file_ref idref="fl-fc"/>
      </object_component>
      <object_component id="oc-1d">
         <name>.text:decompress:none:__TI_decompress_none</name>
         <load_address>0xca8c</load_address>
         <run_address>0xca8c</run_address>
         <size>0xe</size>
         <input_file_ref idref="fl-dd"/>
      </object_component>
      <object_component id="oc-67">
         <name>.text</name>
         <load_address>0xca9a</load_address>
         <run_address>0xca9a</run_address>
         <size>0xe</size>
         <input_file_ref idref="fl-f"/>
      </object_component>
      <object_component id="oc-170">
         <name>.text:ADC14_enableModule</name>
         <load_address>0xcaa8</load_address>
         <run_address>0xcaa8</run_address>
         <size>0xc</size>
         <input_file_ref idref="fl-f6"/>
      </object_component>
      <object_component id="oc-36f">
         <name>.text:CPU_cpsie</name>
         <load_address>0xcab4</load_address>
         <run_address>0xcab4</run_address>
         <size>0xc</size>
         <input_file_ref idref="fl-103"/>
      </object_component>
      <object_component id="oc-49">
         <name>.text:decompress:ZI:__TI_zero_init</name>
         <load_address>0xcac0</load_address>
         <run_address>0xcac0</run_address>
         <size>0xc</size>
         <input_file_ref idref="fl-dc"/>
      </object_component>
      <object_component id="oc-31c">
         <name>.text:_outc</name>
         <load_address>0xcacc</load_address>
         <run_address>0xcacc</run_address>
         <size>0xa</size>
         <input_file_ref idref="fl-d5"/>
      </object_component>
      <object_component id="oc-4a9">
         <name>.text:__aeabi_errno_addr</name>
         <load_address>0xcad8</load_address>
         <run_address>0xcad8</run_address>
         <size>0x8</size>
         <input_file_ref idref="fl-e1"/>
      </object_component>
      <object_component id="oc-3a9">
         <name>.text:CPU_wfi</name>
         <load_address>0xcae0</load_address>
         <run_address>0xcae0</run_address>
         <size>0x4</size>
         <input_file_ref idref="fl-103"/>
      </object_component>
      <object_component id="oc-93">
         <name>.text:_system_pre_init</name>
         <load_address>0xcae4</load_address>
         <run_address>0xcae4</run_address>
         <size>0x4</size>
         <input_file_ref idref="fl-e8"/>
      </object_component>
      <object_component id="oc-218">
         <name>.text:abort:abort</name>
         <load_address>0xcae8</load_address>
         <run_address>0xcae8</run_address>
         <size>0x4</size>
         <input_file_ref idref="fl-ea"/>
      </object_component>
      <object_component id="oc-33e">
         <name>.const:.string:pixel_one</name>
         <load_address>0xe4</load_address>
         <run_address>0xe4</run_address>
         <size>0x1861</size>
         <input_file_ref idref="fl-c"/>
      </object_component>
      <object_component id="oc-32c">
         <name>.const:.string:pixel_three</name>
         <load_address>0x1945</load_address>
         <run_address>0x1945</run_address>
         <size>0x1388</size>
         <input_file_ref idref="fl-11"/>
      </object_component>
      <object_component id="oc-335">
         <name>.const:.string:pixel_two</name>
         <load_address>0x2ccd</load_address>
         <run_address>0x2ccd</run_address>
         <size>0xe72</size>
         <input_file_ref idref="fl-14"/>
      </object_component>
      <object_component id="oc-364">
         <name>.const:.string:pixel_go</name>
         <load_address>0x3b3f</load_address>
         <run_address>0x3b3f</run_address>
         <size>0x898</size>
         <input_file_ref idref="fl-7"/>
      </object_component>
      <object_component id="oc-3b2">
         <name>.const:.string:g_pucCmss16bData</name>
         <load_address>0x43d7</load_address>
         <run_address>0x43d7</run_address>
         <size>0x6ca</size>
         <input_file_ref idref="fl-107"/>
      </object_component>
      <object_component id="oc-3b8">
         <name>.const:.string:g_pucCmss12Data</name>
         <load_address>0x4aa1</load_address>
         <run_address>0x4aa1</run_address>
         <size>0x514</size>
         <input_file_ref idref="fl-106"/>
      </object_component>
      <object_component id="oc-37a">
         <name>.const:.string:pixel_GOOMBA</name>
         <load_address>0x4fb5</load_address>
         <run_address>0x4fb5</run_address>
         <size>0x40b</size>
         <input_file_ref idref="fl-8"/>
      </object_component>
      <object_component id="oc-2bd">
         <name>.const:.string:pixel_MARIO</name>
         <load_address>0x53c0</load_address>
         <run_address>0x53c0</run_address>
         <size>0x40b</size>
         <input_file_ref idref="fl-a"/>
      </object_component>
      <object_component id="oc-2e1">
         <name>.const:.string:pixel_SONIC</name>
         <load_address>0x57cb</load_address>
         <run_address>0x57cb</run_address>
         <size>0x40b</size>
         <input_file_ref idref="fl-d"/>
      </object_component>
      <object_component id="oc-2cf">
         <name>.const:.string:pixel_TOAD</name>
         <load_address>0x5bd6</load_address>
         <run_address>0x5bd6</run_address>
         <size>0x40b</size>
         <input_file_ref idref="fl-12"/>
      </object_component>
      <object_component id="oc-2f3">
         <name>.const:.string:pixel_yoshi_nero4BPP_UNCOMP</name>
         <load_address>0x5fe1</load_address>
         <run_address>0x5fe1</run_address>
         <size>0x40b</size>
         <input_file_ref idref="fl-15"/>
      </object_component>
      <object_component id="oc-33b">
         <name>.const:palette_one</name>
         <load_address>0x63ec</load_address>
         <run_address>0x63ec</run_address>
         <size>0x400</size>
         <input_file_ref idref="fl-c"/>
      </object_component>
      <object_component id="oc-3c7">
         <name>.const:.string:pixel_boo</name>
         <load_address>0x67ec</load_address>
         <run_address>0x67ec</run_address>
         <size>0x288</size>
         <input_file_ref idref="fl-6"/>
      </object_component>
      <object_component id="oc-2c6">
         <name>.const:.string:pixel_marioMini</name>
         <load_address>0x6a74</load_address>
         <run_address>0x6a74</run_address>
         <size>0x1c2</size>
         <input_file_ref idref="fl-b"/>
      </object_component>
      <object_component id="oc-2ea">
         <name>.const:.string:pixel_sonicMini</name>
         <load_address>0x6c36</load_address>
         <run_address>0x6c36</run_address>
         <size>0x1c2</size>
         <input_file_ref idref="fl-e"/>
      </object_component>
      <object_component id="oc-2d8">
         <name>.const:.string:pixel_toadMini</name>
         <load_address>0x6df8</load_address>
         <run_address>0x6df8</run_address>
         <size>0x1c2</size>
         <input_file_ref idref="fl-13"/>
      </object_component>
      <object_component id="oc-2fc">
         <name>.const:.string:pixel_yoshiMini</name>
         <load_address>0x6fba</load_address>
         <run_address>0x6fba</run_address>
         <size>0x1c2</size>
         <input_file_ref idref="fl-16"/>
      </object_component>
      <object_component id="oc-568">
         <name>.const:.string:_ctypes_</name>
         <load_address>0x717c</load_address>
         <run_address>0x717c</run_address>
         <size>0x101</size>
         <input_file_ref idref="fl-ef"/>
      </object_component>
      <object_component id="oc-1c4">
         <name>.const:g_sFontCmss12</name>
         <load_address>0x7280</load_address>
         <run_address>0x7280</run_address>
         <size>0xc8</size>
         <input_file_ref idref="fl-106"/>
      </object_component>
      <object_component id="oc-1c1">
         <name>.const:g_sFontCmss16b</name>
         <load_address>0x7348</load_address>
         <run_address>0x7348</run_address>
         <size>0xc8</size>
         <input_file_ref idref="fl-107"/>
      </object_component>
      <object_component id="oc-38f">
         <name>.const:_ctlRegs</name>
         <load_address>0x7410</load_address>
         <run_address>0x7410</run_address>
         <size>0x80</size>
         <input_file_ref idref="fl-f6"/>
      </object_component>
      <object_component id="oc-377">
         <name>.const:palette_GOOMBA</name>
         <load_address>0x7490</load_address>
         <run_address>0x7490</run_address>
         <size>0x40</size>
         <input_file_ref idref="fl-8"/>
      </object_component>
      <object_component id="oc-2ba">
         <name>.const:palette_MARIO</name>
         <load_address>0x74d0</load_address>
         <run_address>0x74d0</run_address>
         <size>0x40</size>
         <input_file_ref idref="fl-a"/>
      </object_component>
      <object_component id="oc-2de">
         <name>.const:palette_SONIC</name>
         <load_address>0x7510</load_address>
         <run_address>0x7510</run_address>
         <size>0x40</size>
         <input_file_ref idref="fl-d"/>
      </object_component>
      <object_component id="oc-2cc">
         <name>.const:palette_TOAD</name>
         <load_address>0x7550</load_address>
         <run_address>0x7550</run_address>
         <size>0x40</size>
         <input_file_ref idref="fl-12"/>
      </object_component>
      <object_component id="oc-3c4">
         <name>.const:palette_boo</name>
         <load_address>0x7590</load_address>
         <run_address>0x7590</run_address>
         <size>0x40</size>
         <input_file_ref idref="fl-6"/>
      </object_component>
      <object_component id="oc-361">
         <name>.const:palette_go</name>
         <load_address>0x75d0</load_address>
         <run_address>0x75d0</run_address>
         <size>0x40</size>
         <input_file_ref idref="fl-7"/>
      </object_component>
      <object_component id="oc-2c3">
         <name>.const:palette_marioMini</name>
         <load_address>0x7610</load_address>
         <run_address>0x7610</run_address>
         <size>0x40</size>
         <input_file_ref idref="fl-b"/>
      </object_component>
      <object_component id="oc-2e7">
         <name>.const:palette_sonicMini</name>
         <load_address>0x7650</load_address>
         <run_address>0x7650</run_address>
         <size>0x40</size>
         <input_file_ref idref="fl-e"/>
      </object_component>
      <object_component id="oc-329">
         <name>.const:palette_three</name>
         <load_address>0x7690</load_address>
         <run_address>0x7690</run_address>
         <size>0x40</size>
         <input_file_ref idref="fl-11"/>
      </object_component>
      <object_component id="oc-2d5">
         <name>.const:palette_toadMini</name>
         <load_address>0x76d0</load_address>
         <run_address>0x76d0</run_address>
         <size>0x40</size>
         <input_file_ref idref="fl-13"/>
      </object_component>
      <object_component id="oc-332">
         <name>.const:palette_two</name>
         <load_address>0x7710</load_address>
         <run_address>0x7710</run_address>
         <size>0x40</size>
         <input_file_ref idref="fl-14"/>
      </object_component>
      <object_component id="oc-2f9">
         <name>.const:palette_yoshiMini</name>
         <load_address>0x7750</load_address>
         <run_address>0x7750</run_address>
         <size>0x40</size>
         <input_file_ref idref="fl-16"/>
      </object_component>
      <object_component id="oc-2f0">
         <name>.const:palette_yoshi_nero4BPP_UNCOMP</name>
         <load_address>0x7790</load_address>
         <run_address>0x7790</run_address>
         <size>0x40</size>
         <input_file_ref idref="fl-15"/>
      </object_component>
      <object_component id="oc-25a">
         <name>.const:GPIO_PORT_TO_BASE</name>
         <load_address>0x77d0</load_address>
         <run_address>0x77d0</run_address>
         <size>0x30</size>
         <input_file_ref idref="fl-f9"/>
      </object_component>
      <object_component id="oc-1be">
         <name>.const:g_sCrystalfontz128x128_funcs</name>
         <load_address>0x7800</load_address>
         <run_address>0x7800</run_address>
         <size>0x20</size>
         <input_file_ref idref="fl-2"/>
      </object_component>
      <object_component id="oc-4dd">
         <name>.const:$P$T0$1</name>
         <load_address>0x7820</load_address>
         <run_address>0x7820</run_address>
         <size>0x1c</size>
         <input_file_ref idref="fl-4"/>
      </object_component>
      <object_component id="oc-1ca">
         <name>.const:upConfig1</name>
         <load_address>0x783c</load_address>
         <run_address>0x783c</run_address>
         <size>0x18</size>
         <input_file_ref idref="fl-9"/>
      </object_component>
      <object_component id="oc-1c7">
         <name>.const:upConfig2</name>
         <load_address>0x7854</load_address>
         <run_address>0x7854</run_address>
         <size>0x18</size>
         <input_file_ref idref="fl-9"/>
      </object_component>
      <object_component id="oc-e2">
         <name>.const:upConfig</name>
         <load_address>0x786c</load_address>
         <run_address>0x786c</run_address>
         <size>0x18</size>
         <input_file_ref idref="fl-9"/>
      </object_component>
      <object_component id="oc-1d9">
         <name>.const:boo</name>
         <load_address>0x7884</load_address>
         <run_address>0x7884</run_address>
         <size>0x10</size>
         <input_file_ref idref="fl-6"/>
      </object_component>
      <object_component id="oc-14b">
         <name>.const:go</name>
         <load_address>0x7894</load_address>
         <run_address>0x7894</run_address>
         <size>0x10</size>
         <input_file_ref idref="fl-7"/>
      </object_component>
      <object_component id="oc-167">
         <name>.const:goomba</name>
         <load_address>0x78a4</load_address>
         <run_address>0x78a4</run_address>
         <size>0x10</size>
         <input_file_ref idref="fl-8"/>
      </object_component>
      <object_component id="oc-fe">
         <name>.const:mario</name>
         <load_address>0x78b4</load_address>
         <run_address>0x78b4</run_address>
         <size>0x10</size>
         <input_file_ref idref="fl-a"/>
      </object_component>
      <object_component id="oc-102">
         <name>.const:marioMini</name>
         <load_address>0x78c4</load_address>
         <run_address>0x78c4</run_address>
         <size>0x10</size>
         <input_file_ref idref="fl-b"/>
      </object_component>
      <object_component id="oc-12a">
         <name>.const:one</name>
         <load_address>0x78d4</load_address>
         <run_address>0x78d4</run_address>
         <size>0x10</size>
         <input_file_ref idref="fl-c"/>
      </object_component>
      <object_component id="oc-10b">
         <name>.const:sonic</name>
         <load_address>0x78e4</load_address>
         <run_address>0x78e4</run_address>
         <size>0x10</size>
         <input_file_ref idref="fl-d"/>
      </object_component>
      <object_component id="oc-10e">
         <name>.const:sonicMini</name>
         <load_address>0x78f4</load_address>
         <run_address>0x78f4</run_address>
         <size>0x10</size>
         <input_file_ref idref="fl-e"/>
      </object_component>
      <object_component id="oc-124">
         <name>.const:three</name>
         <load_address>0x7904</load_address>
         <run_address>0x7904</run_address>
         <size>0x10</size>
         <input_file_ref idref="fl-11"/>
      </object_component>
      <object_component id="oc-105">
         <name>.const:toad</name>
         <load_address>0x7914</load_address>
         <run_address>0x7914</run_address>
         <size>0x10</size>
         <input_file_ref idref="fl-12"/>
      </object_component>
      <object_component id="oc-108">
         <name>.const:toadMini</name>
         <load_address>0x7924</load_address>
         <run_address>0x7924</run_address>
         <size>0x10</size>
         <input_file_ref idref="fl-13"/>
      </object_component>
      <object_component id="oc-127">
         <name>.const:two</name>
         <load_address>0x7934</load_address>
         <run_address>0x7934</run_address>
         <size>0x10</size>
         <input_file_ref idref="fl-14"/>
      </object_component>
      <object_component id="oc-111">
         <name>.const:yoshi</name>
         <load_address>0x7944</load_address>
         <run_address>0x7944</run_address>
         <size>0x10</size>
         <input_file_ref idref="fl-15"/>
      </object_component>
      <object_component id="oc-114">
         <name>.const:yoshiMini</name>
         <load_address>0x7954</load_address>
         <run_address>0x7954</run_address>
         <size>0x10</size>
         <input_file_ref idref="fl-16"/>
      </object_component>
      <object_component id="oc-353">
         <name>.const:$P$T0$1</name>
         <load_address>0x7964</load_address>
         <run_address>0x7964</run_address>
         <size>0x8</size>
         <input_file_ref idref="fl-2"/>
      </object_component>
      <object_component id="oc-36b">
         <name>.const:g_pulEnRegs</name>
         <load_address>0x796c</load_address>
         <run_address>0x796c</run_address>
         <size>0x8</size>
         <input_file_ref idref="fl-fb"/>
      </object_component>
      <object_component id="oc-6a6">
         <name>.cinit..data.load</name>
         <load_address>0xcaf0</load_address>
         <run_address>0xcaf0</run_address>
         <size>0x5e</size>
      </object_component>
      <object_component id="oc-6a4">
         <name>__TI_handler_table</name>
         <load_address>0xcb50</load_address>
         <run_address>0xcb50</run_address>
         <size>0xc</size>
      </object_component>
      <object_component id="oc-6a7">
         <name>.cinit..bss.load</name>
         <load_address>0xcb60</load_address>
         <run_address>0xcb60</run_address>
         <size>0x8</size>
      </object_component>
      <object_component id="oc-6a5">
         <name>__TI_cinit_table</name>
         <load_address>0xcb68</load_address>
         <run_address>0xcb68</run_address>
         <size>0x10</size>
      </object_component>
      <object_component id="oc-678">
         <name>.binit</name>
         <load_address>0x0</load_address>
         <run_address>0x0</run_address>
         <size>0x0</size>
      </object_component>
      <object_component id="oc-f4">
         <name>.data:g_sCrystalfontz128x128</name>
         <load_address>0x200004d4</load_address>
         <run_address>0x200004d4</run_address>
         <size>0x10</size>
         <input_file_ref idref="fl-2"/>
      </object_component>
      <object_component id="oc-f7">
         <name>.data</name>
         <load_address>0x200004ec</load_address>
         <run_address>0x200004ec</run_address>
         <size>0x5</size>
         <input_file_ref idref="fl-9"/>
      </object_component>
      <object_component id="oc-e5">
         <name>.data:compareConfig_PWM</name>
         <load_address>0x200004c4</load_address>
         <run_address>0x200004c4</run_address>
         <size>0x10</size>
         <input_file_ref idref="fl-9"/>
      </object_component>
      <object_component id="oc-fa">
         <name>.data:fsm</name>
         <load_address>0x20000484</load_address>
         <run_address>0x20000484</run_address>
         <size>0x40</size>
         <input_file_ref idref="fl-9"/>
      </object_component>
      <object_component id="oc-256">
         <name>.data</name>
         <load_address>0x200004fc</load_address>
         <run_address>0x200004fc</run_address>
         <size>0x4</size>
         <input_file_ref idref="fl-10"/>
      </object_component>
      <object_component id="oc-3a5">
         <name>.data</name>
         <load_address>0x200004f8</load_address>
         <run_address>0x200004f8</run_address>
         <size>0x4</size>
         <input_file_ref idref="fl-df"/>
      </object_component>
      <object_component id="oc-5cf">
         <name>.data</name>
         <load_address>0x200004f4</load_address>
         <run_address>0x200004f4</run_address>
         <size>0x4</size>
         <input_file_ref idref="fl-e1"/>
      </object_component>
      <object_component id="oc-3a2">
         <name>.data:$O1$$</name>
         <load_address>0x200004e4</load_address>
         <run_address>0x200004e4</run_address>
         <size>0x8</size>
         <input_file_ref idref="fl-eb"/>
      </object_component>
      <object_component id="oc-1ee">
         <name>.bss:resultsBuffer</name>
         <uninitialized>true</uninitialized>
         <run_address>0x20000464</run_address>
         <size>0x8</size>
         <input_file_ref idref="fl-9"/>
      </object_component>
      <object_component id="oc-f1">
         <name>.bss</name>
         <uninitialized>true</uninitialized>
         <run_address>0x20000400</run_address>
         <size>0x2c</size>
         <input_file_ref idref="fl-9"/>
      </object_component>
      <object_component id="oc-41b">
         <name>.bss:g_pulConvertedPalette</name>
         <uninitialized>true</uninitialized>
         <run_address>0x20000000</run_address>
         <size>0x400</size>
         <input_file_ref idref="fl-108"/>
      </object_component>
      <object_component id="oc-352">
         <name>.common:Lcd_Orientation</name>
         <uninitialized>true</uninitialized>
         <run_address>0x20000480</run_address>
         <size>0x1</size>
      </object_component>
      <object_component id="oc-34a">
         <name>.common:Lcd_ScreenWidth</name>
         <uninitialized>true</uninitialized>
         <run_address>0x2000047a</run_address>
         <size>0x2</size>
      </object_component>
      <object_component id="oc-34d">
         <name>.common:Lcd_ScreenHeigth</name>
         <uninitialized>true</uninitialized>
         <run_address>0x20000478</run_address>
         <size>0x2</size>
      </object_component>
      <object_component id="oc-34e">
         <name>.common:Lcd_PenSolid</name>
         <uninitialized>true</uninitialized>
         <run_address>0x20000481</run_address>
         <size>0x1</size>
      </object_component>
      <object_component id="oc-34f">
         <name>.common:Lcd_FontSolid</name>
         <uninitialized>true</uninitialized>
         <run_address>0x2000047f</run_address>
         <size>0x1</size>
      </object_component>
      <object_component id="oc-350">
         <name>.common:Lcd_FlagRead</name>
         <uninitialized>true</uninitialized>
         <run_address>0x2000047e</run_address>
         <size>0x1</size>
      </object_component>
      <object_component id="oc-351">
         <name>.common:Lcd_TouchTrim</name>
         <uninitialized>true</uninitialized>
         <run_address>0x2000047c</run_address>
         <size>0x2</size>
      </object_component>
      <object_component id="oc-ee">
         <name>.common:g_sContext</name>
         <uninitialized>true</uninitialized>
         <run_address>0x20000448</run_address>
         <size>0x1c</size>
      </object_component>
      <object_component id="oc-123">
         <name>.common:dev</name>
         <uninitialized>true</uninitialized>
         <run_address>0x2000042c</run_address>
         <size>0x1c</size>
      </object_component>
      <object_component id="oc-fd">
         <name>.common:character</name>
         <uninitialized>true</uninitialized>
         <run_address>0x20000470</run_address>
         <size>0x4</size>
      </object_component>
      <object_component id="oc-101">
         <name>.common:characterMini</name>
         <uninitialized>true</uninitialized>
         <run_address>0x20000474</run_address>
         <size>0x4</size>
      </object_component>
      <object_component id="oc-166">
         <name>.common:badChar</name>
         <uninitialized>true</uninitialized>
         <run_address>0x2000046c</run_address>
         <size>0x4</size>
      </object_component>
      <object_component id="oc-29">
         <name>.stack</name>
         <uninitialized>true</uninitialized>
         <run_address>0x2000fe00</run_address>
         <size>0x4</size>
         <input_file_ref idref="fl-e0"/>
      </object_component>
      <object_component id="oc-6a9">
         <name>.stack</name>
         <uninitialized>true</uninitialized>
         <run_address>0x2000fe00</run_address>
         <size>0x0</size>
      </object_component>
      <object_component id="oc-34b">
         <name>.debug_info</name>
         <load_address>0x0</load_address>
         <run_address>0x0</run_address>
         <size>0x93a</size>
         <input_file_ref idref="fl-2"/>
      </object_component>
      <object_component id="oc-f5">
         <name>.debug_info</name>
         <load_address>0x93a</load_address>
         <run_address>0x93a</run_address>
         <size>0x11e</size>
         <input_file_ref idref="fl-2"/>
      </object_component>
      <object_component id="oc-1bf">
         <name>.debug_info</name>
         <load_address>0xa58</load_address>
         <run_address>0xa58</run_address>
         <size>0x12a</size>
         <input_file_ref idref="fl-2"/>
      </object_component>
      <object_component id="oc-354">
         <name>.debug_info</name>
         <load_address>0xb82</load_address>
         <run_address>0xb82</run_address>
         <size>0xff</size>
         <input_file_ref idref="fl-2"/>
      </object_component>
      <object_component id="oc-12e">
         <name>.debug_info</name>
         <load_address>0xc81</load_address>
         <run_address>0xc81</run_address>
         <size>0x1451</size>
         <input_file_ref idref="fl-2"/>
      </object_component>
      <object_component id="oc-203">
         <name>.debug_info</name>
         <load_address>0x20d2</load_address>
         <run_address>0x20d2</run_address>
         <size>0x26b</size>
         <input_file_ref idref="fl-2"/>
      </object_component>
      <object_component id="oc-2a8">
         <name>.debug_info</name>
         <load_address>0x233d</load_address>
         <run_address>0x233d</run_address>
         <size>0x1055</size>
         <input_file_ref idref="fl-2"/>
      </object_component>
      <object_component id="oc-4e8">
         <name>.debug_info</name>
         <load_address>0x3392</load_address>
         <run_address>0x3392</run_address>
         <size>0x37e2</size>
         <input_file_ref idref="fl-2"/>
      </object_component>
      <object_component id="oc-558">
         <name>.debug_info</name>
         <load_address>0x6b74</load_address>
         <run_address>0x6b74</run_address>
         <size>0x9a</size>
         <input_file_ref idref="fl-2"/>
      </object_component>
      <object_component id="oc-1f7">
         <name>.debug_info</name>
         <load_address>0x6c0e</load_address>
         <run_address>0x6c0e</run_address>
         <size>0x439</size>
         <input_file_ref idref="fl-2"/>
      </object_component>
      <object_component id="oc-28f">
         <name>.debug_info</name>
         <load_address>0x7047</load_address>
         <run_address>0x7047</run_address>
         <size>0x341</size>
         <input_file_ref idref="fl-2"/>
      </object_component>
      <object_component id="oc-32">
         <name>.debug_info</name>
         <load_address>0x7388</load_address>
         <run_address>0x7388</run_address>
         <size>0x84</size>
         <input_file_ref idref="fl-2"/>
      </object_component>
      <object_component id="oc-3d8">
         <name>.debug_info</name>
         <load_address>0x740c</load_address>
         <run_address>0x740c</run_address>
         <size>0x2a4</size>
         <input_file_ref idref="fl-2"/>
      </object_component>
      <object_component id="oc-2ad">
         <name>.debug_info</name>
         <load_address>0x76b0</load_address>
         <run_address>0x76b0</run_address>
         <size>0xef</size>
         <input_file_ref idref="fl-2"/>
      </object_component>
      <object_component id="oc-1fc">
         <name>.debug_info</name>
         <load_address>0x779f</load_address>
         <run_address>0x779f</run_address>
         <size>0xbb</size>
         <input_file_ref idref="fl-2"/>
      </object_component>
      <object_component id="oc-4e1">
         <name>.debug_info</name>
         <load_address>0x785a</load_address>
         <run_address>0x785a</run_address>
         <size>0x131</size>
         <input_file_ref idref="fl-2"/>
      </object_component>
      <object_component id="oc-42d">
         <name>.debug_info</name>
         <load_address>0x798b</load_address>
         <run_address>0x798b</run_address>
         <size>0x9b7</size>
         <input_file_ref idref="fl-3"/>
      </object_component>
      <object_component id="oc-2a3">
         <name>.debug_info</name>
         <load_address>0x8342</load_address>
         <run_address>0x8342</run_address>
         <size>0x37e2</size>
         <input_file_ref idref="fl-3"/>
      </object_component>
      <object_component id="oc-1f2">
         <name>.debug_info</name>
         <load_address>0xbb24</load_address>
         <run_address>0xbb24</run_address>
         <size>0x8b</size>
         <input_file_ref idref="fl-3"/>
      </object_component>
      <object_component id="oc-5fc">
         <name>.debug_info</name>
         <load_address>0xbbaf</load_address>
         <run_address>0xbbaf</run_address>
         <size>0x880</size>
         <input_file_ref idref="fl-4"/>
      </object_component>
      <object_component id="oc-4de">
         <name>.debug_info</name>
         <load_address>0xc42f</load_address>
         <run_address>0xc42f</run_address>
         <size>0x112</size>
         <input_file_ref idref="fl-4"/>
      </object_component>
      <object_component id="oc-346">
         <name>.debug_info</name>
         <load_address>0xc541</load_address>
         <run_address>0xc541</run_address>
         <size>0x55c</size>
         <input_file_ref idref="fl-4"/>
      </object_component>
      <object_component id="oc-3cc">
         <name>.debug_info</name>
         <load_address>0xca9d</load_address>
         <run_address>0xca9d</run_address>
         <size>0x258</size>
         <input_file_ref idref="fl-6"/>
      </object_component>
      <object_component id="oc-3c8">
         <name>.debug_info</name>
         <load_address>0xccf5</load_address>
         <run_address>0xccf5</run_address>
         <size>0xeb</size>
         <input_file_ref idref="fl-6"/>
      </object_component>
      <object_component id="oc-3c5">
         <name>.debug_info</name>
         <load_address>0xcde0</load_address>
         <run_address>0xcde0</run_address>
         <size>0xef</size>
         <input_file_ref idref="fl-6"/>
      </object_component>
      <object_component id="oc-1da">
         <name>.debug_info</name>
         <load_address>0xcecf</load_address>
         <run_address>0xcecf</run_address>
         <size>0xe0</size>
         <input_file_ref idref="fl-6"/>
      </object_component>
      <object_component id="oc-369">
         <name>.debug_info</name>
         <load_address>0xcfaf</load_address>
         <run_address>0xcfaf</run_address>
         <size>0x257</size>
         <input_file_ref idref="fl-7"/>
      </object_component>
      <object_component id="oc-365">
         <name>.debug_info</name>
         <load_address>0xd206</load_address>
[...]
      </symbol>
      <symbol id="sm-71d">
         <name>__aeabi_memset4</name>
         <value>0xbcf3</value>
         <object_component_ref idref="oc-8d"/>
      </symbol>
      <symbol id="sm-71e">
         <name>__aeabi_memclr8</name>
         <value>0xbcf1</value>
         <object_component_ref idref="oc-8d"/>
      </symbol>
      <symbol id="sm-71f">
         <name>__aeabi_memclr4</name>
         <value>0xbcf1</value>
         <object_component_ref idref="oc-8d"/>
      </symbol>
      <symbol id="sm-720">
         <name>__aeabi_memclr</name>
         <value>0xbcf1</value>
         <object_component_ref idref="oc-8d"/>
      </symbol>
      <symbol id="sm-72d">
         <name>__aeabi_uldivmod</name>
         <value>0xb9bf</value>
         <object_component_ref idref="oc-56d"/>
      </symbol>
      <symbol id="sm-755">
         <name>__TI_auto_init_nobinit_nopinit</name>
         <value>0xc391</value>
         <object_component_ref idref="oc-224"/>
      </symbol>
      <symbol id="sm-75f">
         <name>_system_pre_init</name>
         <value>0xcae5</value>
         <object_component_ref idref="oc-93"/>
      </symbol>
      <symbol id="sm-76b">
         <name>C$$EXIT</name>
         <value>0xcae9</value>
         <object_component_ref idref="oc-218"/>
      </symbol>
      <symbol id="sm-76c">
         <name>abort</name>
         <value>0xcae9</value>
         <object_component_ref idref="oc-218"/>
      </symbol>
      <symbol id="sm-781">
         <name>_nop</name>
         <value>0x918b</value>
         <object_component_ref idref="oc-51f"/>
      </symbol>
      <symbol id="sm-782">
         <name>_lock</name>
         <value>0x200004e4</value>
         <object_component_ref idref="oc-3a2"/>
      </symbol>
      <symbol id="sm-783">
         <name>_unlock</name>
         <value>0x200004e8</value>
         <object_component_ref idref="oc-3a2"/>
      </symbol>
      <symbol id="sm-792">
         <name>__TI_ltoa</name>
         <value>0xc0dd</value>
         <object_component_ref idref="oc-588"/>
      </symbol>
      <symbol id="sm-7a9">
         <name>atoi</name>
         <value>0xc225</value>
         <object_component_ref idref="oc-474"/>
      </symbol>
      <symbol id="sm-7b4">
         <name>_ctypes_</name>
         <value>0x717c</value>
         <object_component_ref idref="oc-568"/>
      </symbol>
      <symbol id="sm-7c4">
         <name>memccpy</name>
         <value>0xc8bb</value>
         <object_component_ref idref="oc-49d"/>
      </symbol>
      <symbol id="sm-7d4">
         <name>strchr</name>
         <value>0xc9c5</value>
         <object_component_ref idref="oc-5bf"/>
      </symbol>
      <symbol id="sm-7e2">
         <name>strlen</name>
         <value>0xca05</value>
         <object_component_ref idref="oc-46e"/>
      </symbol>
      <symbol id="sm-7fb">
         <name>wcslen</name>
         <value>0xca2b</value>
         <object_component_ref idref="oc-4a3"/>
      </symbol>
      <symbol id="sm-811">
         <name>frexpl</name>
         <value>0xbf15</value>
         <object_component_ref idref="oc-5b3"/>
      </symbol>
      <symbol id="sm-812">
         <name>frexp</name>
         <value>0xbf15</value>
         <object_component_ref idref="oc-5b3"/>
      </symbol>
      <symbol id="sm-81c">
         <name>__aeabi_idiv0</name>
         <value>0xa01b</value>
         <object_component_ref idref="oc-622"/>
      </symbol>
      <symbol id="sm-81d">
         <name>__aeabi_ldiv0</name>
         <value>0xa01b</value>
         <object_component_ref idref="oc-622"/>
      </symbol>
      <symbol id="sm-928">
         <name>ADC14_enableInterrupt</name>
         <value>0xc685</value>
         <object_component_ref idref="oc-188"/>
      </symbol>
      <symbol id="sm-929">
         <name>ADC14_getInterruptStatus</name>
         <value>0xc6e5</value>
         <object_component_ref idref="oc-3cd"/>
      </symbol>
      <symbol id="sm-92a">
         <name>ADC14_enableSampleTimer</name>
         <value>0xc585</value>
         <object_component_ref idref="oc-18e"/>
      </symbol>
      <symbol id="sm-92b">
         <name>ADC14_enableConversion</name>
         <value>0xc795</value>
         <object_component_ref idref="oc-194"/>
      </symbol>
      <symbol id="sm-92c">
         <name>ADC14_toggleConversionTrigger</name>
         <value>0xc711</value>
         <object_component_ref idref="oc-1d3"/>
      </symbol>
      <symbol id="sm-92d">
         <name>ADC14_getEnabledInterruptStatus</name>
         <value>0xc515</value>
         <object_component_ref idref="oc-1dc"/>
      </symbol>
      <symbol id="sm-92e">
         <name>ADC14_initModule</name>
         <value>0xc089</value>
         <object_component_ref idref="oc-176"/>
      </symbol>
      <symbol id="sm-92f">
         <name>ADC14_configureMultiSequenceMode</name>
         <value>0xb671</value>
         <object_component_ref idref="oc-17c"/>
      </symbol>
      <symbol id="sm-930">
         <name>ADC14_clearInterruptFlag</name>
         <value>0xc655</value>
         <object_component_ref idref="oc-1e2"/>
      </symbol>
      <symbol id="sm-931">
         <name>ADC14_configureConversionMemory</name>
         <value>0xb5bd</value>
         <object_component_ref idref="oc-182"/>
      </symbol>
      <symbol id="sm-932">
         <name>ADC14_enableModule</name>
         <value>0xcaa9</value>
         <object_component_ref idref="oc-170"/>
      </symbol>
      <symbol id="sm-933">
         <name>ADC14_getResult</name>
         <value>0xc7bd</value>
         <object_component_ref idref="oc-1e8"/>
      </symbol>
      <symbol id="sm-941">
         <name>CS_setDCOCenteredFrequency</name>
         <value>0xc5b9</value>
         <object_component_ref idref="oc-1ac"/>
      </symbol>
      <symbol id="sm-950">
         <name>FlashCtl_setWaitState</name>
         <value>0xc271</value>
         <object_component_ref idref="oc-1a6"/>
      </symbol>
      <symbol id="sm-998">
         <name>GPIO_setOutputHighOnPin</name>
         <value>0xc7e5</value>
         <object_component_ref idref="oc-ca"/>
      </symbol>
      <symbol id="sm-999">
         <name>GPIO_setAsOutputPin</name>
         <value>0xc3d5</value>
         <object_component_ref idref="oc-160"/>
      </symbol>
      <symbol id="sm-99a">
         <name>GPIO_setOutputLowOnPin</name>
         <value>0xc80d</value>
         <object_component_ref idref="oc-d0"/>
      </symbol>
      <symbol id="sm-99b">
         <name>GPIO_setAsPeripheralModuleFunctionOutputPin</name>
         <value>0xbadd</value>
         <object_component_ref idref="oc-ac"/>
      </symbol>
      <symbol id="sm-99c">
         <name>GPIO_setAsPeripheralModuleFunctionInputPin</name>
         <value>0xba55</value>
         <object_component_ref idref="oc-16a"/>
      </symbol>
      <symbol id="sm-9cd">
         <name>Interrupt_enableSleepOnIsrExit</name>
         <value>0xca5d</value>
         <object_component_ref idref="oc-14e"/>
      </symbol>
      <symbol id="sm-9ce">
         <name>Interrupt_enableMaster</name>
         <value>0xca4d</value>
         <object_component_ref idref="oc-15a"/>
      </symbol>
      <symbol id="sm-9cf">
         <name>Interrupt_enableInterrupt</name>
         <value>0xbc71</value>
         <object_component_ref idref="oc-154"/>
      </symbol>
      <symbol id="sm-a5a">
         <name>PCM_setCoreVoltageLevel</name>
         <value>0xca6d</value>
         <object_component_ref idref="oc-1a0"/>
      </symbol>
      <symbol id="sm-a5b">
         <name>PCM_getCoreVoltageLevel</name>
         <value>0xbf79</value>
         <object_component_ref idref="oc-50c"/>
      </symbol>
      <symbol id="sm-a5c">
         <name>PCM_getPowerMode</name>
         <value>0xbfd7</value>
         <object_component_ref idref="oc-506"/>
      </symbol>
      <symbol id="sm-a5d">
         <name>PCM_getPowerState</name>
         <value>0xc9dd</value>
         <object_component_ref idref="oc-512"/>
      </symbol>
      <symbol id="sm-a5e">
         <name>PCM_gotoLPM0</name>
         <value>0xc835</value>
         <object_component_ref idref="oc-1b8"/>
      </symbol>
      <symbol id="sm-a5f">
         <name>PCM_setPowerMode</name>
         <value>0xca7d</value>
         <object_component_ref idref="oc-518"/>
      </symbol>
      <symbol id="sm-a9f">
         <name>EUSCI_B_SPI_enable</name>
         <value>0xc96d</value>
         <object_component_ref idref="oc-5f3"/>
      </symbol>
      <symbol id="sm-aa0">
         <name>SPI_enableModule</name>
         <value>0xc89f</value>
         <object_component_ref idref="oc-4d7"/>
      </symbol>
      <symbol id="sm-aa1">
         <name>EUSCI_A_SPI_enable</name>
         <value>0xc957</value>
         <object_component_ref idref="oc-5ed"/>
      </symbol>
      <symbol id="sm-aa2">
         <name>SPI_initMaster</name>
         <value>0xb7d7</value>
         <object_component_ref idref="oc-4d1"/>
      </symbol>
      <symbol id="sm-af4">
         <name>Timer_A_clearCaptureCompareInterrupt</name>
         <value>0xc769</value>
         <object_component_ref idref="oc-1cd"/>
      </symbol>
      <symbol id="sm-af5">
         <name>Timer_A_initCompare</name>
         <value>0xc1d5</value>
         <object_component_ref idref="oc-be"/>
      </symbol>
      <symbol id="sm-af6">
         <name>Timer_A_startCounter</name>
         <value>0xc9af</value>
         <object_component_ref idref="oc-b8"/>
      </symbol>
      <symbol id="sm-af7">
         <name>Timer_A_stopTimer</name>
         <value>0xc9f1</value>
         <object_component_ref idref="oc-c4"/>
      </symbol>
      <symbol id="sm-af8">
         <name>Timer_A_configureUpMode</name>
         <value>0xbe45</value>
         <object_component_ref idref="oc-b2"/>
      </symbol>
      <symbol id="sm-b04">
         <name>WDT_A_holdTimer</name>
         <value>0xc85d</value>
         <object_component_ref idref="oc-19a"/>
      </symbol>
      <symbol id="sm-b16">
         <name>CPU_wfi</name>
         <value>0xcae1</value>
         <object_component_ref idref="oc-3a9"/>
      </symbol>
      <symbol id="sm-b17">
         <name>CPU_cpsie</name>
         <value>0xcab5</value>
         <object_component_ref idref="oc-36f"/>
      </symbol>
      <symbol id="sm-b49">
         <name>Graphics_setBackgroundColor</name>
         <value>0xc8f1</value>
         <object_component_ref idref="oc-13f"/>
      </symbol>
      <symbol id="sm-b4a">
         <name>Graphics_setFont</name>
         <value>0xc90b</value>
         <object_component_ref idref="oc-145"/>
      </symbol>
      <symbol id="sm-b4b">
         <name>Graphics_initContext</name>
         <value>0xc131</value>
         <object_component_ref idref="oc-133"/>
      </symbol>
      <symbol id="sm-b4c">
         <name>Graphics_setForegroundColor</name>
         <value>0xc983</value>
         <object_component_ref idref="oc-139"/>
      </symbol>
      <symbol id="sm-b4d">
         <name>Graphics_clearDisplay</name>
         <value>0xca19</value>
         <object_component_ref idref="oc-e8"/>
      </symbol>
      <symbol id="sm-b82">
         <name>Graphics_clearDisplayOnDisplay</name>
         <value>0xc8d7</value>
         <object_component_ref idref="oc-294"/>
      </symbol>
      <symbol id="sm-b83">
         <name>Graphics_drawPixelOnDisplay</name>
         <value>0xc73d</value>
         <object_component_ref idref="oc-281"/>
      </symbol>
      <symbol id="sm-b84">
         <name>Graphics_translateColorOnDisplay</name>
         <value>0xc999</value>
         <object_component_ref idref="oc-358"/>
      </symbol>
      <symbol id="sm-b85">
         <name>Graphics_drawHorizontalLineOnDisplay</name>
         <value>0xc54d</value>
         <object_component_ref idref="oc-55e"/>
      </symbol>
      <symbol id="sm-b86">
         <name>Graphics_drawMultiplePixelsOnDisplay</name>
         <value>0xc349</value>
         <object_component_ref idref="oc-27b"/>
      </symbol>
      <symbol id="sm-b87">
         <name>Graphics_fillRectangleOnDisplay</name>
         <value>0xc881</value>
         <object_component_ref idref="oc-dc"/>
      </symbol>
      <symbol id="sm-b99">
         <name>g_sFontCmss12</name>
         <value>0x7280</value>
         <object_component_ref idref="oc-1c4"/>
      </symbol>
      <symbol id="sm-bab">
         <name>g_sFontCmss16b</name>
         <value>0x7348</value>
         <object_component_ref idref="oc-1c1"/>
      </symbol>
      <symbol id="sm-be1">
         <name>Graphics_drawImage</name>
         <value>0x9c8b</value>
         <object_component_ref idref="oc-d6"/>
      </symbol>
      <symbol id="sm-c39">
         <name>Graphics_drawStringCentered</name>
         <value>0xc2b9</value>
         <object_component_ref idref="oc-117"/>
      </symbol>
      <symbol id="sm-c3a">
         <name>Graphics_drawString</name>
         <value>0x980d</value>
         <object_component_ref idref="oc-308"/>
      </symbol>
      <symbol id="sm-c3b">
         <name>Graphics_getStringWidth</name>
         <value>0xb3f5</value>
         <object_component_ref idref="oc-302"/>
      </symbol>
      <symbol id="sm-c4e">
         <name>Graphics_drawLineH</name>
         <value>0xb887</value>
         <object_component_ref idref="oc-465"/>
      </symbol>
      <symbol id="sm-c4f">
         <name>__TI_static_base__</name>
         <value>0x0</value>
      </symbol>
      <symbol id="sm-c52">
         <name>__mpu_init</name>
         <value>0x0</value>
      </symbol>
      <symbol id="sm-c53">
         <name>_system_post_cinit</name>
         <value>0x0</value>
      </symbol>
      <symbol id="sm-c54">
         <name>NMI_Handler</name>
         <value>0xcaa7</value>
      </symbol>
      <symbol id="sm-c55">
         <name>HardFault_Handler</name>
         <value>0xcaa7</value>
      </symbol>
      <symbol id="sm-c56">
         <name>MemManage_Handler</name>
         <value>0xcaa7</value>
      </symbol>
      <symbol id="sm-c57">
         <name>BusFault_Handler</name>
         <value>0xcaa7</value>
      </symbol>
      <symbol id="sm-c58">
         <name>UsageFault_Handler</name>
         <value>0xcaa7</value>
      </symbol>
      <symbol id="sm-c59">
         <name>SVC_Handler</name>
         <value>0xcaa7</value>
      </symbol>
      <symbol id="sm-c5a">
         <name>DebugMon_Handler</name>
         <value>0xcaa7</value>
      </symbol>
      <symbol id="sm-c5b">
         <name>PendSV_Handler</name>
         <value>0xcaa7</value>
      </symbol>
      <symbol id="sm-c5c">
         <name>SysTick_Handler</name>
         <value>0xcaa7</value>
      </symbol>
      <symbol id="sm-c5d">
         <name>PSS_IRQHandler</name>
         <value>0xcaa7</value>
      </symbol>
      <symbol id="sm-c5e">
         <name>CS_IRQHandler</name>
         <value>0xcaa7</value>
      </symbol>
      <symbol id="sm-c5f">
         <name>PCM_IRQHandler</name>
         <value>0xcaa7</value>
      </symbol>
      <symbol id="sm-c60">
         <name>WDT_A_IRQHandler</name>
         <value>0xcaa7</value>
      </symbol>
      <symbol id="sm-c61">
         <name>FPU_IRQHandler</name>
         <value>0xcaa7</value>
      </symbol>
      <symbol id="sm-c62">
         <name>FLCTL_IRQHandler</name>
         <value>0xcaa7</value>
      </symbol>
      <symbol id="sm-c63">
         <name>COMP_E0_IRQHandler</name>
         <value>0xcaa7</value>
      </symbol>
      <symbol id="sm-c64">
         <name>COMP_E1_IRQHandler</name>
         <value>0xcaa7</value>
      </symbol>
      <symbol id="sm-c65">
         <name>TA0_0_IRQHandler</name>
         <value>0xcaa7</value>
      </symbol>
      <symbol id="sm-c66">
         <name>TA0_N_IRQHandler</name>
         <value>0xcaa7</value>
      </symbol>
      <symbol id="sm-c67">
         <name>TA1_0_IRQHandler</name>
         <value>0x829d</value>
      </symbol>
      <symbol id="sm-c68">
         <name>TA1_N_IRQHandler</name>
         <value>0xcaa7</value>
      </symbol>
      <symbol id="sm-c69">
         <name>TA2_0_IRQHandler</name>
         <value>0x8495</value>
      </symbol>
      <symbol id="sm-c6a">
         <name>TA2_N_IRQHandler</name>
         <value>0xcaa7</value>
      </symbol>
      <symbol id="sm-c6b">
         <name>TA3_0_IRQHandler</name>
         <value>0x83d9</value>
      </symbol>
      <symbol id="sm-c6c">
         <name>TA3_N_IRQHandler</name>
         <value>0xcaa7</value>
      </symbol>
      <symbol id="sm-c6d">
         <name>EUSCIA0_IRQHandler</name>
         <value>0xcaa7</value>
      </symbol>
      <symbol id="sm-c6e">
         <name>EUSCIA1_IRQHandler</name>
         <value>0xcaa7</value>
      </symbol>
      <symbol id="sm-c6f">
         <name>EUSCIA2_IRQHandler</name>
         <value>0xcaa7</value>
      </symbol>
      <symbol id="sm-c70">
         <name>EUSCIA3_IRQHandler</name>
         <value>0xcaa7</value>
      </symbol>
      <symbol id="sm-c71">
         <name>EUSCIB0_IRQHandler</name>
         <value>0xcaa7</value>
      </symbol>
      <symbol id="sm-c72">
         <name>EUSCIB1_IRQHandler</name>
         <value>0xcaa7</value>
      </symbol>
      <symbol id="sm-c73">
         <name>EUSCIB2_IRQHandler</name>
         <value>0xcaa7</value>
      </symbol>
      <symbol id="sm-c74">
         <name>EUSCIB3_IRQHandler</name>
         <value>0xcaa7</value>
      </symbol>
      <symbol id="sm-c75">
         <name>ADC14_IRQHandler</name>
         <value>0x857d</value>
      </symbol>
      <symbol id="sm-c76">
         <name>T32_INT1_IRQHandler</name>
         <value>0xcaa7</value>
      </symbol>
      <symbol id="sm-c77">
         <name>T32_INT2_IRQHandler</name>
         <value>0xcaa7</value>
      </symbol>
      <symbol id="sm-c78">
         <name>T32_INTC_IRQHandler</name>
         <value>0xcaa7</value>
      </symbol>
      <symbol id="sm-c79">
         <name>AES256_IRQHandler</name>
         <value>0xcaa7</value>
      </symbol>
      <symbol id="sm-c7a">
         <name>RTC_C_IRQHandler</name>
         <value>0xcaa7</value>
      </symbol>
      <symbol id="sm-c7b">
         <name>DMA_ERR_IRQHandler</name>
         <value>0xcaa7</value>
      </symbol>
      <symbol id="sm-c7c">
         <name>DMA_INT3_IRQHandler</name>
         <value>0xcaa7</value>
      </symbol>
      <symbol id="sm-c7d">
         <name>DMA_INT2_IRQHandler</name>
         <value>0xcaa7</value>
      </symbol>
      <symbol id="sm-c7e">
         <name>DMA_INT1_IRQHandler</name>
         <value>0xcaa7</value>
      </symbol>
      <symbol id="sm-c7f">
         <name>DMA_INT0_IRQHandler</name>
         <value>0xcaa7</value>
      </symbol>
      <symbol id="sm-c80">
         <name>PORT1_IRQHandler</name>
         <value>0xcaa7</value>
      </symbol>
      <symbol id="sm-c81">
         <name>PORT2_IRQHandler</name>
         <value>0xcaa7</value>
      </symbol>
      <symbol id="sm-c82">
         <name>PORT3_IRQHandler</name>
         <value>0xcaa7</value>
      </symbol>
      <symbol id="sm-c83">
         <name>PORT4_IRQHandler</name>
         <value>0xcaa7</value>
      </symbol>
      <symbol id="sm-c84">
         <name>PORT5_IRQHandler</name>
         <value>0xcaa7</value>
      </symbol>
      <symbol id="sm-c85">
         <name>PORT6_IRQHandler</name>
         <value>0xcaa7</value>
      </symbol>
   </symbol_table>
   <title>Link successful</title>
</link_info>
