<?xml version="1.0" encoding="ISO-8859-1" ?>
<link_info>
   <banner>TI ARM Linker PC v20.2.7.LTS</banner>
   <copyright>Copyright (c) 1996-2018 Texas Instruments Incorporated</copyright>
   <link_time>0x63f54106</link_time>
   <link_errors>0x0</link_errors>
   <output_file>spostamento2.out</output_file>
   <entry_point>
      <name>_c_int00_noargs</name>
      <address>0xc5b9</address>
   </entry_point>
   <input_file_list>
      <input_file id="fl-2">
         <path>.\</path>
         <kind>object</kind>
         <file>Crystalfontz128x128_ST7735.obj</file>
         <name>Crystalfontz128x128_ST7735.obj</name>
      </input_file>
      <input_file id="fl-3">
         <path>.\</path>
         <kind>object</kind>
         <file>HAL_I2C.obj</file>
         <name>HAL_I2C.obj</name>
      </input_file>
      <input_file id="fl-4">
         <path>.\</path>
         <kind>object</kind>
         <file>HAL_MSP_EXP432P401R_Crystalfontz128x128_ST7735.obj</file>
         <name>HAL_MSP_EXP432P401R_Crystalfontz128x128_ST7735.obj</name>
      </input_file>
      <input_file id="fl-5">
         <path>.\</path>
         <kind>object</kind>
         <file>HAL_TMP006.obj</file>
         <name>HAL_TMP006.obj</name>
      </input_file>
      <input_file id="fl-6">
         <path>.\</path>
         <kind>object</kind>
         <file>adc.obj</file>
         <name>adc.obj</name>
      </input_file>
      <input_file id="fl-7">
         <path>.\</path>
         <kind>object</kind>
         <file>boo.obj</file>
         <name>boo.obj</name>
      </input_file>
      <input_file id="fl-8">
         <path>.\</path>
         <kind>object</kind>
         <file>buzzer.obj</file>
         <name>buzzer.obj</name>
      </input_file>
      <input_file id="fl-9">
         <path>.\</path>
         <kind>object</kind>
         <file>display.obj</file>
         <name>display.obj</name>
      </input_file>
      <input_file id="fl-a">
         <path>.\</path>
         <kind>object</kind>
         <file>go.obj</file>
         <name>go.obj</name>
      </input_file>
      <input_file id="fl-b">
         <path>.\</path>
         <kind>object</kind>
         <file>goomba.obj</file>
         <name>goomba.obj</name>
      </input_file>
      <input_file id="fl-c">
         <path>.\</path>
         <kind>object</kind>
         <file>led.obj</file>
         <name>led.obj</name>
      </input_file>
      <input_file id="fl-d">
         <path>.\</path>
         <kind>object</kind>
         <file>main.obj</file>
         <name>main.obj</name>
      </input_file>
      <input_file id="fl-e">
         <path>.\</path>
         <kind>object</kind>
         <file>mario.obj</file>
         <name>mario.obj</name>
      </input_file>
      <input_file id="fl-f">
         <path>.\</path>
         <kind>object</kind>
         <file>marioMini.obj</file>
         <name>marioMini.obj</name>
      </input_file>
      <input_file id="fl-10">
         <path>.\</path>
         <kind>object</kind>
         <file>one.obj</file>
         <name>one.obj</name>
      </input_file>
      <input_file id="fl-11">
         <path>.\</path>
         <kind>object</kind>
         <file>sonic.obj</file>
         <name>sonic.obj</name>
      </input_file>
      <input_file id="fl-12">
         <path>.\</path>
         <kind>object</kind>
         <file>sonicMini.obj</file>
         <name>sonicMini.obj</name>
      </input_file>
      <input_file id="fl-13">
         <path>.\</path>
         <kind>object</kind>
         <file>startup_msp432p401r_ccs.obj</file>
         <name>startup_msp432p401r_ccs.obj</name>
      </input_file>
      <input_file id="fl-14">
         <path>.\</path>
         <kind>object</kind>
         <file>system_msp432p401r.obj</file>
         <name>system_msp432p401r.obj</name>
      </input_file>
      <input_file id="fl-15">
         <path>.\</path>
         <kind>object</kind>
         <file>three.obj</file>
         <name>three.obj</name>
      </input_file>
      <input_file id="fl-16">
         <path>.\</path>
         <kind>object</kind>
         <file>timer.obj</file>
         <name>timer.obj</name>
      </input_file>
      <input_file id="fl-17">
         <path>.\</path>
         <kind>object</kind>
         <file>toad.obj</file>
         <name>toad.obj</name>
      </input_file>
      <input_file id="fl-18">
         <path>.\</path>
         <kind>object</kind>
         <file>toadMini.obj</file>
         <name>toadMini.obj</name>
      </input_file>
      <input_file id="fl-19">
         <path>.\</path>
         <kind>object</kind>
         <file>two.obj</file>
         <name>two.obj</name>
      </input_file>
      <input_file id="fl-1a">
         <path>.\</path>
         <kind>object</kind>
         <file>yoshi.obj</file>
         <name>yoshi.obj</name>
      </input_file>
      <input_file id="fl-1b">
         <path>.\</path>
         <kind>object</kind>
         <file>yoshiMini.obj</file>
         <name>yoshiMini.obj</name>
      </input_file>
      <input_file id="fl-21">
         <kind>object</kind>
         <file>&lt;internal&gt;</file>
         <name>&lt;internal&gt;</name>
      </input_file>
      <input_file id="fl-d7">
         <path>D:\Programmi\ti\ccs1210\ccs\tools\compiler\ti-cgt-arm_20.2.7.LTS\lib\</path>
         <kind>archive</kind>
         <file>rtsv7M4_T_le_v4SPD16_eabi.lib</file>
         <name>e_pow.c.obj</name>
      </input_file>
      <input_file id="fl-d8">
         <path>D:\Programmi\ti\ccs1210\ccs\tools\compiler\ti-cgt-arm_20.2.7.LTS\lib\</path>
         <kind>archive</kind>
         <file>rtsv7M4_T_le_v4SPD16_eabi.lib</file>
         <name>e_sqrt.c.obj</name>
      </input_file>
      <input_file id="fl-d9">
         <path>D:\Programmi\ti\ccs1210\ccs\tools\compiler\ti-cgt-arm_20.2.7.LTS\lib\</path>
         <kind>archive</kind>
         <file>rtsv7M4_T_le_v4SPD16_eabi.lib</file>
         <name>s_scalbn.c.obj</name>
      </input_file>
      <input_file id="fl-da">
         <path>D:\Programmi\ti\ccs1210\ccs\tools\compiler\ti-cgt-arm_20.2.7.LTS\lib\</path>
         <kind>archive</kind>
         <file>rtsv7M4_T_le_v4SPD16_eabi.lib</file>
         <name>sprintf.c.obj</name>
      </input_file>
      <input_file id="fl-db">
         <path>D:\Programmi\ti\ccs1210\ccs\tools\compiler\ti-cgt-arm_20.2.7.LTS\lib\</path>
         <kind>archive</kind>
         <file>rtsv7M4_T_le_v4SPD16_eabi.lib</file>
         <name>fd_add_t2.asm.obj</name>
      </input_file>
      <input_file id="fl-dc">
         <path>D:\Programmi\ti\ccs1210\ccs\tools\compiler\ti-cgt-arm_20.2.7.LTS\lib\</path>
         <kind>archive</kind>
         <file>rtsv7M4_T_le_v4SPD16_eabi.lib</file>
         <name>fd_cmp_t2.asm.obj</name>
      </input_file>
      <input_file id="fl-dd">
         <path>D:\Programmi\ti\ccs1210\ccs\tools\compiler\ti-cgt-arm_20.2.7.LTS\lib\</path>
         <kind>archive</kind>
         <file>rtsv7M4_T_le_v4SPD16_eabi.lib</file>
         <name>fd_div_t2.asm.obj</name>
      </input_file>
      <input_file id="fl-de">
         <path>D:\Programmi\ti\ccs1210\ccs\tools\compiler\ti-cgt-arm_20.2.7.LTS\lib\</path>
         <kind>archive</kind>
         <file>rtsv7M4_T_le_v4SPD16_eabi.lib</file>
         <name>fd_mul_t2.asm.obj</name>
      </input_file>
      <input_file id="fl-df">
         <path>D:\Programmi\ti\ccs1210\ccs\tools\compiler\ti-cgt-arm_20.2.7.LTS\lib\</path>
         <kind>archive</kind>
         <file>rtsv7M4_T_le_v4SPD16_eabi.lib</file>
         <name>i_tofd_t2.asm.obj</name>
      </input_file>
      <input_file id="fl-e0">
         <path>D:\Programmi\ti\ccs1210\ccs\tools\compiler\ti-cgt-arm_20.2.7.LTS\lib\</path>
         <kind>archive</kind>
         <file>rtsv7M4_T_le_v4SPD16_eabi.lib</file>
         <name>memcpy_t2.asm.obj</name>
      </input_file>
      <input_file id="fl-e1">
         <path>D:\Programmi\ti\ccs1210\ccs\tools\compiler\ti-cgt-arm_20.2.7.LTS\lib\</path>
         <kind>archive</kind>
         <file>rtsv7M4_T_le_v4SPD16_eabi.lib</file>
         <name>copy_zero_init.c.obj</name>
      </input_file>
      <input_file id="fl-e2">
         <path>D:\Programmi\ti\ccs1210\ccs\tools\compiler\ti-cgt-arm_20.2.7.LTS\lib\</path>
         <kind>archive</kind>
         <file>rtsv7M4_T_le_v4SPD16_eabi.lib</file>
         <name>copy_decompress_none.c.obj</name>
      </input_file>
      <input_file id="fl-e3">
         <path>D:\Programmi\ti\ccs1210\ccs\tools\compiler\ti-cgt-arm_20.2.7.LTS\lib\</path>
         <kind>archive</kind>
         <file>rtsv7M4_T_le_v4SPD16_eabi.lib</file>
         <name>copy_decompress_lzss.c.obj</name>
      </input_file>
      <input_file id="fl-e4">
         <path>D:\Programmi\ti\ccs1210\ccs\tools\compiler\ti-cgt-arm_20.2.7.LTS\lib\</path>
         <kind>archive</kind>
         <file>rtsv7M4_T_le_v4SPD16_eabi.lib</file>
         <name>rand.c.obj</name>
      </input_file>
      <input_file id="fl-e5">
         <path>D:\Programmi\ti\ccs1210\ccs\tools\compiler\ti-cgt-arm_20.2.7.LTS\lib\</path>
         <kind>archive</kind>
         <file>rtsv7M4_T_le_v4SPD16_eabi.lib</file>
         <name>boot_cortex_m.c.obj</name>
      </input_file>
      <input_file id="fl-e6">
         <path>D:\Programmi\ti\ccs1210\ccs\tools\compiler\ti-cgt-arm_20.2.7.LTS\lib\</path>
         <kind>archive</kind>
         <file>rtsv7M4_T_le_v4SPD16_eabi.lib</file>
         <name>errno.c.obj</name>
      </input_file>
      <input_file id="fl-e7">
         <path>D:\Programmi\ti\ccs1210\ccs\tools\compiler\ti-cgt-arm_20.2.7.LTS\lib\</path>
         <kind>archive</kind>
         <file>rtsv7M4_T_le_v4SPD16_eabi.lib</file>
         <name>s_copysign.c.obj</name>
      </input_file>
      <input_file id="fl-e8">
         <path>D:\Programmi\ti\ccs1210\ccs\tools\compiler\ti-cgt-arm_20.2.7.LTS\lib\</path>
         <kind>archive</kind>
         <file>rtsv7M4_T_le_v4SPD16_eabi.lib</file>
         <name>_printfi.c.obj</name>
      </input_file>
      <input_file id="fl-e9">
         <path>D:\Programmi\ti\ccs1210\ccs\tools\compiler\ti-cgt-arm_20.2.7.LTS\lib\</path>
         <kind>archive</kind>
         <file>rtsv7M4_T_le_v4SPD16_eabi.lib</file>
         <name>fd_toi_t2.asm.obj</name>
      </input_file>
      <input_file id="fl-ea">
         <path>D:\Programmi\ti\ccs1210\ccs\tools\compiler\ti-cgt-arm_20.2.7.LTS\lib\</path>
         <kind>archive</kind>
         <file>rtsv7M4_T_le_v4SPD16_eabi.lib</file>
         <name>memset_t2.asm.obj</name>
      </input_file>
      <input_file id="fl-eb">
         <path>D:\Programmi\ti\ccs1210\ccs\tools\compiler\ti-cgt-arm_20.2.7.LTS\lib\</path>
         <kind>archive</kind>
         <file>rtsv7M4_T_le_v4SPD16_eabi.lib</file>
         <name>ull_div_t2.asm.obj</name>
      </input_file>
      <input_file id="fl-ec">
         <path>D:\Programmi\ti\ccs1210\ccs\tools\compiler\ti-cgt-arm_20.2.7.LTS\lib\</path>
         <kind>archive</kind>
         <file>rtsv7M4_T_le_v4SPD16_eabi.lib</file>
         <name>autoinit.c.obj</name>
      </input_file>
      <input_file id="fl-ed">
         <path>D:\Programmi\ti\ccs1210\ccs\tools\compiler\ti-cgt-arm_20.2.7.LTS\lib\</path>
         <kind>archive</kind>
         <file>rtsv7M4_T_le_v4SPD16_eabi.lib</file>
         <name>pre_init.c.obj</name>
      </input_file>
      <input_file id="fl-ee">
         <path>D:\Programmi\ti\ccs1210\ccs\tools\compiler\ti-cgt-arm_20.2.7.LTS\lib\</path>
         <kind>archive</kind>
         <file>rtsv7M4_T_le_v4SPD16_eabi.lib</file>
         <name>cpy_tbl.c.obj</name>
      </input_file>
      <input_file id="fl-ef">
         <path>D:\Programmi\ti\ccs1210\ccs\tools\compiler\ti-cgt-arm_20.2.7.LTS\lib\</path>
         <kind>archive</kind>
         <file>rtsv7M4_T_le_v4SPD16_eabi.lib</file>
         <name>exit.c.obj</name>
      </input_file>
      <input_file id="fl-f0">
         <path>D:\Programmi\ti\ccs1210\ccs\tools\compiler\ti-cgt-arm_20.2.7.LTS\lib\</path>
         <kind>archive</kind>
         <file>rtsv7M4_T_le_v4SPD16_eabi.lib</file>
         <name>_lock.c.obj</name>
      </input_file>
      <input_file id="fl-f1">
         <path>D:\Programmi\ti\ccs1210\ccs\tools\compiler\ti-cgt-arm_20.2.7.LTS\lib\</path>
         <kind>archive</kind>
         <file>rtsv7M4_T_le_v4SPD16_eabi.lib</file>
         <name>_ltoa.c.obj</name>
      </input_file>
      <input_file id="fl-f2">
         <path>D:\Programmi\ti\ccs1210\ccs\tools\compiler\ti-cgt-arm_20.2.7.LTS\lib\</path>
         <kind>archive</kind>
         <file>rtsv7M4_T_le_v4SPD16_eabi.lib</file>
         <name>args_main.c.obj</name>
      </input_file>
      <input_file id="fl-f3">
         <path>D:\Programmi\ti\ccs1210\ccs\tools\compiler\ti-cgt-arm_20.2.7.LTS\lib\</path>
         <kind>archive</kind>
         <file>rtsv7M4_T_le_v4SPD16_eabi.lib</file>
         <name>atoi.c.obj</name>
      </input_file>
      <input_file id="fl-f4">
         <path>D:\Programmi\ti\ccs1210\ccs\tools\compiler\ti-cgt-arm_20.2.7.LTS\lib\</path>
         <kind>archive</kind>
         <file>rtsv7M4_T_le_v4SPD16_eabi.lib</file>
         <name>ctype.c.obj</name>
      </input_file>
      <input_file id="fl-f5">
         <path>D:\Programmi\ti\ccs1210\ccs\tools\compiler\ti-cgt-arm_20.2.7.LTS\lib\</path>
         <kind>archive</kind>
         <file>rtsv7M4_T_le_v4SPD16_eabi.lib</file>
         <name>memccpy.c.obj</name>
      </input_file>
      <input_file id="fl-f6">
         <path>D:\Programmi\ti\ccs1210\ccs\tools\compiler\ti-cgt-arm_20.2.7.LTS\lib\</path>
         <kind>archive</kind>
         <file>rtsv7M4_T_le_v4SPD16_eabi.lib</file>
         <name>strchr.c.obj</name>
      </input_file>
      <input_file id="fl-f7">
         <path>D:\Programmi\ti\ccs1210\ccs\tools\compiler\ti-cgt-arm_20.2.7.LTS\lib\</path>
         <kind>archive</kind>
         <file>rtsv7M4_T_le_v4SPD16_eabi.lib</file>
         <name>strlen.c.obj</name>
      </input_file>
      <input_file id="fl-f8">
         <path>D:\Programmi\ti\ccs1210\ccs\tools\compiler\ti-cgt-arm_20.2.7.LTS\lib\</path>
         <kind>archive</kind>
         <file>rtsv7M4_T_le_v4SPD16_eabi.lib</file>
         <name>wcslen.c.obj</name>
      </input_file>
      <input_file id="fl-f9">
         <path>D:\Programmi\ti\ccs1210\ccs\tools\compiler\ti-cgt-arm_20.2.7.LTS\lib\</path>
         <kind>archive</kind>
         <file>rtsv7M4_T_le_v4SPD16_eabi.lib</file>
         <name>s_frexp.c.obj</name>
      </input_file>
      <input_file id="fl-fa">
         <path>D:\Programmi\ti\ccs1210\ccs\tools\compiler\ti-cgt-arm_20.2.7.LTS\lib\</path>
         <kind>archive</kind>
         <file>rtsv7M4_T_le_v4SPD16_eabi.lib</file>
         <name>div0.asm.obj</name>
      </input_file>
      <input_file id="fl-fb">
         <path>D:\Programmi\simplelink_msp432p4_sdk_3_40_01_02\source\ti\devices\msp432p4xx\driverlib\ccs\</path>
         <kind>archive</kind>
         <file>msp432p4xx_driverlib.lib</file>
         <name>adc14.o</name>
      </input_file>
      <input_file id="fl-fc">
         <path>D:\Programmi\simplelink_msp432p4_sdk_3_40_01_02\source\ti\devices\msp432p4xx\driverlib\ccs\</path>
         <kind>archive</kind>
         <file>msp432p4xx_driverlib.lib</file>
         <name>cs.o</name>
      </input_file>
      <input_file id="fl-fd">
         <path>D:\Programmi\simplelink_msp432p4_sdk_3_40_01_02\source\ti\devices\msp432p4xx\driverlib\ccs\</path>
         <kind>archive</kind>
         <file>msp432p4xx_driverlib.lib</file>
         <name>flash.o</name>
      </input_file>
      <input_file id="fl-fe">
         <path>D:\Programmi\simplelink_msp432p4_sdk_3_40_01_02\source\ti\devices\msp432p4xx\driverlib\ccs\</path>
         <kind>archive</kind>
         <file>msp432p4xx_driverlib.lib</file>
         <name>gpio.o</name>
      </input_file>
      <input_file id="fl-ff">
         <path>D:\Programmi\simplelink_msp432p4_sdk_3_40_01_02\source\ti\devices\msp432p4xx\driverlib\ccs\</path>
         <kind>archive</kind>
         <file>msp432p4xx_driverlib.lib</file>
         <name>i2c.o</name>
      </input_file>
      <input_file id="fl-100">
         <path>D:\Programmi\simplelink_msp432p4_sdk_3_40_01_02\source\ti\devices\msp432p4xx\driverlib\ccs\</path>
         <kind>archive</kind>
         <file>msp432p4xx_driverlib.lib</file>
         <name>interrupt.o</name>
      </input_file>
      <input_file id="fl-101">
         <path>D:\Programmi\simplelink_msp432p4_sdk_3_40_01_02\source\ti\devices\msp432p4xx\driverlib\ccs\</path>
         <kind>archive</kind>
         <file>msp432p4xx_driverlib.lib</file>
         <name>pcm.o</name>
      </input_file>
      <input_file id="fl-102">
         <path>D:\Programmi\simplelink_msp432p4_sdk_3_40_01_02\source\ti\devices\msp432p4xx\driverlib\ccs\</path>
         <kind>archive</kind>
         <file>msp432p4xx_driverlib.lib</file>
         <name>rtc_c.o</name>
      </input_file>
      <input_file id="fl-103">
         <path>D:\Programmi\simplelink_msp432p4_sdk_3_40_01_02\source\ti\devices\msp432p4xx\driverlib\ccs\</path>
         <kind>archive</kind>
         <file>msp432p4xx_driverlib.lib</file>
         <name>spi.o</name>
      </input_file>
      <input_file id="fl-104">
         <path>D:\Programmi\simplelink_msp432p4_sdk_3_40_01_02\source\ti\devices\msp432p4xx\driverlib\ccs\</path>
         <kind>archive</kind>
         <file>msp432p4xx_driverlib.lib</file>
         <name>sysctl.o</name>
      </input_file>
      <input_file id="fl-105">
         <path>D:\Programmi\simplelink_msp432p4_sdk_3_40_01_02\source\ti\devices\msp432p4xx\driverlib\ccs\</path>
         <kind>archive</kind>
         <file>msp432p4xx_driverlib.lib</file>
         <name>sysctl_a.o</name>
      </input_file>
      <input_file id="fl-106">
         <path>D:\Programmi\simplelink_msp432p4_sdk_3_40_01_02\source\ti\devices\msp432p4xx\driverlib\ccs\</path>
         <kind>archive</kind>
         <file>msp432p4xx_driverlib.lib</file>
         <name>timer_a.o</name>
      </input_file>
      <input_file id="fl-107">
         <path>D:\Programmi\simplelink_msp432p4_sdk_3_40_01_02\source\ti\devices\msp432p4xx\driverlib\ccs\</path>
         <kind>archive</kind>
         <file>msp432p4xx_driverlib.lib</file>
         <name>wdt_a.o</name>
      </input_file>
      <input_file id="fl-108">
         <path>D:\Programmi\simplelink_msp432p4_sdk_3_40_01_02\source\ti\devices\msp432p4xx\driverlib\ccs\</path>
         <kind>archive</kind>
         <file>msp432p4xx_driverlib.lib</file>
         <name>cpu.o</name>
      </input_file>
      <input_file id="fl-109">
         <path>D:\Programmi\simplelink_msp432p4_sdk_3_40_01_02\source\ti\grlib\lib\ccs\m4f\</path>
         <kind>archive</kind>
         <file>grlib.a</file>
         <name>context.obj</name>
      </input_file>
      <input_file id="fl-10a">
         <path>D:\Programmi\simplelink_msp432p4_sdk_3_40_01_02\source\ti\grlib\lib\ccs\m4f\</path>
         <kind>archive</kind>
         <file>grlib.a</file>
         <name>display.obj</name>
      </input_file>
      <input_file id="fl-10b">
         <path>D:\Programmi\simplelink_msp432p4_sdk_3_40_01_02\source\ti\grlib\lib\ccs\m4f\</path>
         <kind>archive</kind>
         <file>grlib.a</file>
         <name>fontcmss12.obj</name>
      </input_file>
      <input_file id="fl-10c">
         <path>D:\Programmi\simplelink_msp432p4_sdk_3_40_01_02\source\ti\grlib\lib\ccs\m4f\</path>
         <kind>archive</kind>
         <file>grlib.a</file>
         <name>fontcmss16b.obj</name>
      </input_file>
      <input_file id="fl-10d">
         <path>D:\Programmi\simplelink_msp432p4_sdk_3_40_01_02\source\ti\grlib\lib\ccs\m4f\</path>
         <kind>archive</kind>
         <file>grlib.a</file>
         <name>image.obj</name>
      </input_file>
      <input_file id="fl-10e">
         <path>D:\Programmi\simplelink_msp432p4_sdk_3_40_01_02\source\ti\grlib\lib\ccs\m4f\</path>
         <kind>archive</kind>
         <file>grlib.a</file>
         <name>string.obj</name>
      </input_file>
      <input_file id="fl-10f">
         <path>D:\Programmi\simplelink_msp432p4_sdk_3_40_01_02\source\ti\grlib\lib\ccs\m4f\</path>
         <kind>archive</kind>
         <file>grlib.a</file>
         <name>line.obj</name>
      </input_file>
   </input_file_list>
   <object_component_list>
      <object_component id="oc-26">
         <name>.intvecs:retain</name>
         <load_address>0x0</load_address>
         <run_address>0x0</run_address>
         <size>0xe4</size>
         <input_file_ref idref="fl-13"/>
      </object_component>
      <object_component id="oc-6d">
         <name>.text</name>
         <load_address>0x7984</load_address>
         <run_address>0x7984</run_address>
         <size>0xa88</size>
         <input_file_ref idref="fl-d"/>
      </object_component>
      <object_component id="oc-2d9">
         <name>.text:__TI_printfi</name>
         <load_address>0x840c</load_address>
         <run_address>0x840c</run_address>
         <size>0xa4e</size>
         <input_file_ref idref="fl-e8"/>
      </object_component>
      <object_component id="oc-4fb">
         <name>.text:_nop</name>
         <load_address>0x8e5a</load_address>
         <run_address>0x8e5a</run_address>
         <size>0x2</size>
         <input_file_ref idref="fl-f0"/>
      </object_component>
      <object_component id="oc-202">
         <name>.text</name>
         <load_address>0x8e5c</load_address>
         <run_address>0x8e5c</run_address>
         <size>0x680</size>
         <input_file_ref idref="fl-2"/>
      </object_component>
      <object_component id="oc-2d1">
         <name>.text:Graphics_drawString</name>
         <load_address>0x94dc</load_address>
         <run_address>0x94dc</run_address>
         <size>0x47e</size>
         <input_file_ref idref="fl-10e"/>
      </object_component>
      <object_component id="oc-ac">
         <name>.text:Graphics_drawImage</name>
         <load_address>0x995a</load_address>
         <run_address>0x995a</run_address>
         <size>0x390</size>
         <input_file_ref idref="fl-10d"/>
      </object_component>
      <object_component id="oc-64a">
         <name>.text</name>
         <load_address>0x9cea</load_address>
         <run_address>0x9cea</run_address>
         <size>0x2</size>
         <input_file_ref idref="fl-fa"/>
      </object_component>
      <object_component id="oc-a5">
         <name>.text</name>
         <load_address>0x9cec</load_address>
         <run_address>0x9cec</run_address>
         <size>0x334</size>
         <input_file_ref idref="fl-14"/>
      </object_component>
      <object_component id="oc-489">
         <name>.text:_pconv_a</name>
         <load_address>0xa020</load_address>
         <run_address>0xa020</run_address>
         <size>0x270</size>
         <input_file_ref idref="fl-e8"/>
      </object_component>
      <object_component id="oc-477">
         <name>.text:_pconv_g</name>
         <load_address>0xa290</load_address>
         <run_address>0xa290</run_address>
         <size>0x1d0</size>
         <input_file_ref idref="fl-e8"/>
      </object_component>
      <object_component id="oc-5b6">
         <name>.text</name>
         <load_address>0xa460</load_address>
         <run_address>0xa460</run_address>
         <size>0x1b6</size>
         <input_file_ref idref="fl-db"/>
      </object_component>
      <object_component id="oc-394">
         <name>.text:_getIndexForMemRegister</name>
         <load_address>0xa618</load_address>
         <run_address>0xa618</run_address>
         <size>0x160</size>
         <input_file_ref idref="fl-fb"/>
      </object_component>
      <object_component id="oc-60b">
         <name>.text:__PCM_setPowerModeAdvanced</name>
         <load_address>0xa778</load_address>
         <run_address>0xa778</run_address>
         <size>0x15c</size>
         <input_file_ref idref="fl-101"/>
      </object_component>
      <object_component id="oc-409">
         <name>.text:privateTimer_AProcessClockSourceDivider</name>
         <load_address>0xa8d4</load_address>
         <run_address>0xa8d4</run_address>
         <size>0x144</size>
         <input_file_ref idref="fl-106"/>
      </object_component>
      <object_component id="oc-483">
         <name>.text:_pconv_e</name>
         <load_address>0xaa18</load_address>
         <run_address>0xaa18</run_address>
         <size>0x13c</size>
         <input_file_ref idref="fl-e8"/>
      </object_component>
      <object_component id="oc-59c">
         <name>.text</name>
         <load_address>0xab54</load_address>
         <run_address>0xab54</run_address>
         <size>0x136</size>
         <input_file_ref idref="fl-dd"/>
      </object_component>
      <object_component id="oc-5c8">
         <name>.text:fcvt</name>
         <load_address>0xac8c</load_address>
         <run_address>0xac8c</run_address>
         <size>0x124</size>
         <input_file_ref idref="fl-e8"/>
      </object_component>
      <object_component id="oc-5dc">
         <name>.text:scalbn</name>
         <load_address>0xadb0</load_address>
         <run_address>0xadb0</run_address>
         <size>0x110</size>
         <input_file_ref idref="fl-d9"/>
      </object_component>
      <object_component id="oc-d0">
         <name>.text</name>
         <load_address>0xaec0</load_address>
         <run_address>0xaec0</run_address>
         <size>0x10c</size>
         <input_file_ref idref="fl-c"/>
      </object_component>
      <object_component id="oc-305">
         <name>.text:__PCM_setCoreVoltageLevelAdvanced</name>
         <load_address>0xafcc</load_address>
         <run_address>0xafcc</run_address>
         <size>0x108</size>
         <input_file_ref idref="fl-101"/>
      </object_component>
      <object_component id="oc-597">
         <name>.text</name>
         <load_address>0xb0d4</load_address>
         <run_address>0xb0d4</run_address>
         <size>0xfc</size>
         <input_file_ref idref="fl-de"/>
      </object_component>
      <object_component id="oc-2cb">
         <name>.text:Graphics_getStringWidth</name>
         <load_address>0xb1d0</load_address>
         <run_address>0xb1d0</run_address>
         <size>0xfa</size>
         <input_file_ref idref="fl-10e"/>
      </object_component>
      <object_component id="oc-3e5">
         <name>.text</name>
         <load_address>0xb2cc</load_address>
         <run_address>0xb2cc</run_address>
         <size>0xcc</size>
         <input_file_ref idref="fl-4"/>
      </object_component>
      <object_component id="oc-b8">
         <name>.text</name>
         <load_address>0xb398</load_address>
         <run_address>0xb398</run_address>
         <size>0xcc</size>
         <input_file_ref idref="fl-9"/>
      </object_component>
      <object_component id="oc-326">
         <name>.text:ADC14_configureConversionMemory</name>
         <load_address>0xb464</load_address>
         <run_address>0xb464</run_address>
         <size>0xb4</size>
         <input_file_ref idref="fl-fb"/>
      </object_component>
      <object_component id="oc-320">
         <name>.text:ADC14_configureMultiSequenceMode</name>
         <load_address>0xb518</load_address>
         <run_address>0xb518</run_address>
         <size>0xb4</size>
         <input_file_ref idref="fl-fb"/>
      </object_component>
      <object_component id="oc-46c">
         <name>.text:_ltostr</name>
         <load_address>0xb5cc</load_address>
         <run_address>0xb5cc</run_address>
         <size>0xb1</size>
         <input_file_ref idref="fl-e8"/>
      </object_component>
      <object_component id="oc-53f">
         <name>.text:SPI_initMaster</name>
         <load_address>0xb67e</load_address>
         <run_address>0xb67e</run_address>
         <size>0xb0</size>
         <input_file_ref idref="fl-103"/>
      </object_component>
      <object_component id="oc-457">
         <name>.text:Graphics_drawLineH</name>
         <load_address>0xb72e</load_address>
         <run_address>0xb72e</run_address>
         <size>0x9c</size>
         <input_file_ref idref="fl-10f"/>
      </object_component>
      <object_component id="oc-37">
         <name>.text</name>
         <load_address>0xb7ca</load_address>
         <run_address>0xb7ca</run_address>
         <size>0x9c</size>
         <input_file_ref idref="fl-e0"/>
      </object_component>
      <object_component id="oc-590">
         <name>.text</name>
         <load_address>0xb866</load_address>
         <run_address>0xb866</run_address>
         <size>0x96</size>
         <input_file_ref idref="fl-eb"/>
      </object_component>
      <object_component id="oc-30e">
         <name>.text:GPIO_setAsPeripheralModuleFunctionInputPin</name>
         <load_address>0xb8fc</load_address>
         <run_address>0xb8fc</run_address>
         <size>0x88</size>
         <input_file_ref idref="fl-fe"/>
      </object_component>
      <object_component id="oc-230">
         <name>.text:GPIO_setAsPeripheralModuleFunctionOutputPin</name>
         <load_address>0xb984</load_address>
         <run_address>0xb984</run_address>
         <size>0x88</size>
         <input_file_ref idref="fl-fe"/>
      </object_component>
      <object_component id="oc-472">
         <name>.text:__aeabi_cdcmple</name>
         <load_address>0xba0c</load_address>
         <run_address>0xba0c</run_address>
         <size>0x86</size>
         <input_file_ref idref="fl-dc"/>
      </object_component>
      <object_component id="oc-5a1">
         <name>.text:__aeabi_cdrcmple</name>
         <load_address>0xba92</load_address>
         <run_address>0xba92</run_address>
         <size>0x86</size>
         <input_file_ref idref="fl-dc"/>
      </object_component>
      <object_component id="oc-332">
         <name>.text:Interrupt_enableInterrupt</name>
         <load_address>0xbb18</load_address>
         <run_address>0xbb18</run_address>
         <size>0x80</size>
         <input_file_ref idref="fl-100"/>
      </object_component>
      <object_component id="oc-8d">
         <name>.text</name>
         <load_address>0xbb98</load_address>
         <run_address>0xbb98</run_address>
         <size>0x7a</size>
         <input_file_ref idref="fl-ea"/>
      </object_component>
      <object_component id="oc-138">
         <name>.text</name>
         <load_address>0xbc12</load_address>
         <run_address>0xbc12</run_address>
         <size>0x76</size>
         <input_file_ref idref="fl-6"/>
      </object_component>
      <object_component id="oc-5c1">
         <name>.text:_mcpy</name>
         <load_address>0xbc88</load_address>
         <run_address>0xbc88</run_address>
         <size>0x6e</size>
         <input_file_ref idref="fl-e8"/>
      </object_component>
      <object_component id="oc-1e7">
         <name>.text:Graphics_convertPalette</name>
         <load_address>0xbcf8</load_address>
         <run_address>0xbcf8</run_address>
         <size>0x6c</size>
         <input_file_ref idref="fl-10d"/>
      </object_component>
      <object_component id="oc-236">
         <name>.text:Timer_A_configureUpMode</name>
         <load_address>0xbd64</load_address>
         <run_address>0xbd64</run_address>
         <size>0x68</size>
         <input_file_ref idref="fl-106"/>
      </object_component>
      <object_component id="oc-17">
         <name>.text:decompress:lzss:__TI_decompress_lzss</name>
         <load_address>0xbdcc</load_address>
         <run_address>0xbdcc</run_address>
         <size>0x68</size>
         <input_file_ref idref="fl-e3"/>
      </object_component>
      <object_component id="oc-5d6">
         <name>.text:frexp</name>
         <load_address>0xbe34</load_address>
         <run_address>0xbe34</run_address>
         <size>0x64</size>
         <input_file_ref idref="fl-f9"/>
      </object_component>
      <object_component id="oc-c4">
         <name>.text</name>
         <load_address>0xbe98</load_address>
         <run_address>0xbe98</run_address>
         <size>0x60</size>
         <input_file_ref idref="fl-8"/>
      </object_component>
      <object_component id="oc-4c3">
         <name>.text:PCM_getCoreVoltageLevel</name>
         <load_address>0xbef8</load_address>
         <run_address>0xbef8</run_address>
         <size>0x5e</size>
         <input_file_ref idref="fl-101"/>
      </object_component>
      <object_component id="oc-4bd">
         <name>.text:PCM_getPowerMode</name>
         <load_address>0xbf56</load_address>
         <run_address>0xbf56</run_address>
         <size>0x5a</size>
         <input_file_ref idref="fl-101"/>
      </object_component>
      <object_component id="oc-47d">
         <name>.text:_pconv_f</name>
         <load_address>0xbfb0</load_address>
         <run_address>0xbfb0</run_address>
         <size>0x56</size>
         <input_file_ref idref="fl-e8"/>
      </object_component>
      <object_component id="oc-31a">
         <name>.text:ADC14_initModule</name>
         <load_address>0xc008</load_address>
         <run_address>0xc008</run_address>
         <size>0x54</size>
         <input_file_ref idref="fl-fb"/>
      </object_component>
      <object_component id="oc-5ab">
         <name>.text:__TI_ltoa</name>
         <load_address>0xc05c</load_address>
         <run_address>0xc05c</run_address>
         <size>0x54</size>
         <input_file_ref idref="fl-f1"/>
      </object_component>
      <object_component id="oc-208">
         <name>.text:Graphics_initContext</name>
         <load_address>0xc0b0</load_address>
         <run_address>0xc0b0</run_address>
         <size>0x52</size>
         <input_file_ref idref="fl-109"/>
      </object_component>
      <object_component id="oc-5bb">
         <name>.text:_ecpy</name>
         <load_address>0xc102</load_address>
         <run_address>0xc102</run_address>
         <size>0x52</size>
         <input_file_ref idref="fl-e8"/>
      </object_component>
      <object_component id="oc-23c">
         <name>.text:Timer_A_initCompare</name>
         <load_address>0xc154</load_address>
         <run_address>0xc154</run_address>
         <size>0x4e</size>
         <input_file_ref idref="fl-106"/>
      </object_component>
      <object_component id="oc-466">
         <name>.text:atoi</name>
         <load_address>0xc1a4</load_address>
         <run_address>0xc1a4</run_address>
         <size>0x4c</size>
         <input_file_ref idref="fl-f3"/>
      </object_component>
      <object_component id="oc-13e">
         <name>.text</name>
         <load_address>0xc1f0</load_address>
         <run_address>0xc1f0</run_address>
         <size>0x4c</size>
         <input_file_ref idref="fl-16"/>
      </object_component>
      <object_component id="oc-12c">
         <name>.text:FlashCtl_setWaitState</name>
         <load_address>0xc23c</load_address>
         <run_address>0xc23c</run_address>
         <size>0x48</size>
         <input_file_ref idref="fl-fd"/>
      </object_component>
      <object_component id="oc-10d">
         <name>.text:Graphics_drawStringCentered</name>
         <load_address>0xc284</load_address>
         <run_address>0xc284</run_address>
         <size>0x48</size>
         <input_file_ref idref="fl-10e"/>
      </object_component>
      <object_component id="oc-5a6">
         <name>.text</name>
         <load_address>0xc2cc</load_address>
         <run_address>0xc2cc</run_address>
         <size>0x48</size>
         <input_file_ref idref="fl-e9"/>
      </object_component>
      <object_component id="oc-1ed">
         <name>.text:Graphics_drawMultiplePixelsOnDisplay</name>
         <load_address>0xc314</load_address>
         <run_address>0xc314</run_address>
         <size>0x46</size>
         <input_file_ref idref="fl-10a"/>
      </object_component>
      <object_component id="oc-1b1">
         <name>.text:__TI_auto_init_nobinit_nopinit:__TI_auto_init_nobinit_nopinit</name>
         <load_address>0xc35c</load_address>
         <run_address>0xc35c</run_address>
         <size>0x44</size>
         <input_file_ref idref="fl-ec"/>
      </object_component>
      <object_component id="oc-257">
         <name>.text:GPIO_setAsOutputPin</name>
         <load_address>0xc3a0</load_address>
         <run_address>0xc3a0</run_address>
         <size>0x40</size>
         <input_file_ref idref="fl-fe"/>
      </object_component>
      <object_component id="oc-451">
         <name>.text:Graphics_getNumberOfLeadingZeros</name>
         <load_address>0xc3e0</load_address>
         <run_address>0xc3e0</run_address>
         <size>0x40</size>
         <input_file_ref idref="fl-10e"/>
      </object_component>
      <object_component id="oc-628">
         <name>.text:is_A_Module</name>
         <load_address>0xc420</load_address>
         <run_address>0xc420</run_address>
         <size>0x40</size>
         <input_file_ref idref="fl-103"/>
      </object_component>
      <object_component id="oc-113">
         <name>.text:sprintf</name>
         <load_address>0xc460</load_address>
         <run_address>0xc460</run_address>
         <size>0x40</size>
         <input_file_ref idref="fl-da"/>
      </object_component>
      <object_component id="oc-5ce">
         <name>.text:_fcpy</name>
         <load_address>0xc4a0</load_address>
         <run_address>0xc4a0</run_address>
         <size>0x3e</size>
         <input_file_ref idref="fl-e8"/>
      </object_component>
      <object_component id="oc-169">
         <name>.text:ADC14_getEnabledInterruptStatus</name>
         <load_address>0xc4e0</load_address>
         <run_address>0xc4e0</run_address>
         <size>0x38</size>
         <input_file_ref idref="fl-fb"/>
      </object_component>
      <object_component id="oc-581">
         <name>.text:Graphics_drawHorizontalLineOnDisplay</name>
         <load_address>0xc518</load_address>
         <run_address>0xc518</run_address>
         <size>0x36</size>
         <input_file_ref idref="fl-10a"/>
      </object_component>
      <object_component id="oc-33e">
         <name>.text:ADC14_enableSampleTimer</name>
         <load_address>0xc550</load_address>
         <run_address>0xc550</run_address>
         <size>0x34</size>
         <input_file_ref idref="fl-fb"/>
      </object_component>
      <object_component id="oc-132">
         <name>.text:CS_setDCOCenteredFrequency</name>
         <load_address>0xc584</load_address>
         <run_address>0xc584</run_address>
         <size>0x34</size>
         <input_file_ref idref="fl-fc"/>
      </object_component>
      <object_component id="oc-55">
         <name>.text:_c_int00_noargs:_c_int00_noargs</name>
         <load_address>0xc5b8</load_address>
         <run_address>0xc5b8</run_address>
         <size>0x34</size>
         <input_file_ref idref="fl-e5"/>
      </object_component>
      <object_component id="oc-147">
         <name>.text:rand</name>
         <load_address>0xc5ec</load_address>
         <run_address>0xc5ec</run_address>
         <size>0x34</size>
         <input_file_ref idref="fl-e4"/>
      </object_component>
      <object_component id="oc-16f">
         <name>.text:ADC14_clearInterruptFlag</name>
         <load_address>0xc620</load_address>
         <run_address>0xc620</run_address>
         <size>0x30</size>
         <input_file_ref idref="fl-fb"/>
      </object_component>
      <object_component id="oc-32c">
         <name>.text:ADC14_enableInterrupt</name>
         <load_address>0xc650</load_address>
         <run_address>0xc650</run_address>
         <size>0x30</size>
         <input_file_ref idref="fl-fb"/>
      </object_component>
      <object_component id="oc-5b1">
         <name>.text</name>
         <load_address>0xc680</load_address>
         <run_address>0xc680</run_address>
         <size>0x2e</size>
         <input_file_ref idref="fl-df"/>
      </object_component>
      <object_component id="oc-38c">
         <name>.text:ADC14_getInterruptStatus</name>
         <load_address>0xc6b0</load_address>
         <run_address>0xc6b0</run_address>
         <size>0x2c</size>
         <input_file_ref idref="fl-fb"/>
      </object_component>
      <object_component id="oc-160">
         <name>.text:ADC14_toggleConversionTrigger</name>
         <load_address>0xc6dc</load_address>
         <run_address>0xc6dc</run_address>
         <size>0x2c</size>
         <input_file_ref idref="fl-fb"/>
      </object_component>
      <object_component id="oc-1f3">
         <name>.text:Graphics_drawPixelOnDisplay</name>
         <load_address>0xc708</load_address>
         <run_address>0xc708</run_address>
         <size>0x2c</size>
         <input_file_ref idref="fl-10a"/>
      </object_component>
      <object_component id="oc-15a">
         <name>.text:Timer_A_clearCaptureCompareInterrupt</name>
         <load_address>0xc734</load_address>
         <run_address>0xc734</run_address>
         <size>0x2c</size>
         <input_file_ref idref="fl-106"/>
      </object_component>
      <object_component id="oc-344">
         <name>.text:ADC14_enableConversion</name>
         <load_address>0xc760</load_address>
         <run_address>0xc760</run_address>
         <size>0x28</size>
         <input_file_ref idref="fl-fb"/>
      </object_component>
      <object_component id="oc-175">
         <name>.text:ADC14_getResult</name>
         <load_address>0xc788</load_address>
         <run_address>0xc788</run_address>
         <size>0x28</size>
         <input_file_ref idref="fl-fb"/>
      </object_component>
      <object_component id="oc-d6">
         <name>.text:GPIO_setOutputHighOnPin</name>
         <load_address>0xc7b0</load_address>
         <run_address>0xc7b0</run_address>
         <size>0x28</size>
         <input_file_ref idref="fl-fe"/>
      </object_component>
      <object_component id="oc-251">
         <name>.text:GPIO_setOutputLowOnPin</name>
         <load_address>0xc7d8</load_address>
         <run_address>0xc7d8</run_address>
         <size>0x28</size>
         <input_file_ref idref="fl-fe"/>
      </object_component>
      <object_component id="oc-150">
         <name>.text:PCM_gotoLPM0</name>
         <load_address>0xc800</load_address>
         <run_address>0xc800</run_address>
         <size>0x28</size>
         <input_file_ref idref="fl-101"/>
      </object_component>
      <object_component id="oc-120">
         <name>.text:WDT_A_holdTimer</name>
         <load_address>0xc828</load_address>
         <run_address>0xc828</run_address>
         <size>0x24</size>
         <input_file_ref idref="fl-107"/>
      </object_component>
      <object_component id="oc-b2">
         <name>.text:Graphics_fillRectangleOnDisplay</name>
         <load_address>0xc84c</load_address>
         <run_address>0xc84c</run_address>
         <size>0x1e</size>
         <input_file_ref idref="fl-10a"/>
      </object_component>
      <object_component id="oc-545">
         <name>.text:SPI_enableModule</name>
         <load_address>0xc86a</load_address>
         <run_address>0xc86a</run_address>
         <size>0x1c</size>
         <input_file_ref idref="fl-103"/>
      </object_component>
      <object_component id="oc-48f">
         <name>.text:memccpy</name>
         <load_address>0xc886</load_address>
         <run_address>0xc886</run_address>
         <size>0x1c</size>
         <input_file_ref idref="fl-f5"/>
      </object_component>
      <object_component id="oc-249">
         <name>.text:Graphics_clearDisplayOnDisplay</name>
         <load_address>0xc8a2</load_address>
         <run_address>0xc8a2</run_address>
         <size>0x1a</size>
         <input_file_ref idref="fl-10a"/>
      </object_component>
      <object_component id="oc-214">
         <name>.text:Graphics_setBackgroundColor</name>
         <load_address>0xc8bc</load_address>
         <run_address>0xc8bc</run_address>
         <size>0x1a</size>
         <input_file_ref idref="fl-109"/>
      </object_component>
      <object_component id="oc-21a">
         <name>.text:Graphics_setFont</name>
         <load_address>0xc8d6</load_address>
         <run_address>0xc8d6</run_address>
         <size>0x1a</size>
         <input_file_ref idref="fl-109"/>
      </object_component>
      <object_component id="oc-663">
         <name>.text:copysign</name>
         <load_address>0xc8f0</load_address>
         <run_address>0xc8f0</run_address>
         <size>0x1a</size>
         <input_file_ref idref="fl-e7"/>
      </object_component>
      <object_component id="oc-2df">
         <name>.text:_outs</name>
         <load_address>0xc90a</load_address>
         <run_address>0xc90a</run_address>
         <size>0x18</size>
         <input_file_ref idref="fl-da"/>
      </object_component>
      <object_component id="oc-630">
         <name>.text:EUSCI_A_SPI_enable</name>
         <load_address>0xc922</load_address>
         <run_address>0xc922</run_address>
         <size>0x16</size>
         <input_file_ref idref="fl-103"/>
      </object_component>
      <object_component id="oc-636">
         <name>.text:EUSCI_B_SPI_enable</name>
         <load_address>0xc938</load_address>
         <run_address>0xc938</run_address>
         <size>0x16</size>
         <input_file_ref idref="fl-103"/>
      </object_component>
      <object_component id="oc-20e">
         <name>.text:Graphics_setForegroundColor</name>
         <load_address>0xc94e</load_address>
         <run_address>0xc94e</run_address>
         <size>0x16</size>
         <input_file_ref idref="fl-109"/>
      </object_component>
      <object_component id="oc-3c6">
         <name>.text:Graphics_translateColorOnDisplay</name>
         <load_address>0xc964</load_address>
         <run_address>0xc964</run_address>
         <size>0x16</size>
         <input_file_ref idref="fl-10a"/>
      </object_component>
      <object_component id="oc-be">
         <name>.text:Timer_A_startCounter</name>
         <load_address>0xc97a</load_address>
         <run_address>0xc97a</run_address>
         <size>0x16</size>
         <input_file_ref idref="fl-106"/>
      </object_component>
      <object_component id="oc-5e2">
         <name>.text:strchr</name>
         <load_address>0xc990</load_address>
         <run_address>0xc990</run_address>
         <size>0x16</size>
         <input_file_ref idref="fl-f6"/>
      </object_component>
      <object_component id="oc-4c9">
         <name>.text:PCM_getPowerState</name>
         <load_address>0xc9a8</load_address>
         <run_address>0xc9a8</run_address>
         <size>0x14</size>
         <input_file_ref idref="fl-101"/>
      </object_component>
      <object_component id="oc-107">
         <name>.text:Timer_A_stopTimer</name>
         <load_address>0xc9bc</load_address>
         <run_address>0xc9bc</run_address>
         <size>0x14</size>
         <input_file_ref idref="fl-106"/>
      </object_component>
      <object_component id="oc-460">
         <name>.text:strlen</name>
         <load_address>0xc9d0</load_address>
         <run_address>0xc9d0</run_address>
         <size>0x14</size>
         <input_file_ref idref="fl-f7"/>
      </object_component>
      <object_component id="oc-ca">
         <name>.text:Graphics_clearDisplay</name>
         <load_address>0xc9e4</load_address>
         <run_address>0xc9e4</run_address>
         <size>0x12</size>
         <input_file_ref idref="fl-109"/>
      </object_component>
      <object_component id="oc-495">
         <name>.text:wcslen</name>
         <load_address>0xc9f6</load_address>
         <run_address>0xc9f6</run_address>
         <size>0x12</size>
         <input_file_ref idref="fl-f8"/>
      </object_component>
      <object_component id="oc-4d8">
         <name>.text:ADCIsConversionRunning</name>
         <load_address>0xca08</load_address>
         <run_address>0xca08</run_address>
         <size>0x10</size>
         <input_file_ref idref="fl-fb"/>
      </object_component>
      <object_component id="oc-338">
         <name>.text:Interrupt_enableMaster</name>
         <load_address>0xca18</load_address>
         <run_address>0xca18</run_address>
         <size>0x10</size>
         <input_file_ref idref="fl-100"/>
      </object_component>
      <object_component id="oc-34b">
         <name>.text:Interrupt_enableSleepOnIsrExit</name>
         <load_address>0xca28</load_address>
         <run_address>0xca28</run_address>
         <size>0x10</size>
         <input_file_ref idref="fl-100"/>
      </object_component>
      <object_component id="oc-126">
         <name>.text:PCM_setCoreVoltageLevel</name>
         <load_address>0xca38</load_address>
         <run_address>0xca38</run_address>
         <size>0x10</size>
         <input_file_ref idref="fl-101"/>
      </object_component>
      <object_component id="oc-4cf">
         <name>.text:PCM_setPowerMode</name>
         <load_address>0xca48</load_address>
         <run_address>0xca48</run_address>
         <size>0x10</size>
         <input_file_ref idref="fl-101"/>
      </object_component>
      <object_component id="oc-1d">
         <name>.text:decompress:none:__TI_decompress_none</name>
         <load_address>0xca58</load_address>
         <run_address>0xca58</run_address>
         <size>0xe</size>
         <input_file_ref idref="fl-e2"/>
      </object_component>
      <object_component id="oc-67">
         <name>.text</name>
         <load_address>0xca66</load_address>
         <run_address>0xca66</run_address>
         <size>0xe</size>
         <input_file_ref idref="fl-13"/>
      </object_component>
      <object_component id="oc-314">
         <name>.text:ADC14_enableModule</name>
         <load_address>0xca74</load_address>
         <run_address>0xca74</run_address>
         <size>0xc</size>
         <input_file_ref idref="fl-fb"/>
      </object_component>
      <object_component id="oc-4e7">
         <name>.text:CPU_cpsie</name>
         <load_address>0xca80</load_address>
         <run_address>0xca80</run_address>
         <size>0xc</size>
         <input_file_ref idref="fl-108"/>
      </object_component>
      <object_component id="oc-49">
         <name>.text:decompress:ZI:__TI_zero_init</name>
         <load_address>0xca8c</load_address>
         <run_address>0xca8c</run_address>
         <size>0xc</size>
         <input_file_ref idref="fl-e1"/>
      </object_component>
      <object_component id="oc-2e5">
         <name>.text:_outc</name>
         <load_address>0xca98</load_address>
         <run_address>0xca98</run_address>
         <size>0xa</size>
         <input_file_ref idref="fl-da"/>
      </object_component>
      <object_component id="oc-49b">
         <name>.text:__aeabi_errno_addr</name>
         <load_address>0xcaa4</load_address>
         <run_address>0xcaa4</run_address>
         <size>0x8</size>
         <input_file_ref idref="fl-e6"/>
      </object_component>
      <object_component id="oc-371">
         <name>.text:CPU_wfi</name>
         <load_address>0xcaac</load_address>
         <run_address>0xcaac</run_address>
         <size>0x4</size>
         <input_file_ref idref="fl-108"/>
      </object_component>
      <object_component id="oc-93">
         <name>.text:_system_pre_init</name>
         <load_address>0xcab0</load_address>
         <run_address>0xcab0</run_address>
         <size>0x4</size>
         <input_file_ref idref="fl-ed"/>
      </object_component>
      <object_component id="oc-1a5">
         <name>.text:abort:abort</name>
         <load_address>0xcab4</load_address>
         <run_address>0xcab4</run_address>
         <size>0x4</size>
         <input_file_ref idref="fl-ef"/>
      </object_component>
      <object_component id="oc-35b">
         <name>.const:.string:pixel_one</name>
         <load_address>0xe4</load_address>
         <run_address>0xe4</run_address>
         <size>0x1861</size>
         <input_file_ref idref="fl-10"/>
      </object_component>
      <object_component id="oc-2f5">
         <name>.const:.string:pixel_three</name>
         <load_address>0x1945</load_address>
         <run_address>0x1945</run_address>
         <size>0x1388</size>
         <input_file_ref idref="fl-15"/>
      </object_component>
      <object_component id="oc-2fe">
         <name>.const:.string:pixel_two</name>
         <load_address>0x2ccd</load_address>
         <run_address>0x2ccd</run_address>
         <size>0xe72</size>
         <input_file_ref idref="fl-19"/>
      </object_component>
      <object_component id="oc-36b">
         <name>.const:.string:pixel_go</name>
         <load_address>0x3b3f</load_address>
         <run_address>0x3b3f</run_address>
         <size>0x898</size>
         <input_file_ref idref="fl-a"/>
      </object_component>
      <object_component id="oc-3fc">
         <name>.const:.string:g_pucCmss16bData</name>
         <load_address>0x43d7</load_address>
         <run_address>0x43d7</run_address>
         <size>0x6ca</size>
         <input_file_ref idref="fl-10c"/>
      </object_component>
      <object_component id="oc-402">
         <name>.const:.string:g_pucCmss12Data</name>
         <load_address>0x4aa1</load_address>
         <run_address>0x4aa1</run_address>
         <size>0x514</size>
         <input_file_ref idref="fl-10b"/>
      </object_component>
      <object_component id="oc-37b">
         <name>.const:.string:pixel_GOOMBA</name>
         <load_address>0x4fb5</load_address>
         <run_address>0x4fb5</run_address>
         <size>0x40b</size>
         <input_file_ref idref="fl-b"/>
      </object_component>
      <object_component id="oc-285">
         <name>.const:.string:pixel_MARIO</name>
         <load_address>0x53c0</load_address>
         <run_address>0x53c0</run_address>
         <size>0x40b</size>
         <input_file_ref idref="fl-e"/>
      </object_component>
      <object_component id="oc-2a9">
         <name>.const:.string:pixel_SONIC</name>
         <load_address>0x57cb</load_address>
         <run_address>0x57cb</run_address>
         <size>0x40b</size>
         <input_file_ref idref="fl-11"/>
      </object_component>
      <object_component id="oc-297">
         <name>.const:.string:pixel_TOAD</name>
         <load_address>0x5bd6</load_address>
         <run_address>0x5bd6</run_address>
         <size>0x40b</size>
         <input_file_ref idref="fl-17"/>
      </object_component>
      <object_component id="oc-2bb">
         <name>.const:.string:pixel_yoshi_nero4BPP_UNCOMP</name>
         <load_address>0x5fe1</load_address>
         <run_address>0x5fe1</run_address>
         <size>0x40b</size>
         <input_file_ref idref="fl-1a"/>
      </object_component>
      <object_component id="oc-358">
         <name>.const:palette_one</name>
         <load_address>0x63ec</load_address>
         <run_address>0x63ec</run_address>
         <size>0x400</size>
         <input_file_ref idref="fl-10"/>
      </object_component>
      <object_component id="oc-386">
         <name>.const:.string:pixel_boo</name>
         <load_address>0x67ec</load_address>
         <run_address>0x67ec</run_address>
         <size>0x288</size>
         <input_file_ref idref="fl-7"/>
      </object_component>
      <object_component id="oc-28e">
         <name>.const:.string:pixel_marioMini</name>
         <load_address>0x6a74</load_address>
         <run_address>0x6a74</run_address>
         <size>0x1c2</size>
         <input_file_ref idref="fl-f"/>
      </object_component>
      <object_component id="oc-2b2">
         <name>.const:.string:pixel_sonicMini</name>
         <load_address>0x6c36</load_address>
         <run_address>0x6c36</run_address>
         <size>0x1c2</size>
         <input_file_ref idref="fl-12"/>
      </object_component>
      <object_component id="oc-2a0">
         <name>.const:.string:pixel_toadMini</name>
         <load_address>0x6df8</load_address>
         <run_address>0x6df8</run_address>
         <size>0x1c2</size>
         <input_file_ref idref="fl-18"/>
      </object_component>
      <object_component id="oc-2c4">
         <name>.const:.string:pixel_yoshiMini</name>
         <load_address>0x6fba</load_address>
         <run_address>0x6fba</run_address>
         <size>0x1c2</size>
         <input_file_ref idref="fl-1b"/>
      </object_component>
      <object_component id="oc-58b">
         <name>.const:.string:_ctypes_</name>
         <load_address>0x717c</load_address>
         <run_address>0x717c</run_address>
         <size>0x101</size>
         <input_file_ref idref="fl-f4"/>
      </object_component>
      <object_component id="oc-226">
         <name>.const:g_sFontCmss12</name>
         <load_address>0x7280</load_address>
         <run_address>0x7280</run_address>
         <size>0xc8</size>
         <input_file_ref idref="fl-10b"/>
      </object_component>
      <object_component id="oc-223">
         <name>.const:g_sFontCmss16b</name>
         <load_address>0x7348</load_address>
         <run_address>0x7348</run_address>
         <size>0xc8</size>
         <input_file_ref idref="fl-10c"/>
      </object_component>
      <object_component id="oc-39a">
         <name>.const:_ctlRegs</name>
         <load_address>0x7410</load_address>
         <run_address>0x7410</run_address>
         <size>0x80</size>
         <input_file_ref idref="fl-fb"/>
      </object_component>
      <object_component id="oc-378">
         <name>.const:palette_GOOMBA</name>
         <load_address>0x7490</load_address>
         <run_address>0x7490</run_address>
         <size>0x40</size>
         <input_file_ref idref="fl-b"/>
      </object_component>
      <object_component id="oc-282">
         <name>.const:palette_MARIO</name>
         <load_address>0x74d0</load_address>
         <run_address>0x74d0</run_address>
         <size>0x40</size>
         <input_file_ref idref="fl-e"/>
      </object_component>
      <object_component id="oc-2a6">
         <name>.const:palette_SONIC</name>
         <load_address>0x7510</load_address>
         <run_address>0x7510</run_address>
         <size>0x40</size>
         <input_file_ref idref="fl-11"/>
      </object_component>
      <object_component id="oc-294">
         <name>.const:palette_TOAD</name>
         <load_address>0x7550</load_address>
         <run_address>0x7550</run_address>
         <size>0x40</size>
         <input_file_ref idref="fl-17"/>
      </object_component>
      <object_component id="oc-383">
         <name>.const:palette_boo</name>
         <load_address>0x7590</load_address>
         <run_address>0x7590</run_address>
         <size>0x40</size>
         <input_file_ref idref="fl-7"/>
      </object_component>
      <object_component id="oc-368">
         <name>.const:palette_go</name>
         <load_address>0x75d0</load_address>
         <run_address>0x75d0</run_address>
         <size>0x40</size>
         <input_file_ref idref="fl-a"/>
      </object_component>
      <object_component id="oc-28b">
         <name>.const:palette_marioMini</name>
         <load_address>0x7610</load_address>
         <run_address>0x7610</run_address>
         <size>0x40</size>
         <input_file_ref idref="fl-f"/>
      </object_component>
      <object_component id="oc-2af">
         <name>.const:palette_sonicMini</name>
         <load_address>0x7650</load_address>
         <run_address>0x7650</run_address>
         <size>0x40</size>
         <input_file_ref idref="fl-12"/>
      </object_component>
      <object_component id="oc-2f2">
         <name>.const:palette_three</name>
         <load_address>0x7690</load_address>
         <run_address>0x7690</run_address>
         <size>0x40</size>
         <input_file_ref idref="fl-15"/>
      </object_component>
      <object_component id="oc-29d">
         <name>.const:palette_toadMini</name>
         <load_address>0x76d0</load_address>
         <run_address>0x76d0</run_address>
         <size>0x40</size>
         <input_file_ref idref="fl-18"/>
      </object_component>
      <object_component id="oc-2fb">
         <name>.const:palette_two</name>
         <load_address>0x7710</load_address>
         <run_address>0x7710</run_address>
         <size>0x40</size>
         <input_file_ref idref="fl-19"/>
      </object_component>
      <object_component id="oc-2c1">
         <name>.const:palette_yoshiMini</name>
         <load_address>0x7750</load_address>
         <run_address>0x7750</run_address>
         <size>0x40</size>
         <input_file_ref idref="fl-1b"/>
      </object_component>
      <object_component id="oc-2b8">
         <name>.const:palette_yoshi_nero4BPP_UNCOMP</name>
         <load_address>0x7790</load_address>
         <run_address>0x7790</run_address>
         <size>0x40</size>
         <input_file_ref idref="fl-1a"/>
      </object_component>
      <object_component id="oc-25e">
         <name>.const:GPIO_PORT_TO_BASE</name>
         <load_address>0x77d0</load_address>
         <run_address>0x77d0</run_address>
         <size>0x30</size>
         <input_file_ref idref="fl-fe"/>
      </object_component>
      <object_component id="oc-220">
         <name>.const:g_sCrystalfontz128x128_funcs</name>
         <load_address>0x7800</load_address>
         <run_address>0x7800</run_address>
         <size>0x20</size>
         <input_file_ref idref="fl-2"/>
      </object_component>
      <object_component id="oc-54b">
         <name>.const:$P$T0$1</name>
         <load_address>0x7820</load_address>
         <run_address>0x7820</run_address>
         <size>0x1c</size>
         <input_file_ref idref="fl-4"/>
      </object_component>
      <object_component id="oc-354">
         <name>.const:upConfig1</name>
         <load_address>0x783c</load_address>
         <run_address>0x783c</run_address>
         <size>0x18</size>
         <input_file_ref idref="fl-16"/>
      </object_component>
      <object_component id="oc-351">
         <name>.const:upConfig2</name>
         <load_address>0x7854</load_address>
         <run_address>0x7854</run_address>
         <size>0x18</size>
         <input_file_ref idref="fl-16"/>
      </object_component>
      <object_component id="oc-242">
         <name>.const:upConfig</name>
         <load_address>0x786c</load_address>
         <run_address>0x786c</run_address>
         <size>0x18</size>
         <input_file_ref idref="fl-16"/>
      </object_component>
      <object_component id="oc-166">
         <name>.const:boo</name>
         <load_address>0x7884</load_address>
         <run_address>0x7884</run_address>
         <size>0x10</size>
         <input_file_ref idref="fl-7"/>
      </object_component>
      <object_component id="oc-245">
         <name>.const:compareConfig_PWM</name>
         <load_address>0x7894</load_address>
         <run_address>0x7894</run_address>
         <size>0x10</size>
         <input_file_ref idref="fl-16"/>
      </object_component>
      <object_component id="oc-14d">
         <name>.const:go</name>
         <load_address>0x78a4</load_address>
         <run_address>0x78a4</run_address>
         <size>0x10</size>
         <input_file_ref idref="fl-a"/>
      </object_component>
      <object_component id="oc-157">
         <name>.const:goomba</name>
         <load_address>0x78b4</load_address>
         <run_address>0x78b4</run_address>
         <size>0x10</size>
         <input_file_ref idref="fl-b"/>
      </object_component>
      <object_component id="oc-ee">
         <name>.const:mario</name>
         <load_address>0x78c4</load_address>
         <run_address>0x78c4</run_address>
         <size>0x10</size>
         <input_file_ref idref="fl-e"/>
      </object_component>
      <object_component id="oc-f2">
         <name>.const:marioMini</name>
         <load_address>0x78d4</load_address>
         <run_address>0x78d4</run_address>
         <size>0x10</size>
         <input_file_ref idref="fl-f"/>
      </object_component>
      <object_component id="oc-144">
         <name>.const:one</name>
         <load_address>0x78e4</load_address>
         <run_address>0x78e4</run_address>
         <size>0x10</size>
         <input_file_ref idref="fl-10"/>
      </object_component>
      <object_component id="oc-fb">
         <name>.const:sonic</name>
         <load_address>0x78f4</load_address>
         <run_address>0x78f4</run_address>
         <size>0x10</size>
         <input_file_ref idref="fl-11"/>
      </object_component>
      <object_component id="oc-fe">
         <name>.const:sonicMini</name>
         <load_address>0x7904</load_address>
         <run_address>0x7904</run_address>
         <size>0x10</size>
         <input_file_ref idref="fl-12"/>
      </object_component>
      <object_component id="oc-11a">
         <name>.const:three</name>
         <load_address>0x7914</load_address>
         <run_address>0x7914</run_address>
         <size>0x10</size>
         <input_file_ref idref="fl-15"/>
      </object_component>
      <object_component id="oc-f5">
         <name>.const:toad</name>
         <load_address>0x7924</load_address>
         <run_address>0x7924</run_address>
         <size>0x10</size>
         <input_file_ref idref="fl-17"/>
      </object_component>
      <object_component id="oc-f8">
         <name>.const:toadMini</name>
         <load_address>0x7934</load_address>
         <run_address>0x7934</run_address>
         <size>0x10</size>
         <input_file_ref idref="fl-18"/>
      </object_component>
      <object_component id="oc-11d">
         <name>.const:two</name>
         <load_address>0x7944</load_address>
         <run_address>0x7944</run_address>
         <size>0x10</size>
         <input_file_ref idref="fl-19"/>
      </object_component>
      <object_component id="oc-101">
         <name>.const:yoshi</name>
         <load_address>0x7954</load_address>
         <run_address>0x7954</run_address>
         <size>0x10</size>
         <input_file_ref idref="fl-1a"/>
      </object_component>
      <object_component id="oc-104">
         <name>.const:yoshiMini</name>
         <load_address>0x7964</load_address>
         <run_address>0x7964</run_address>
         <size>0x10</size>
         <input_file_ref idref="fl-1b"/>
      </object_component>
      <object_component id="oc-3f2">
         <name>.const:$P$T0$1</name>
         <load_address>0x7974</load_address>
         <run_address>0x7974</run_address>
         <size>0x8</size>
         <input_file_ref idref="fl-2"/>
      </object_component>
      <object_component id="oc-4e3">
         <name>.const:g_pulEnRegs</name>
         <load_address>0x797c</load_address>
         <run_address>0x797c</run_address>
         <size>0x8</size>
         <input_file_ref idref="fl-100"/>
      </object_component>
      <object_component id="oc-6d0">
         <name>.cinit..data.load</name>
         <load_address>0xcab8</load_address>
         <run_address>0xcab8</run_address>
         <size>0x54</size>
      </object_component>
      <object_component id="oc-6ce">
         <name>__TI_handler_table</name>
         <load_address>0xcb0c</load_address>
         <run_address>0xcb0c</run_address>
         <size>0xc</size>
      </object_component>
      <object_component id="oc-6d1">
         <name>.cinit..bss.load</name>
         <load_address>0xcb18</load_address>
         <run_address>0xcb18</run_address>
         <size>0x8</size>
      </object_component>
      <object_component id="oc-6cf">
         <name>__TI_cinit_table</name>
         <load_address>0xcb20</load_address>
         <run_address>0xcb20</run_address>
         <size>0x10</size>
      </object_component>
      <object_component id="oc-6a2">
         <name>.binit</name>
         <load_address>0x0</load_address>
         <run_address>0x0</run_address>
         <size>0x0</size>
      </object_component>
      <object_component id="oc-e2">
         <name>.data:g_sCrystalfontz128x128</name>
         <load_address>0x200004c4</load_address>
         <run_address>0x200004c4</run_address>
         <size>0x10</size>
         <input_file_ref idref="fl-2"/>
      </object_component>
      <object_component id="oc-e5">
         <name>.data</name>
         <load_address>0x200004dc</load_address>
         <run_address>0x200004dc</run_address>
         <size>0x5</size>
         <input_file_ref idref="fl-d"/>
      </object_component>
      <object_component id="oc-e8">
         <name>.data:fsm</name>
         <load_address>0x20000484</load_address>
         <run_address>0x20000484</run_address>
         <size>0x40</size>
         <input_file_ref idref="fl-d"/>
      </object_component>
      <object_component id="oc-1e3">
         <name>.data</name>
         <load_address>0x200004ec</load_address>
         <run_address>0x200004ec</run_address>
         <size>0x4</size>
         <input_file_ref idref="fl-14"/>
      </object_component>
      <object_component id="oc-364">
         <name>.data</name>
         <load_address>0x200004e8</load_address>
         <run_address>0x200004e8</run_address>
         <size>0x4</size>
         <input_file_ref idref="fl-e4"/>
      </object_component>
      <object_component id="oc-5f2">
         <name>.data</name>
         <load_address>0x200004e4</load_address>
         <run_address>0x200004e4</run_address>
         <size>0x4</size>
         <input_file_ref idref="fl-e6"/>
      </object_component>
      <object_component id="oc-361">
         <name>.data:$O1$$</name>
         <load_address>0x200004d4</load_address>
         <run_address>0x200004d4</run_address>
         <size>0x8</size>
         <input_file_ref idref="fl-f0"/>
      </object_component>
      <object_component id="oc-17b">
         <name>.bss:resultsBuffer</name>
         <uninitialized>true</uninitialized>
         <run_address>0x20000464</run_address>
         <size>0x8</size>
         <input_file_ref idref="fl-d"/>
      </object_component>
      <object_component id="oc-df">
         <name>.bss</name>
         <uninitialized>true</uninitialized>
         <run_address>0x20000400</run_address>
         <size>0x2c</size>
         <input_file_ref idref="fl-d"/>
      </object_component>
      <object_component id="oc-3cc">
         <name>.bss:g_pulConvertedPalette</name>
         <uninitialized>true</uninitialized>
         <run_address>0x20000000</run_address>
         <size>0x400</size>
         <input_file_ref idref="fl-10d"/>
      </object_component>
      <object_component id="oc-3f1">
         <name>.common:Lcd_Orientation</name>
         <uninitialized>true</uninitialized>
         <run_address>0x20000480</run_address>
         <size>0x1</size>
      </object_component>
      <object_component id="oc-3eb">
         <name>.common:Lcd_ScreenWidth</name>
         <uninitialized>true</uninitialized>
         <run_address>0x2000047a</run_address>
         <size>0x2</size>
      </object_component>
      <object_component id="oc-3ec">
         <name>.common:Lcd_ScreenHeigth</name>
         <uninitialized>true</uninitialized>
         <run_address>0x20000478</run_address>
         <size>0x2</size>
      </object_component>
      <object_component id="oc-3ed">
         <name>.common:Lcd_PenSolid</name>
         <uninitialized>true</uninitialized>
         <run_address>0x20000481</run_address>
         <size>0x1</size>
      </object_component>
      <object_component id="oc-3ee">
         <name>.common:Lcd_FontSolid</name>
         <uninitialized>true</uninitialized>
         <run_address>0x2000047f</run_address>
         <size>0x1</size>
      </object_component>
      <object_component id="oc-3ef">
         <name>.common:Lcd_FlagRead</name>
         <uninitialized>true</uninitialized>
         <run_address>0x2000047e</run_address>
         <size>0x1</size>
      </object_component>
      <object_component id="oc-3f0">
         <name>.common:Lcd_TouchTrim</name>
         <uninitialized>true</uninitialized>
         <run_address>0x2000047c</run_address>
         <size>0x2</size>
      </object_component>
      <object_component id="oc-dc">
         <name>.common:g_sContext</name>
         <uninitialized>true</uninitialized>
         <run_address>0x20000448</run_address>
         <size>0x1c</size>
      </object_component>
      <object_component id="oc-119">
         <name>.common:dev</name>
         <uninitialized>true</uninitialized>
         <run_address>0x2000042c</run_address>
         <size>0x1c</size>
      </object_component>
      <object_component id="oc-eb">
         <name>.common:character</name>
         <uninitialized>true</uninitialized>
         <run_address>0x20000470</run_address>
         <size>0x4</size>
      </object_component>
      <object_component id="oc-f1">
         <name>.common:characterMini</name>
         <uninitialized>true</uninitialized>
         <run_address>0x20000474</run_address>
         <size>0x4</size>
      </object_component>
      <object_component id="oc-156">
         <name>.common:badChar</name>
         <uninitialized>true</uninitialized>
         <run_address>0x2000046c</run_address>
         <size>0x4</size>
      </object_component>
      <object_component id="oc-29">
         <name>.stack</name>
         <uninitialized>true</uninitialized>
         <run_address>0x2000fe00</run_address>
         <size>0x4</size>
         <input_file_ref idref="fl-e5"/>
      </object_component>
      <object_component id="oc-6d3">
         <name>.stack</name>
         <uninitialized>true</uninitialized>
         <run_address>0x2000fe00</run_address>
         <size>0x0</size>
      </object_component>
      <object_component id="oc-3a0">
         <name>.debug_info</name>
         <load_address>0x0</load_address>
         <run_address>0x0</run_address>
         <size>0x93b</size>
         <input_file_ref idref="fl-2"/>
      </object_component>
      <object_component id="oc-e3">
         <name>.debug_info</name>
         <load_address>0x93b</load_address>
         <run_address>0x93b</run_address>
         <size>0x11f</size>
         <input_file_ref idref="fl-2"/>
      </object_component>
      <object_component id="oc-221">
         <name>.debug_info</name>
         <load_address>0xa5a</load_address>
         <run_address>0xa5a</run_address>
         <size>0x12b</size>
         <input_file_ref idref="fl-2"/>
      </object_component>
      <object_component id="oc-3f3">
         <name>.debug_info</name>
         <load_address>0xb85</load_address>
         <run_address>0xb85</run_address>
         <size>0x100</size>
         <input_file_ref idref="fl-2"/>
      </object_component>
      <object_component id="oc-203">
         <name>.debug_info</name>
         <load_address>0xc85</load_address>
         <run_address>0xc85</run_address>
         <size>0x1452</size>
         <input_file_ref idref="fl-2"/>
      </object_component>
      <object_component id="oc-190">
         <name>.debug_info</name>
         <load_address>0x20d7</load_address>
         <run_address>0x20d7</run_address>
         <size>0x26b</size>
         <input_file_ref idref="fl-2"/>
      </object_component>
      <object_component id="oc-269">
         <name>.debug_info</name>
         <load_address>0x2342</load_address>
         <run_address>0x2342</run_address>
         <size>0x1055</size>
         <input_file_ref idref="fl-2"/>
      </object_component>
      <object_component id="oc-520">
         <name>.debug_info</name>
         <load_address>0x3397</load_address>
         <run_address>0x3397</run_address>
         <size>0x37e2</size>
         <input_file_ref idref="fl-2"/>
      </object_component>
      <object_component id="oc-57b">
         <name>.debug_info</name>
         <load_address>0x6b79</load_address>
         <run_address>0x6b79</run_address>
         <size>0x9a</size>
         <input_file_ref idref="fl-2"/>
      </object_component>
      <object_component id="oc-184">
         <name>.debug_info</name>
         <load_address>0x6c13</load_address>
         <run_address>0x6c13</run_address>
         <size>0x439</size>
         <input_file_ref idref="fl-2"/>
      </object_component>
      <object_component id="oc-572">
         <name>.debug_info</name>
         <load_address>0x704c</load_address>
         <run_address>0x704c</run_address>
         <size>0x341</size>
         <input_file_ref idref="fl-2"/>
      </object_component>
      <object_component id="oc-32">
         <name>.debug_info</name>
         <load_address>0x738d</load_address>
         <run_address>0x738d</run_address>
         <size>0x84</size>
         <input_file_ref idref="fl-2"/>
      </object_component>
      <object_component id="oc-3a2">
         <name>.debug_info</name>
         <load_address>0x7411</load_address>
         <run_address>0x7411</run_address>
         <size>0x2a4</size>
         <input_file_ref idref="fl-2"/>
      </object_component>
      <object_component id="oc-27d">
         <name>.debug_info</name>
         <load_address>0x76b5</load_address>
         <run_address>0x76b5</run_address>
         <size>0xef</size>
         <input_file_ref idref="fl-2"/>
      </object_component>
      <object_component id="oc-189">
         <name>.debug_info</name>
         <load_address>0x77a4</load_address>
         <run_address>0x77a4</run_address>
         <size>0xbb</size>
         <input_file_ref idref="fl-2"/>
      </object_component>
      <object_component id="oc-54f">
         <name>.debug_info</name>
         <load_address>0x785f</load_address>
         <run_address>0x785f</run_address>
         <size>0x131</size>
         <input_file_ref idref="fl-2"/>
      </object_component>
      <object_component id="oc-41f">
         <name>.debug_info</name>
         <load_address>0x7990</load_address>
         <run_address>0x7990</run_address>
         <size>0x9b8</size>
         <input_file_ref idref="fl-3"/>
      </object_component>
      <object_component id="oc-264">
         <name>.debug_info</name>
         <load_address>0x8348</load_address>
         <run_address>0x8348</run_address>
         <size>0x37e2</size>
         <input_file_ref idref="fl-3"/>
      </object_component>
      <object_component id="oc-17f">
         <name>.debug_info</name>
         <load_address>0xbb2a</load_address>
         <run_address>0xbb2a</run_address>
         <size>0x8b</size>
         <input_file_ref idref="fl-3"/>
      </object_component>
      <object_component id="oc-63f">
[...]
      </symbol>
      <symbol id="sm-753">
         <name>__aeabi_memset4</name>
         <value>0xbb9b</value>
         <object_component_ref idref="oc-8d"/>
      </symbol>
      <symbol id="sm-754">
         <name>__aeabi_memclr8</name>
         <value>0xbb99</value>
         <object_component_ref idref="oc-8d"/>
      </symbol>
      <symbol id="sm-755">
         <name>__aeabi_memclr4</name>
         <value>0xbb99</value>
         <object_component_ref idref="oc-8d"/>
      </symbol>
      <symbol id="sm-756">
         <name>__aeabi_memclr</name>
         <value>0xbb99</value>
         <object_component_ref idref="oc-8d"/>
      </symbol>
      <symbol id="sm-763">
         <name>__aeabi_uldivmod</name>
         <value>0xb867</value>
         <object_component_ref idref="oc-590"/>
      </symbol>
      <symbol id="sm-78b">
         <name>__TI_auto_init_nobinit_nopinit</name>
         <value>0xc35d</value>
         <object_component_ref idref="oc-1b1"/>
      </symbol>
      <symbol id="sm-795">
         <name>_system_pre_init</name>
         <value>0xcab1</value>
         <object_component_ref idref="oc-93"/>
      </symbol>
      <symbol id="sm-7a1">
         <name>C$$EXIT</name>
         <value>0xcab5</value>
         <object_component_ref idref="oc-1a5"/>
      </symbol>
      <symbol id="sm-7a2">
         <name>abort</name>
         <value>0xcab5</value>
         <object_component_ref idref="oc-1a5"/>
      </symbol>
      <symbol id="sm-7b7">
         <name>_nop</name>
         <value>0x8e5b</value>
         <object_component_ref idref="oc-4fb"/>
      </symbol>
      <symbol id="sm-7b8">
         <name>_lock</name>
         <value>0x200004d4</value>
         <object_component_ref idref="oc-361"/>
      </symbol>
      <symbol id="sm-7b9">
         <name>_unlock</name>
         <value>0x200004d8</value>
         <object_component_ref idref="oc-361"/>
      </symbol>
      <symbol id="sm-7c8">
         <name>__TI_ltoa</name>
         <value>0xc05d</value>
         <object_component_ref idref="oc-5ab"/>
      </symbol>
      <symbol id="sm-7df">
         <name>atoi</name>
         <value>0xc1a5</value>
         <object_component_ref idref="oc-466"/>
      </symbol>
      <symbol id="sm-7ea">
         <name>_ctypes_</name>
         <value>0x717c</value>
         <object_component_ref idref="oc-58b"/>
      </symbol>
      <symbol id="sm-7fa">
         <name>memccpy</name>
         <value>0xc887</value>
         <object_component_ref idref="oc-48f"/>
      </symbol>
      <symbol id="sm-80a">
         <name>strchr</name>
         <value>0xc991</value>
         <object_component_ref idref="oc-5e2"/>
      </symbol>
      <symbol id="sm-818">
         <name>strlen</name>
         <value>0xc9d1</value>
         <object_component_ref idref="oc-460"/>
      </symbol>
      <symbol id="sm-831">
         <name>wcslen</name>
         <value>0xc9f7</value>
         <object_component_ref idref="oc-495"/>
      </symbol>
      <symbol id="sm-847">
         <name>frexpl</name>
         <value>0xbe35</value>
         <object_component_ref idref="oc-5d6"/>
      </symbol>
      <symbol id="sm-848">
         <name>frexp</name>
         <value>0xbe35</value>
         <object_component_ref idref="oc-5d6"/>
      </symbol>
      <symbol id="sm-852">
         <name>__aeabi_idiv0</name>
         <value>0x9ceb</value>
         <object_component_ref idref="oc-64a"/>
      </symbol>
      <symbol id="sm-853">
         <name>__aeabi_ldiv0</name>
         <value>0x9ceb</value>
         <object_component_ref idref="oc-64a"/>
      </symbol>
      <symbol id="sm-95e">
         <name>ADC14_enableInterrupt</name>
         <value>0xc651</value>
         <object_component_ref idref="oc-32c"/>
      </symbol>
      <symbol id="sm-95f">
         <name>ADC14_getInterruptStatus</name>
         <value>0xc6b1</value>
         <object_component_ref idref="oc-38c"/>
      </symbol>
      <symbol id="sm-960">
         <name>ADC14_enableSampleTimer</name>
         <value>0xc551</value>
         <object_component_ref idref="oc-33e"/>
      </symbol>
      <symbol id="sm-961">
         <name>ADC14_enableConversion</name>
         <value>0xc761</value>
         <object_component_ref idref="oc-344"/>
      </symbol>
      <symbol id="sm-962">
         <name>ADC14_toggleConversionTrigger</name>
         <value>0xc6dd</value>
         <object_component_ref idref="oc-160"/>
      </symbol>
      <symbol id="sm-963">
         <name>ADC14_getEnabledInterruptStatus</name>
         <value>0xc4e1</value>
         <object_component_ref idref="oc-169"/>
      </symbol>
      <symbol id="sm-964">
         <name>ADC14_initModule</name>
         <value>0xc009</value>
         <object_component_ref idref="oc-31a"/>
      </symbol>
      <symbol id="sm-965">
         <name>ADC14_configureMultiSequenceMode</name>
         <value>0xb519</value>
         <object_component_ref idref="oc-320"/>
      </symbol>
      <symbol id="sm-966">
         <name>ADC14_clearInterruptFlag</name>
         <value>0xc621</value>
         <object_component_ref idref="oc-16f"/>
      </symbol>
      <symbol id="sm-967">
         <name>ADC14_configureConversionMemory</name>
         <value>0xb465</value>
         <object_component_ref idref="oc-326"/>
      </symbol>
      <symbol id="sm-968">
         <name>ADC14_enableModule</name>
         <value>0xca75</value>
         <object_component_ref idref="oc-314"/>
      </symbol>
      <symbol id="sm-969">
         <name>ADC14_getResult</name>
         <value>0xc789</value>
         <object_component_ref idref="oc-175"/>
      </symbol>
      <symbol id="sm-977">
         <name>CS_setDCOCenteredFrequency</name>
         <value>0xc585</value>
         <object_component_ref idref="oc-132"/>
      </symbol>
      <symbol id="sm-986">
         <name>FlashCtl_setWaitState</name>
         <value>0xc23d</value>
         <object_component_ref idref="oc-12c"/>
      </symbol>
      <symbol id="sm-9ce">
         <name>GPIO_setOutputHighOnPin</name>
         <value>0xc7b1</value>
         <object_component_ref idref="oc-d6"/>
      </symbol>
      <symbol id="sm-9cf">
         <name>GPIO_setAsOutputPin</name>
         <value>0xc3a1</value>
         <object_component_ref idref="oc-257"/>
      </symbol>
      <symbol id="sm-9d0">
         <name>GPIO_setOutputLowOnPin</name>
         <value>0xc7d9</value>
         <object_component_ref idref="oc-251"/>
      </symbol>
      <symbol id="sm-9d1">
         <name>GPIO_setAsPeripheralModuleFunctionOutputPin</name>
         <value>0xb985</value>
         <object_component_ref idref="oc-230"/>
      </symbol>
      <symbol id="sm-9d2">
         <name>GPIO_setAsPeripheralModuleFunctionInputPin</name>
         <value>0xb8fd</value>
         <object_component_ref idref="oc-30e"/>
      </symbol>
      <symbol id="sm-a03">
         <name>Interrupt_enableSleepOnIsrExit</name>
         <value>0xca29</value>
         <object_component_ref idref="oc-34b"/>
      </symbol>
      <symbol id="sm-a04">
         <name>Interrupt_enableMaster</name>
         <value>0xca19</value>
         <object_component_ref idref="oc-338"/>
      </symbol>
      <symbol id="sm-a05">
         <name>Interrupt_enableInterrupt</name>
         <value>0xbb19</value>
         <object_component_ref idref="oc-332"/>
      </symbol>
      <symbol id="sm-a90">
         <name>PCM_setCoreVoltageLevel</name>
         <value>0xca39</value>
         <object_component_ref idref="oc-126"/>
      </symbol>
      <symbol id="sm-a91">
         <name>PCM_getCoreVoltageLevel</name>
         <value>0xbef9</value>
         <object_component_ref idref="oc-4c3"/>
      </symbol>
      <symbol id="sm-a92">
         <name>PCM_getPowerMode</name>
         <value>0xbf57</value>
         <object_component_ref idref="oc-4bd"/>
      </symbol>
      <symbol id="sm-a93">
         <name>PCM_getPowerState</name>
         <value>0xc9a9</value>
         <object_component_ref idref="oc-4c9"/>
      </symbol>
      <symbol id="sm-a94">
         <name>PCM_gotoLPM0</name>
         <value>0xc801</value>
         <object_component_ref idref="oc-150"/>
      </symbol>
      <symbol id="sm-a95">
         <name>PCM_setPowerMode</name>
         <value>0xca49</value>
         <object_component_ref idref="oc-4cf"/>
      </symbol>
      <symbol id="sm-ad5">
         <name>EUSCI_B_SPI_enable</name>
         <value>0xc939</value>
         <object_component_ref idref="oc-636"/>
      </symbol>
      <symbol id="sm-ad6">
         <name>SPI_enableModule</name>
         <value>0xc86b</value>
         <object_component_ref idref="oc-545"/>
      </symbol>
      <symbol id="sm-ad7">
         <name>EUSCI_A_SPI_enable</name>
         <value>0xc923</value>
         <object_component_ref idref="oc-630"/>
      </symbol>
      <symbol id="sm-ad8">
         <name>SPI_initMaster</name>
         <value>0xb67f</value>
         <object_component_ref idref="oc-53f"/>
      </symbol>
      <symbol id="sm-b2a">
         <name>Timer_A_clearCaptureCompareInterrupt</name>
         <value>0xc735</value>
         <object_component_ref idref="oc-15a"/>
      </symbol>
      <symbol id="sm-b2b">
         <name>Timer_A_initCompare</name>
         <value>0xc155</value>
         <object_component_ref idref="oc-23c"/>
      </symbol>
      <symbol id="sm-b2c">
         <name>Timer_A_startCounter</name>
         <value>0xc97b</value>
         <object_component_ref idref="oc-be"/>
      </symbol>
      <symbol id="sm-b2d">
         <name>Timer_A_stopTimer</name>
         <value>0xc9bd</value>
         <object_component_ref idref="oc-107"/>
      </symbol>
      <symbol id="sm-b2e">
         <name>Timer_A_configureUpMode</name>
         <value>0xbd65</value>
         <object_component_ref idref="oc-236"/>
      </symbol>
      <symbol id="sm-b3a">
         <name>WDT_A_holdTimer</name>
         <value>0xc829</value>
         <object_component_ref idref="oc-120"/>
      </symbol>
      <symbol id="sm-b4c">
         <name>CPU_wfi</name>
         <value>0xcaad</value>
         <object_component_ref idref="oc-371"/>
      </symbol>
      <symbol id="sm-b4d">
         <name>CPU_cpsie</name>
         <value>0xca81</value>
         <object_component_ref idref="oc-4e7"/>
      </symbol>
      <symbol id="sm-b7f">
         <name>Graphics_setBackgroundColor</name>
         <value>0xc8bd</value>
         <object_component_ref idref="oc-214"/>
      </symbol>
      <symbol id="sm-b80">
         <name>Graphics_setFont</name>
         <value>0xc8d7</value>
         <object_component_ref idref="oc-21a"/>
      </symbol>
      <symbol id="sm-b81">
         <name>Graphics_initContext</name>
         <value>0xc0b1</value>
         <object_component_ref idref="oc-208"/>
      </symbol>
      <symbol id="sm-b82">
         <name>Graphics_setForegroundColor</name>
         <value>0xc94f</value>
         <object_component_ref idref="oc-20e"/>
      </symbol>
      <symbol id="sm-b83">
         <name>Graphics_clearDisplay</name>
         <value>0xc9e5</value>
         <object_component_ref idref="oc-ca"/>
      </symbol>
      <symbol id="sm-bb8">
         <name>Graphics_clearDisplayOnDisplay</name>
         <value>0xc8a3</value>
         <object_component_ref idref="oc-249"/>
      </symbol>
      <symbol id="sm-bb9">
         <name>Graphics_drawPixelOnDisplay</name>
         <value>0xc709</value>
         <object_component_ref idref="oc-1f3"/>
      </symbol>
      <symbol id="sm-bba">
         <name>Graphics_translateColorOnDisplay</name>
         <value>0xc965</value>
         <object_component_ref idref="oc-3c6"/>
      </symbol>
      <symbol id="sm-bbb">
         <name>Graphics_drawHorizontalLineOnDisplay</name>
         <value>0xc519</value>
         <object_component_ref idref="oc-581"/>
      </symbol>
      <symbol id="sm-bbc">
         <name>Graphics_drawMultiplePixelsOnDisplay</name>
         <value>0xc315</value>
         <object_component_ref idref="oc-1ed"/>
      </symbol>
      <symbol id="sm-bbd">
         <name>Graphics_fillRectangleOnDisplay</name>
         <value>0xc84d</value>
         <object_component_ref idref="oc-b2"/>
      </symbol>
      <symbol id="sm-bcf">
         <name>g_sFontCmss12</name>
         <value>0x7280</value>
         <object_component_ref idref="oc-226"/>
      </symbol>
      <symbol id="sm-be1">
         <name>g_sFontCmss16b</name>
         <value>0x7348</value>
         <object_component_ref idref="oc-223"/>
      </symbol>
      <symbol id="sm-c17">
         <name>Graphics_drawImage</name>
         <value>0x995b</value>
         <object_component_ref idref="oc-ac"/>
      </symbol>
      <symbol id="sm-c6f">
         <name>Graphics_drawStringCentered</name>
         <value>0xc285</value>
         <object_component_ref idref="oc-10d"/>
      </symbol>
      <symbol id="sm-c70">
         <name>Graphics_drawString</name>
         <value>0x94dd</value>
         <object_component_ref idref="oc-2d1"/>
      </symbol>
      <symbol id="sm-c71">
         <name>Graphics_getStringWidth</name>
         <value>0xb1d1</value>
         <object_component_ref idref="oc-2cb"/>
      </symbol>
      <symbol id="sm-c84">
         <name>Graphics_drawLineH</name>
         <value>0xb72f</value>
         <object_component_ref idref="oc-457"/>
      </symbol>
      <symbol id="sm-c85">
         <name>__TI_static_base__</name>
         <value>0x0</value>
      </symbol>
      <symbol id="sm-c88">
         <name>__mpu_init</name>
         <value>0x0</value>
      </symbol>
      <symbol id="sm-c89">
         <name>_system_post_cinit</name>
         <value>0x0</value>
      </symbol>
      <symbol id="sm-c8a">
         <name>NMI_Handler</name>
         <value>0xca73</value>
      </symbol>
      <symbol id="sm-c8b">
         <name>HardFault_Handler</name>
         <value>0xca73</value>
      </symbol>
      <symbol id="sm-c8c">
         <name>MemManage_Handler</name>
         <value>0xca73</value>
      </symbol>
      <symbol id="sm-c8d">
         <name>BusFault_Handler</name>
         <value>0xca73</value>
      </symbol>
      <symbol id="sm-c8e">
         <name>UsageFault_Handler</name>
         <value>0xca73</value>
      </symbol>
      <symbol id="sm-c8f">
         <name>SVC_Handler</name>
         <value>0xca73</value>
      </symbol>
      <symbol id="sm-c90">
         <name>DebugMon_Handler</name>
         <value>0xca73</value>
      </symbol>
      <symbol id="sm-c91">
         <name>PendSV_Handler</name>
         <value>0xca73</value>
      </symbol>
      <symbol id="sm-c92">
         <name>SysTick_Handler</name>
         <value>0xca73</value>
      </symbol>
      <symbol id="sm-c93">
         <name>PSS_IRQHandler</name>
         <value>0xca73</value>
      </symbol>
      <symbol id="sm-c94">
         <name>CS_IRQHandler</name>
         <value>0xca73</value>
      </symbol>
      <symbol id="sm-c95">
         <name>PCM_IRQHandler</name>
         <value>0xca73</value>
      </symbol>
      <symbol id="sm-c96">
         <name>WDT_A_IRQHandler</name>
         <value>0xca73</value>
      </symbol>
      <symbol id="sm-c97">
         <name>FPU_IRQHandler</name>
         <value>0xca73</value>
      </symbol>
      <symbol id="sm-c98">
         <name>FLCTL_IRQHandler</name>
         <value>0xca73</value>
      </symbol>
      <symbol id="sm-c99">
         <name>COMP_E0_IRQHandler</name>
         <value>0xca73</value>
      </symbol>
      <symbol id="sm-c9a">
         <name>COMP_E1_IRQHandler</name>
         <value>0xca73</value>
      </symbol>
      <symbol id="sm-c9b">
         <name>TA0_0_IRQHandler</name>
         <value>0xca73</value>
      </symbol>
      <symbol id="sm-c9c">
         <name>TA0_N_IRQHandler</name>
         <value>0xca73</value>
      </symbol>
      <symbol id="sm-c9d">
         <name>TA1_0_IRQHandler</name>
         <value>0x7f3d</value>
      </symbol>
      <symbol id="sm-c9e">
         <name>TA1_N_IRQHandler</name>
         <value>0xca73</value>
      </symbol>
      <symbol id="sm-c9f">
         <name>TA2_0_IRQHandler</name>
         <value>0x816d</value>
      </symbol>
      <symbol id="sm-ca0">
         <name>TA2_N_IRQHandler</name>
         <value>0xca73</value>
      </symbol>
      <symbol id="sm-ca1">
         <name>TA3_0_IRQHandler</name>
         <value>0x80b9</value>
      </symbol>
      <symbol id="sm-ca2">
         <name>TA3_N_IRQHandler</name>
         <value>0xca73</value>
      </symbol>
      <symbol id="sm-ca3">
         <name>EUSCIA0_IRQHandler</name>
         <value>0xca73</value>
      </symbol>
      <symbol id="sm-ca4">
         <name>EUSCIA1_IRQHandler</name>
         <value>0xca73</value>
      </symbol>
      <symbol id="sm-ca5">
         <name>EUSCIA2_IRQHandler</name>
         <value>0xca73</value>
      </symbol>
      <symbol id="sm-ca6">
         <name>EUSCIA3_IRQHandler</name>
         <value>0xca73</value>
      </symbol>
      <symbol id="sm-ca7">
         <name>EUSCIB0_IRQHandler</name>
         <value>0xca73</value>
      </symbol>
      <symbol id="sm-ca8">
         <name>EUSCIB1_IRQHandler</name>
         <value>0xca73</value>
      </symbol>
      <symbol id="sm-ca9">
         <name>EUSCIB2_IRQHandler</name>
         <value>0xca73</value>
      </symbol>
      <symbol id="sm-caa">
         <name>EUSCIB3_IRQHandler</name>
         <value>0xca73</value>
      </symbol>
      <symbol id="sm-cab">
         <name>ADC14_IRQHandler</name>
         <value>0x8255</value>
      </symbol>
      <symbol id="sm-cac">
         <name>T32_INT1_IRQHandler</name>
         <value>0xca73</value>
      </symbol>
      <symbol id="sm-cad">
         <name>T32_INT2_IRQHandler</name>
         <value>0xca73</value>
      </symbol>
      <symbol id="sm-cae">
         <name>T32_INTC_IRQHandler</name>
         <value>0xca73</value>
      </symbol>
      <symbol id="sm-caf">
         <name>AES256_IRQHandler</name>
         <value>0xca73</value>
      </symbol>
      <symbol id="sm-cb0">
         <name>RTC_C_IRQHandler</name>
         <value>0xca73</value>
      </symbol>
      <symbol id="sm-cb1">
         <name>DMA_ERR_IRQHandler</name>
         <value>0xca73</value>
      </symbol>
      <symbol id="sm-cb2">
         <name>DMA_INT3_IRQHandler</name>
         <value>0xca73</value>
      </symbol>
      <symbol id="sm-cb3">
         <name>DMA_INT2_IRQHandler</name>
         <value>0xca73</value>
      </symbol>
      <symbol id="sm-cb4">
         <name>DMA_INT1_IRQHandler</name>
         <value>0xca73</value>
      </symbol>
      <symbol id="sm-cb5">
         <name>DMA_INT0_IRQHandler</name>
         <value>0xca73</value>
      </symbol>
      <symbol id="sm-cb6">
         <name>PORT1_IRQHandler</name>
         <value>0xca73</value>
      </symbol>
      <symbol id="sm-cb7">
         <name>PORT2_IRQHandler</name>
         <value>0xca73</value>
      </symbol>
      <symbol id="sm-cb8">
         <name>PORT3_IRQHandler</name>
         <value>0xca73</value>
      </symbol>
      <symbol id="sm-cb9">
         <name>PORT4_IRQHandler</name>
         <value>0xca73</value>
      </symbol>
      <symbol id="sm-cba">
         <name>PORT5_IRQHandler</name>
         <value>0xca73</value>
      </symbol>
      <symbol id="sm-cbb">
         <name>PORT6_IRQHandler</name>
         <value>0xca73</value>
      </symbol>
   </symbol_table>
   <title>Link successful</title>
</link_info>
